Archive member included to satisfy reference by file (symbol)

E:/gcc-arm-none-eabi-10.3-2021.10/bin/../lib/gcc/arm-none-eabi/13.3.1/thumb/v7e-m+fp/hard\libgcc.a(_arm_muldf3.o)
                              CMakeFiles/FreeRTOS.elf.dir/Drivers/CMSIS/DSP/Source/FilteringFunctions/arm_biquad_cascade_df2T_f64.c.obj (__aeabi_dmul)
E:/gcc-arm-none-eabi-10.3-2021.10/bin/../lib/gcc/arm-none-eabi/13.3.1/thumb/v7e-m+fp/hard\libgcc.a(_arm_addsubdf3.o)
                              CMakeFiles/FreeRTOS.elf.dir/Drivers/CMSIS/DSP/Source/MatrixFunctions/arm_mat_inverse_f64.c.obj (__aeabi_dsub)
E:/gcc-arm-none-eabi-10.3-2021.10/bin/../lib/gcc/arm-none-eabi/13.3.1/thumb/v7e-m+fp/hard\libgcc.a(_arm_muldivdf3.o)
                              CMakeFiles/FreeRTOS.elf.dir/BSP/Src/bsp_dwt.c.obj (__aeabi_ddiv)
E:/gcc-arm-none-eabi-10.3-2021.10/bin/../lib/gcc/arm-none-eabi/13.3.1/thumb/v7e-m+fp/hard\libgcc.a(_arm_cmpdf2.o)
                              CMakeFiles/FreeRTOS.elf.dir/Drivers/CMSIS/DSP/Source/MatrixFunctions/arm_mat_inverse_f64.c.obj (__aeabi_dcmpeq)
E:/gcc-arm-none-eabi-10.3-2021.10/bin/../lib/gcc/arm-none-eabi/13.3.1/thumb/v7e-m+fp/hard\libgcc.a(_arm_truncdfsf2.o)
                              CMakeFiles/FreeRTOS.elf.dir/Driver/BMI088/Src/controller.c.obj (__aeabi_d2f)
E:/gcc-arm-none-eabi-10.3-2021.10/bin/../lib/gcc/arm-none-eabi/13.3.1/thumb/v7e-m+fp/hard\libgcc.a(_aeabi_ldivmod.o)
                              CMakeFiles/FreeRTOS.elf.dir/Drivers/CMSIS/DSP/Source/StatisticsFunctions/arm_mean_q31.c.obj (__aeabi_ldivmod)
E:/gcc-arm-none-eabi-10.3-2021.10/bin/../lib/gcc/arm-none-eabi/13.3.1/thumb/v7e-m+fp/hard\libgcc.a(_aeabi_uldivmod.o)
                              CMakeFiles/FreeRTOS.elf.dir/BSP/Src/bsp_dwt.c.obj (__aeabi_uldivmod)
E:/gcc-arm-none-eabi-10.3-2021.10/bin/../lib/gcc/arm-none-eabi/13.3.1/thumb/v7e-m+fp/hard\libgcc.a(_fixsfdi.o)
                              CMakeFiles/FreeRTOS.elf.dir/Drivers/CMSIS/DSP/Source/SupportFunctions/arm_float_to_q31.c.obj (__aeabi_f2lz)
E:/gcc-arm-none-eabi-10.3-2021.10/bin/../lib/gcc/arm-none-eabi/13.3.1/thumb/v7e-m+fp/hard\libgcc.a(_fixunssfdi.o)
                              E:/gcc-arm-none-eabi-10.3-2021.10/bin/../lib/gcc/arm-none-eabi/13.3.1/thumb/v7e-m+fp/hard\libgcc.a(_fixsfdi.o) (__aeabi_f2ulz)
E:/gcc-arm-none-eabi-10.3-2021.10/bin/../lib/gcc/arm-none-eabi/13.3.1/thumb/v7e-m+fp/hard\libgcc.a(_udivmoddi4.o)
                              E:/gcc-arm-none-eabi-10.3-2021.10/bin/../lib/gcc/arm-none-eabi/13.3.1/thumb/v7e-m+fp/hard\libgcc.a(_aeabi_ldivmod.o) (__udivmoddi4)
E:/gcc-arm-none-eabi-10.3-2021.10/bin/../lib/gcc/arm-none-eabi/13.3.1/thumb/v7e-m+fp/hard\libgcc.a(_dvmd_tls.o)
                              E:/gcc-arm-none-eabi-10.3-2021.10/bin/../lib/gcc/arm-none-eabi/13.3.1/thumb/v7e-m+fp/hard\libgcc.a(_aeabi_ldivmod.o) (__aeabi_ldiv0)
E:/gcc-arm-none-eabi-10.3-2021.10/bin/../lib/gcc/arm-none-eabi/13.3.1/thumb/v7e-m+fp/hard\libgcc.a(_arm_fixunsdfsi.o)
                              E:/gcc-arm-none-eabi-10.3-2021.10/bin/../lib/gcc/arm-none-eabi/13.3.1/thumb/v7e-m+fp/hard\libgcc.a(_fixunssfdi.o) (__aeabi_d2uiz)
E:/gcc-arm-none-eabi-10.3-2021.10/bin/../lib/gcc/arm-none-eabi/13.3.1/thumb/v7e-m+fp/hard\libg.a(libc_a-exit.o)
                              E:/gcc-arm-none-eabi-10.3-2021.10/bin/../lib/gcc/arm-none-eabi/13.3.1/thumb/v7e-m+fp/hard/crt0.o (exit)
E:/gcc-arm-none-eabi-10.3-2021.10/bin/../lib/gcc/arm-none-eabi/13.3.1/thumb/v7e-m+fp/hard\libg.a(libc_a-malloc.o)
                              CMakeFiles/FreeRTOS.elf.dir/Driver/BMI088/Src/kalman_filter.c.obj (malloc)
E:/gcc-arm-none-eabi-10.3-2021.10/bin/../lib/gcc/arm-none-eabi/13.3.1/thumb/v7e-m+fp/hard\libg.a(libc_a-mallocr.o)
                              E:/gcc-arm-none-eabi-10.3-2021.10/bin/../lib/gcc/arm-none-eabi/13.3.1/thumb/v7e-m+fp/hard\libg.a(libc_a-malloc.o) (_malloc_r)
E:/gcc-arm-none-eabi-10.3-2021.10/bin/../lib/gcc/arm-none-eabi/13.3.1/thumb/v7e-m+fp/hard\libg.a(libc_a-mlock.o)
                              E:/gcc-arm-none-eabi-10.3-2021.10/bin/../lib/gcc/arm-none-eabi/13.3.1/thumb/v7e-m+fp/hard\libg.a(libc_a-mallocr.o) (__malloc_lock)
E:/gcc-arm-none-eabi-10.3-2021.10/bin/../lib/gcc/arm-none-eabi/13.3.1/thumb/v7e-m+fp/hard\libg.a(libc_a-findfp.o)
                              CMakeFiles/FreeRTOS.elf.dir/Middlewares/Third_Party/FreeRTOS/Source/tasks.c.obj (__sf)
E:/gcc-arm-none-eabi-10.3-2021.10/bin/../lib/gcc/arm-none-eabi/13.3.1/thumb/v7e-m+fp/hard\libg.a(libc_a-fwalk.o)
                              E:/gcc-arm-none-eabi-10.3-2021.10/bin/../lib/gcc/arm-none-eabi/13.3.1/thumb/v7e-m+fp/hard\libg.a(libc_a-findfp.o) (_fwalk_sglue)
E:/gcc-arm-none-eabi-10.3-2021.10/bin/../lib/gcc/arm-none-eabi/13.3.1/thumb/v7e-m+fp/hard\libg.a(libc_a-stdio.o)
                              E:/gcc-arm-none-eabi-10.3-2021.10/bin/../lib/gcc/arm-none-eabi/13.3.1/thumb/v7e-m+fp/hard\libg.a(libc_a-findfp.o) (__sread)
E:/gcc-arm-none-eabi-10.3-2021.10/bin/../lib/gcc/arm-none-eabi/13.3.1/thumb/v7e-m+fp/hard\libg.a(libc_a-memset.o)
[...]
Memory Configuration

Name             Origin             Length             Attributes
CCMRAM           0x10000000         0x00010000         xrw
RAM              0x20000000         0x00020000         xrw
FLASH            0x08000000         0x00100000         xr
*default*        0x00000000         0xffffffff

Linker script and memory map

LOAD E:/gcc-arm-none-eabi-10.3-2021.10/bin/../lib/gcc/arm-none-eabi/13.3.1/thumb/v7e-m+fp/hard/crti.o
LOAD E:/gcc-arm-none-eabi-10.3-2021.10/bin/../lib/gcc/arm-none-eabi/13.3.1/thumb/v7e-m+fp/hard/crtbegin.o
LOAD E:/gcc-arm-none-eabi-10.3-2021.10/bin/../lib/gcc/arm-none-eabi/13.3.1/thumb/v7e-m+fp/hard/crt0.o
LOAD CMakeFiles/FreeRTOS.elf.dir/BSP/Src/bsp_PWM.c.obj
LOAD CMakeFiles/FreeRTOS.elf.dir/BSP/Src/bsp_dwt.c.obj
LOAD CMakeFiles/FreeRTOS.elf.dir/Core/Src/dma.c.obj
LOAD CMakeFiles/FreeRTOS.elf.dir/Core/Src/freertos.c.obj
LOAD CMakeFiles/FreeRTOS.elf.dir/Core/Src/gpio.c.obj
LOAD CMakeFiles/FreeRTOS.elf.dir/Core/Src/main.c.obj
LOAD CMakeFiles/FreeRTOS.elf.dir/Core/Src/spi.c.obj
LOAD CMakeFiles/FreeRTOS.elf.dir/Core/Src/stm32f4xx_hal_msp.c.obj
LOAD CMakeFiles/FreeRTOS.elf.dir/Core/Src/stm32f4xx_hal_timebase_tim.c.obj
LOAD CMakeFiles/FreeRTOS.elf.dir/Core/Src/stm32f4xx_it.c.obj
LOAD CMakeFiles/FreeRTOS.elf.dir/Core/Src/syscalls.c.obj
LOAD CMakeFiles/FreeRTOS.elf.dir/Core/Src/sysmem.c.obj
LOAD CMakeFiles/FreeRTOS.elf.dir/Core/Src/system_stm32f4xx.c.obj
LOAD CMakeFiles/FreeRTOS.elf.dir/Core/Src/tim.c.obj
LOAD CMakeFiles/FreeRTOS.elf.dir/Core/Startup/startup_stm32f407ighx.s.obj
LOAD CMakeFiles/FreeRTOS.elf.dir/Driver/BMI088/Src/BMI088Middleware.c.obj
LOAD CMakeFiles/FreeRTOS.elf.dir/Driver/BMI088/Src/BMI088driver.c.obj
LOAD CMakeFiles/FreeRTOS.elf.dir/Driver/BMI088/Src/QuaternionEKF.c.obj
LOAD CMakeFiles/FreeRTOS.elf.dir/Driver/BMI088/Src/controller.c.obj
LOAD CMakeFiles/FreeRTOS.elf.dir/Driver/BMI088/Src/kalman_filter.c.obj
LOAD CMakeFiles/FreeRTOS.elf.dir/Driver/BMI088/Src/user_lib.c.obj
LOAD CMakeFiles/FreeRTOS.elf.dir/Drivers/CMSIS/DSP/Source/BasicMathFunctions/arm_abs_f32.c.obj
LOAD CMakeFiles/FreeRTOS.elf.dir/Drivers/CMSIS/DSP/Source/BasicMathFunctions/arm_abs_q15.c.obj
LOAD CMakeFiles/FreeRTOS.elf.dir/Drivers/CMSIS/DSP/Source/BasicMathFunctions/arm_abs_q31.c.obj
LOAD CMakeFiles/FreeRTOS.elf.dir/Drivers/CMSIS/DSP/Source/BasicMathFunctions/arm_abs_q7.c.obj
LOAD CMakeFiles/FreeRTOS.elf.dir/Drivers/CMSIS/DSP/Source/BasicMathFunctions/arm_add_f32.c.obj
LOAD CMakeFiles/FreeRTOS.elf.dir/Drivers/CMSIS/DSP/Source/BasicMathFunctions/arm_add_q15.c.obj
LOAD CMakeFiles/FreeRTOS.elf.dir/Drivers/CMSIS/DSP/Source/BasicMathFunctions/arm_add_q31.c.obj
LOAD CMakeFiles/FreeRTOS.elf.dir/Drivers/CMSIS/DSP/Source/BasicMathFunctions/arm_add_q7.c.obj
LOAD CMakeFiles/FreeRTOS.elf.dir/Drivers/CMSIS/DSP/Source/BasicMathFunctions/arm_dot_prod_f32.c.obj
LOAD CMakeFiles/FreeRTOS.elf.dir/Drivers/CMSIS/DSP/Source/BasicMathFunctions/arm_dot_prod_q15.c.obj
LOAD CMakeFiles/FreeRTOS.elf.dir/Drivers/CMSIS/DSP/Source/BasicMathFunctions/arm_dot_prod_q31.c.obj
LOAD CMakeFiles/FreeRTOS.elf.dir/Drivers/CMSIS/DSP/Source/BasicMathFunctions/arm_dot_prod_q7.c.obj
LOAD CMakeFiles/FreeRTOS.elf.dir/Drivers/CMSIS/DSP/Source/BasicMathFunctions/arm_mult_f32.c.obj
LOAD CMakeFiles/FreeRTOS.elf.dir/Drivers/CMSIS/DSP/Source/BasicMathFunctions/arm_mult_q15.c.obj
LOAD CMakeFiles/FreeRTOS.elf.dir/Drivers/CMSIS/DSP/Source/BasicMathFunctions/arm_mult_q31.c.obj
LOAD CMakeFiles/FreeRTOS.elf.dir/Drivers/CMSIS/DSP/Source/BasicMathFunctions/arm_mult_q7.c.obj
LOAD CMakeFiles/FreeRTOS.elf.dir/Drivers/CMSIS/DSP/Source/BasicMathFunctions/arm_negate_f32.c.obj
LOAD CMakeFiles/FreeRTOS.elf.dir/Drivers/CMSIS/DSP/Source/BasicMathFunctions/arm_negate_q15.c.obj
LOAD CMakeFiles/FreeRTOS.elf.dir/Drivers/CMSIS/DSP/Source/BasicMathFunctions/arm_negate_q31.c.obj
LOAD CMakeFiles/FreeRTOS.elf.dir/Drivers/CMSIS/DSP/Source/BasicMathFunctions/arm_negate_q7.c.obj
LOAD CMakeFiles/FreeRTOS.elf.dir/Drivers/CMSIS/DSP/Source/BasicMathFunctions/arm_offset_f32.c.obj
LOAD CMakeFiles/FreeRTOS.elf.dir/Drivers/CMSIS/DSP/Source/BasicMathFunctions/arm_offset_q15.c.obj
LOAD CMakeFiles/FreeRTOS.elf.dir/Drivers/CMSIS/DSP/Source/BasicMathFunctions/arm_offset_q31.c.obj
LOAD CMakeFiles/FreeRTOS.elf.dir/Drivers/CMSIS/DSP/Source/BasicMathFunctions/arm_offset_q7.c.obj
LOAD CMakeFiles/FreeRTOS.elf.dir/Drivers/CMSIS/DSP/Source/BasicMathFunctions/arm_scale_f32.c.obj
LOAD CMakeFiles/FreeRTOS.elf.dir/Drivers/CMSIS/DSP/Source/BasicMathFunctions/arm_scale_q15.c.obj
LOAD CMakeFiles/FreeRTOS.elf.dir/Drivers/CMSIS/DSP/Source/BasicMathFunctions/arm_scale_q31.c.obj
LOAD CMakeFiles/FreeRTOS.elf.dir/Drivers/CMSIS/DSP/Source/BasicMathFunctions/arm_scale_q7.c.obj
LOAD CMakeFiles/FreeRTOS.elf.dir/Drivers/CMSIS/DSP/Source/BasicMathFunctions/arm_shift_q15.c.obj
LOAD CMakeFiles/FreeRTOS.elf.dir/Drivers/CMSIS/DSP/Source/BasicMathFunctions/arm_shift_q31.c.obj
LOAD CMakeFiles/FreeRTOS.elf.dir/Drivers/CMSIS/DSP/Source/BasicMathFunctions/arm_shift_q7.c.obj
LOAD CMakeFiles/FreeRTOS.elf.dir/Drivers/CMSIS/DSP/Source/BasicMathFunctions/arm_sub_f32.c.obj
LOAD CMakeFiles/FreeRTOS.elf.dir/Drivers/CMSIS/DSP/Source/BasicMathFunctions/arm_sub_q15.c.obj
LOAD CMakeFiles/FreeRTOS.elf.dir/Drivers/CMSIS/DSP/Source/BasicMathFunctions/arm_sub_q31.c.obj
LOAD CMakeFiles/FreeRTOS.elf.dir/Drivers/CMSIS/DSP/Source/BasicMathFunctions/arm_sub_q7.c.obj
LOAD CMakeFiles/FreeRTOS.elf.dir/Drivers/CMSIS/DSP/Source/CommonTables/arm_common_tables.c.obj
LOAD CMakeFiles/FreeRTOS.elf.dir/Drivers/CMSIS/DSP/Source/CommonTables/arm_const_structs.c.obj
LOAD CMakeFiles/FreeRTOS.elf.dir/Drivers/CMSIS/DSP/Source/ComplexMathFunctions/arm_cmplx_conj_f32.c.obj
LOAD CMakeFiles/FreeRTOS.elf.dir/Drivers/CMSIS/DSP/Source/ComplexMathFunctions/arm_cmplx_conj_q15.c.obj
LOAD CMakeFiles/FreeRTOS.elf.dir/Drivers/CMSIS/DSP/Source/ComplexMathFunctions/arm_cmplx_conj_q31.c.obj
LOAD CMakeFiles/FreeRTOS.elf.dir/Drivers/CMSIS/DSP/Source/ComplexMathFunctions/arm_cmplx_dot_prod_f32.c.obj
LOAD CMakeFiles/FreeRTOS.elf.dir/Drivers/CMSIS/DSP/Source/ComplexMathFunctions/arm_cmplx_dot_prod_q15.c.obj
LOAD CMakeFiles/FreeRTOS.elf.dir/Drivers/CMSIS/DSP/Source/ComplexMathFunctions/arm_cmplx_dot_prod_q31.c.obj
LOAD CMakeFiles/FreeRTOS.elf.dir/Drivers/CMSIS/DSP/Source/ComplexMathFunctions/arm_cmplx_mag_f32.c.obj
LOAD CMakeFiles/FreeRTOS.elf.dir/Drivers/CMSIS/DSP/Source/ComplexMathFunctions/arm_cmplx_mag_q15.c.obj
LOAD CMakeFiles/FreeRTOS.elf.dir/Drivers/CMSIS/DSP/Source/ComplexMathFunctions/arm_cmplx_mag_q31.c.obj
LOAD CMakeFiles/FreeRTOS.elf.dir/Drivers/CMSIS/DSP/Source/ComplexMathFunctions/arm_cmplx_mag_squared_f32.c.obj
LOAD CMakeFiles/FreeRTOS.elf.dir/Drivers/CMSIS/DSP/Source/ComplexMathFunctions/arm_cmplx_mag_squared_q15.c.obj
LOAD CMakeFiles/FreeRTOS.elf.dir/Drivers/CMSIS/DSP/Source/ComplexMathFunctions/arm_cmplx_mag_squared_q31.c.obj
LOAD CMakeFiles/FreeRTOS.elf.dir/Drivers/CMSIS/DSP/Source/ComplexMathFunctions/arm_cmplx_mult_cmplx_f32.c.obj
LOAD CMakeFiles/FreeRTOS.elf.dir/Drivers/CMSIS/DSP/Source/ComplexMathFunctions/arm_cmplx_mult_cmplx_q15.c.obj
LOAD CMakeFiles/FreeRTOS.elf.dir/Drivers/CMSIS/DSP/Source/ComplexMathFunctions/arm_cmplx_mult_cmplx_q31.c.obj
LOAD CMakeFiles/FreeRTOS.elf.dir/Drivers/CMSIS/DSP/Source/ComplexMathFunctions/arm_cmplx_mult_real_f32.c.obj
LOAD CMakeFiles/FreeRTOS.elf.dir/Drivers/CMSIS/DSP/Source/ComplexMathFunctions/arm_cmplx_mult_real_q15.c.obj
LOAD CMakeFiles/FreeRTOS.elf.dir/Drivers/CMSIS/DSP/Source/ComplexMathFunctions/arm_cmplx_mult_real_q31.c.obj
LOAD CMakeFiles/FreeRTOS.elf.dir/Drivers/CMSIS/DSP/Source/ControllerFunctions/arm_pid_init_f32.c.obj
LOAD CMakeFiles/FreeRTOS.elf.dir/Drivers/CMSIS/DSP/Source/ControllerFunctions/arm_pid_init_q15.c.obj
LOAD CMakeFiles/FreeRTOS.elf.dir/Drivers/CMSIS/DSP/Source/ControllerFunctions/arm_pid_init_q31.c.obj
LOAD CMakeFiles/FreeRTOS.elf.dir/Drivers/CMSIS/DSP/Source/ControllerFunctions/arm_pid_reset_f32.c.obj
LOAD CMakeFiles/FreeRTOS.elf.dir/Drivers/CMSIS/DSP/Source/ControllerFunctions/arm_pid_reset_q15.c.obj
LOAD CMakeFiles/FreeRTOS.elf.dir/Drivers/CMSIS/DSP/Source/ControllerFunctions/arm_pid_reset_q31.c.obj
LOAD CMakeFiles/FreeRTOS.elf.dir/Drivers/CMSIS/DSP/Source/ControllerFunctions/arm_sin_cos_f32.c.obj
LOAD CMakeFiles/FreeRTOS.elf.dir/Drivers/CMSIS/DSP/Source/ControllerFunctions/arm_sin_cos_q31.c.obj
LOAD CMakeFiles/FreeRTOS.elf.dir/Drivers/CMSIS/DSP/Source/FastMathFunctions/arm_cos_f32.c.obj
LOAD CMakeFiles/FreeRTOS.elf.dir/Drivers/CMSIS/DSP/Source/FastMathFunctions/arm_cos_q15.c.obj
LOAD CMakeFiles/FreeRTOS.elf.dir/Drivers/CMSIS/DSP/Source/FastMathFunctions/arm_cos_q31.c.obj
LOAD CMakeFiles/FreeRTOS.elf.dir/Drivers/CMSIS/DSP/Source/FastMathFunctions/arm_sin_f32.c.obj
LOAD CMakeFiles/FreeRTOS.elf.dir/Drivers/CMSIS/DSP/Source/FastMathFunctions/arm_sin_q15.c.obj
LOAD CMakeFiles/FreeRTOS.elf.dir/Drivers/CMSIS/DSP/Source/FastMathFunctions/arm_sin_q31.c.obj
LOAD CMakeFiles/FreeRTOS.elf.dir/Drivers/CMSIS/DSP/Source/FastMathFunctions/arm_sqrt_q15.c.obj
LOAD CMakeFiles/FreeRTOS.elf.dir/Drivers/CMSIS/DSP/Source/FastMathFunctions/arm_sqrt_q31.c.obj
LOAD CMakeFiles/FreeRTOS.elf.dir/Drivers/CMSIS/DSP/Source/FilteringFunctions/arm_biquad_cascade_df1_32x64_init_q31.c.obj
LOAD CMakeFiles/FreeRTOS.elf.dir/Drivers/CMSIS/DSP/Source/FilteringFunctions/arm_biquad_cascade_df1_32x64_q31.c.obj
LOAD CMakeFiles/FreeRTOS.elf.dir/Drivers/CMSIS/DSP/Source/FilteringFunctions/arm_biquad_cascade_df1_f32.c.obj
LOAD CMakeFiles/FreeRTOS.elf.dir/Drivers/CMSIS/DSP/Source/FilteringFunctions/arm_biquad_cascade_df1_fast_q15.c.obj
LOAD CMakeFiles/FreeRTOS.elf.dir/Drivers/CMSIS/DSP/Source/FilteringFunctions/arm_biquad_cascade_df1_fast_q31.c.obj
LOAD CMakeFiles/FreeRTOS.elf.dir/Drivers/CMSIS/DSP/Source/FilteringFunctions/arm_biquad_cascade_df1_init_f32.c.obj
LOAD CMakeFiles/FreeRTOS.elf.dir/Drivers/CMSIS/DSP/Source/FilteringFunctions/arm_biquad_cascade_df1_init_q15.c.obj
LOAD CMakeFiles/FreeRTOS.elf.dir/Drivers/CMSIS/DSP/Source/FilteringFunctions/arm_biquad_cascade_df1_init_q31.c.obj
LOAD CMakeFiles/FreeRTOS.elf.dir/Drivers/CMSIS/DSP/Source/FilteringFunctions/arm_biquad_cascade_df1_q15.c.obj
LOAD CMakeFiles/FreeRTOS.elf.dir/Drivers/CMSIS/DSP/Source/FilteringFunctions/arm_biquad_cascade_df1_q31.c.obj
LOAD CMakeFiles/FreeRTOS.elf.dir/Drivers/CMSIS/DSP/Source/FilteringFunctions/arm_biquad_cascade_df2T_f32.c.obj
LOAD CMakeFiles/FreeRTOS.elf.dir/Drivers/CMSIS/DSP/Source/FilteringFunctions/arm_biquad_cascade_df2T_f64.c.obj
LOAD CMakeFiles/FreeRTOS.elf.dir/Drivers/CMSIS/DSP/Source/FilteringFunctions/arm_biquad_cascade_df2T_init_f32.c.obj
LOAD CMakeFiles/FreeRTOS.elf.dir/Drivers/CMSIS/DSP/Source/FilteringFunctions/arm_biquad_cascade_df2T_init_f64.c.obj
LOAD CMakeFiles/FreeRTOS.elf.dir/Drivers/CMSIS/DSP/Source/FilteringFunctions/arm_biquad_cascade_stereo_df2T_f32.c.obj
LOAD CMakeFiles/FreeRTOS.elf.dir/Drivers/CMSIS/DSP/Source/FilteringFunctions/arm_biquad_cascade_stereo_df2T_init_f32.c.obj
LOAD CMakeFiles/FreeRTOS.elf.dir/Drivers/CMSIS/DSP/Source/FilteringFunctions/arm_conv_f32.c.obj
LOAD CMakeFiles/FreeRTOS.elf.dir/Drivers/CMSIS/DSP/Source/FilteringFunctions/arm_conv_fast_opt_q15.c.obj
LOAD CMakeFiles/FreeRTOS.elf.dir/Drivers/CMSIS/DSP/Source/FilteringFunctions/arm_conv_fast_q15.c.obj
LOAD CMakeFiles/FreeRTOS.elf.dir/Drivers/CMSIS/DSP/Source/FilteringFunctions/arm_conv_fast_q31.c.obj
LOAD CMakeFiles/FreeRTOS.elf.dir/Drivers/CMSIS/DSP/Source/FilteringFunctions/arm_conv_opt_q15.c.obj
LOAD CMakeFiles/FreeRTOS.elf.dir/Drivers/CMSIS/DSP/Source/FilteringFunctions/arm_conv_opt_q7.c.obj
LOAD CMakeFiles/FreeRTOS.elf.dir/Drivers/CMSIS/DSP/Source/FilteringFunctions/arm_conv_partial_f32.c.obj
LOAD CMakeFiles/FreeRTOS.elf.dir/Drivers/CMSIS/DSP/Source/FilteringFunctions/arm_conv_partial_fast_opt_q15.c.obj
LOAD CMakeFiles/FreeRTOS.elf.dir/Drivers/CMSIS/DSP/Source/FilteringFunctions/arm_conv_partial_fast_q15.c.obj
LOAD CMakeFiles/FreeRTOS.elf.dir/Drivers/CMSIS/DSP/Source/FilteringFunctions/arm_conv_partial_fast_q31.c.obj
LOAD CMakeFiles/FreeRTOS.elf.dir/Drivers/CMSIS/DSP/Source/FilteringFunctions/arm_conv_partial_opt_q15.c.obj
LOAD CMakeFiles/FreeRTOS.elf.dir/Drivers/CMSIS/DSP/Source/FilteringFunctions/arm_conv_partial_opt_q7.c.obj
LOAD CMakeFiles/FreeRTOS.elf.dir/Drivers/CMSIS/DSP/Source/FilteringFunctions/arm_conv_partial_q15.c.obj
LOAD CMakeFiles/FreeRTOS.elf.dir/Drivers/CMSIS/DSP/Source/FilteringFunctions/arm_conv_partial_q31.c.obj
LOAD CMakeFiles/FreeRTOS.elf.dir/Drivers/CMSIS/DSP/Source/FilteringFunctions/arm_conv_partial_q7.c.obj
LOAD CMakeFiles/FreeRTOS.elf.dir/Drivers/CMSIS/DSP/Source/FilteringFunctions/arm_conv_q15.c.obj
LOAD CMakeFiles/FreeRTOS.elf.dir/Drivers/CMSIS/DSP/Source/FilteringFunctions/arm_conv_q31.c.obj
LOAD CMakeFiles/FreeRTOS.elf.dir/Drivers/CMSIS/DSP/Source/FilteringFunctions/arm_conv_q7.c.obj
LOAD CMakeFiles/FreeRTOS.elf.dir/Drivers/CMSIS/DSP/Source/FilteringFunctions/arm_correlate_f32.c.obj
LOAD CMakeFiles/FreeRTOS.elf.dir/Drivers/CMSIS/DSP/Source/FilteringFunctions/arm_correlate_fast_opt_q15.c.obj
LOAD CMakeFiles/FreeRTOS.elf.dir/Drivers/CMSIS/DSP/Source/FilteringFunctions/arm_correlate_fast_q15.c.obj
LOAD CMakeFiles/FreeRTOS.elf.dir/Drivers/CMSIS/DSP/Source/FilteringFunctions/arm_correlate_fast_q31.c.obj
LOAD CMakeFiles/FreeRTOS.elf.dir/Drivers/CMSIS/DSP/Source/FilteringFunctions/arm_correlate_opt_q15.c.obj
LOAD CMakeFiles/FreeRTOS.elf.dir/Drivers/CMSIS/DSP/Source/FilteringFunctions/arm_correlate_opt_q7.c.obj
LOAD CMakeFiles/FreeRTOS.elf.dir/Drivers/CMSIS/DSP/Source/FilteringFunctions/arm_correlate_q15.c.obj
LOAD CMakeFiles/FreeRTOS.elf.dir/Drivers/CMSIS/DSP/Source/FilteringFunctions/arm_correlate_q31.c.obj
LOAD CMakeFiles/FreeRTOS.elf.dir/Drivers/CMSIS/DSP/Source/FilteringFunctions/arm_correlate_q7.c.obj
LOAD CMakeFiles/FreeRTOS.elf.dir/Drivers/CMSIS/DSP/Source/FilteringFunctions/arm_fir_decimate_f32.c.obj
LOAD CMakeFiles/FreeRTOS.elf.dir/Drivers/CMSIS/DSP/Source/FilteringFunctions/arm_fir_decimate_fast_q15.c.obj
LOAD CMakeFiles/FreeRTOS.elf.dir/Drivers/CMSIS/DSP/Source/FilteringFunctions/arm_fir_decimate_fast_q31.c.obj
LOAD CMakeFiles/FreeRTOS.elf.dir/Drivers/CMSIS/DSP/Source/FilteringFunctions/arm_fir_decimate_init_f32.c.obj
LOAD CMakeFiles/FreeRTOS.elf.dir/Drivers/CMSIS/DSP/Source/FilteringFunctions/arm_fir_decimate_init_q15.c.obj
LOAD CMakeFiles/FreeRTOS.elf.dir/Drivers/CMSIS/DSP/Source/FilteringFunctions/arm_fir_decimate_init_q31.c.obj
LOAD CMakeFiles/FreeRTOS.elf.dir/Drivers/CMSIS/DSP/Source/FilteringFunctions/arm_fir_decimate_q15.c.obj
LOAD CMakeFiles/FreeRTOS.elf.dir/Drivers/CMSIS/DSP/Source/FilteringFunctions/arm_fir_decimate_q31.c.obj
LOAD CMakeFiles/FreeRTOS.elf.dir/Drivers/CMSIS/DSP/Source/FilteringFunctions/arm_fir_f32.c.obj
LOAD CMakeFiles/FreeRTOS.elf.dir/Drivers/CMSIS/DSP/Source/FilteringFunctions/arm_fir_fast_q15.c.obj
LOAD CMakeFiles/FreeRTOS.elf.dir/Drivers/CMSIS/DSP/Source/FilteringFunctions/arm_fir_fast_q31.c.obj
LOAD CMakeFiles/FreeRTOS.elf.dir/Drivers/CMSIS/DSP/Source/FilteringFunctions/arm_fir_init_f32.c.obj
LOAD CMakeFiles/FreeRTOS.elf.dir/Drivers/CMSIS/DSP/Source/FilteringFunctions/arm_fir_init_q15.c.obj
LOAD CMakeFiles/FreeRTOS.elf.dir/Drivers/CMSIS/DSP/Source/FilteringFunctions/arm_fir_init_q31.c.obj
LOAD CMakeFiles/FreeRTOS.elf.dir/Drivers/CMSIS/DSP/Source/FilteringFunctions/arm_fir_init_q7.c.obj
LOAD CMakeFiles/FreeRTOS.elf.dir/Drivers/CMSIS/DSP/Source/FilteringFunctions/arm_fir_interpolate_f32.c.obj
LOAD CMakeFiles/FreeRTOS.elf.dir/Drivers/CMSIS/DSP/Source/FilteringFunctions/arm_fir_interpolate_init_f32.c.obj
LOAD CMakeFiles/FreeRTOS.elf.dir/Drivers/CMSIS/DSP/Source/FilteringFunctions/arm_fir_interpolate_init_q15.c.obj
LOAD CMakeFiles/FreeRTOS.elf.dir/Drivers/CMSIS/DSP/Source/FilteringFunctions/arm_fir_interpolate_init_q31.c.obj
LOAD CMakeFiles/FreeRTOS.elf.dir/Drivers/CMSIS/DSP/Source/FilteringFunctions/arm_fir_interpolate_q15.c.obj
LOAD CMakeFiles/FreeRTOS.elf.dir/Drivers/CMSIS/DSP/Source/FilteringFunctions/arm_fir_interpolate_q31.c.obj
LOAD CMakeFiles/FreeRTOS.elf.dir/Drivers/CMSIS/DSP/Source/FilteringFunctions/arm_fir_lattice_f32.c.obj
LOAD CMakeFiles/FreeRTOS.elf.dir/Drivers/CMSIS/DSP/Source/FilteringFunctions/arm_fir_lattice_init_f32.c.obj
LOAD CMakeFiles/FreeRTOS.elf.dir/Drivers/CMSIS/DSP/Source/FilteringFunctions/arm_fir_lattice_init_q15.c.obj
LOAD CMakeFiles/FreeRTOS.elf.dir/Drivers/CMSIS/DSP/Source/FilteringFunctions/arm_fir_lattice_init_q31.c.obj
LOAD CMakeFiles/FreeRTOS.elf.dir/Drivers/CMSIS/DSP/Source/FilteringFunctions/arm_fir_lattice_q15.c.obj
LOAD CMakeFiles/FreeRTOS.elf.dir/Drivers/CMSIS/DSP/Source/FilteringFunctions/arm_fir_lattice_q31.c.obj
LOAD CMakeFiles/FreeRTOS.elf.dir/Drivers/CMSIS/DSP/Source/FilteringFunctions/arm_fir_q15.c.obj
LOAD CMakeFiles/FreeRTOS.elf.dir/Drivers/CMSIS/DSP/Source/FilteringFunctions/arm_fir_q31.c.obj
LOAD CMakeFiles/FreeRTOS.elf.dir/Drivers/CMSIS/DSP/Source/FilteringFunctions/arm_fir_q7.c.obj
LOAD CMakeFiles/FreeRTOS.elf.dir/Drivers/CMSIS/DSP/Source/FilteringFunctions/arm_fir_sparse_f32.c.obj
LOAD CMakeFiles/FreeRTOS.elf.dir/Drivers/CMSIS/DSP/Source/FilteringFunctions/arm_fir_sparse_init_f32.c.obj
LOAD CMakeFiles/FreeRTOS.elf.dir/Drivers/CMSIS/DSP/Source/FilteringFunctions/arm_fir_sparse_init_q15.c.obj
LOAD CMakeFiles/FreeRTOS.elf.dir/Drivers/CMSIS/DSP/Source/FilteringFunctions/arm_fir_sparse_init_q31.c.obj
LOAD CMakeFiles/FreeRTOS.elf.dir/Drivers/CMSIS/DSP/Source/FilteringFunctions/arm_fir_sparse_init_q7.c.obj
LOAD CMakeFiles/FreeRTOS.elf.dir/Drivers/CMSIS/DSP/Source/FilteringFunctions/arm_fir_sparse_q15.c.obj
LOAD CMakeFiles/FreeRTOS.elf.dir/Drivers/CMSIS/DSP/Source/FilteringFunctions/arm_fir_sparse_q31.c.obj
LOAD CMakeFiles/FreeRTOS.elf.dir/Drivers/CMSIS/DSP/Source/FilteringFunctions/arm_fir_sparse_q7.c.obj
LOAD CMakeFiles/FreeRTOS.elf.dir/Drivers/CMSIS/DSP/Source/FilteringFunctions/arm_iir_lattice_f32.c.obj
LOAD CMakeFiles/FreeRTOS.elf.dir/Drivers/CMSIS/DSP/Source/FilteringFunctions/arm_iir_lattice_init_f32.c.obj
LOAD CMakeFiles/FreeRTOS.elf.dir/Drivers/CMSIS/DSP/Source/FilteringFunctions/arm_iir_lattice_init_q15.c.obj
LOAD CMakeFiles/FreeRTOS.elf.dir/Drivers/CMSIS/DSP/Source/FilteringFunctions/arm_iir_lattice_init_q31.c.obj
LOAD CMakeFiles/FreeRTOS.elf.dir/Drivers/CMSIS/DSP/Source/FilteringFunctions/arm_iir_lattice_q15.c.obj
LOAD CMakeFiles/FreeRTOS.elf.dir/Drivers/CMSIS/DSP/Source/FilteringFunctions/arm_iir_lattice_q31.c.obj
LOAD CMakeFiles/FreeRTOS.elf.dir/Drivers/CMSIS/DSP/Source/FilteringFunctions/arm_lms_f32.c.obj
LOAD CMakeFiles/FreeRTOS.elf.dir/Drivers/CMSIS/DSP/Source/FilteringFunctions/arm_lms_init_f32.c.obj
LOAD CMakeFiles/FreeRTOS.elf.dir/Drivers/CMSIS/DSP/Source/FilteringFunctions/arm_lms_init_q15.c.obj
LOAD CMakeFiles/FreeRTOS.elf.dir/Drivers/CMSIS/DSP/Source/FilteringFunctions/arm_lms_init_q31.c.obj
LOAD CMakeFiles/FreeRTOS.elf.dir/Drivers/CMSIS/DSP/Source/FilteringFunctions/arm_lms_norm_f32.c.obj
LOAD CMakeFiles/FreeRTOS.elf.dir/Drivers/CMSIS/DSP/Source/FilteringFunctions/arm_lms_norm_init_f32.c.obj
LOAD CMakeFiles/FreeRTOS.elf.dir/Drivers/CMSIS/DSP/Source/FilteringFunctions/arm_lms_norm_init_q15.c.obj
LOAD CMakeFiles/FreeRTOS.elf.dir/Drivers/CMSIS/DSP/Source/FilteringFunctions/arm_lms_norm_init_q31.c.obj
LOAD CMakeFiles/FreeRTOS.elf.dir/Drivers/CMSIS/DSP/Source/FilteringFunctions/arm_lms_norm_q15.c.obj
LOAD CMakeFiles/FreeRTOS.elf.dir/Drivers/CMSIS/DSP/Source/FilteringFunctions/arm_lms_norm_q31.c.obj
LOAD CMakeFiles/FreeRTOS.elf.dir/Drivers/CMSIS/DSP/Source/FilteringFunctions/arm_lms_q15.c.obj
LOAD CMakeFiles/FreeRTOS.elf.dir/Drivers/CMSIS/DSP/Source/FilteringFunctions/arm_lms_q31.c.obj
LOAD CMakeFiles/FreeRTOS.elf.dir/Drivers/CMSIS/DSP/Source/MatrixFunctions/arm_mat_add_f32.c.obj
LOAD CMakeFiles/FreeRTOS.elf.dir/Drivers/CMSIS/DSP/Source/MatrixFunctions/arm_mat_add_q15.c.obj
LOAD CMakeFiles/FreeRTOS.elf.dir/Drivers/CMSIS/DSP/Source/MatrixFunctions/arm_mat_add_q31.c.obj
LOAD CMakeFiles/FreeRTOS.elf.dir/Drivers/CMSIS/DSP/Source/MatrixFunctions/arm_mat_cmplx_mult_f32.c.obj
LOAD CMakeFiles/FreeRTOS.elf.dir/Drivers/CMSIS/DSP/Source/MatrixFunctions/arm_mat_cmplx_mult_q15.c.obj
LOAD CMakeFiles/FreeRTOS.elf.dir/Drivers/CMSIS/DSP/Source/MatrixFunctions/arm_mat_cmplx_mult_q31.c.obj
LOAD CMakeFiles/FreeRTOS.elf.dir/Drivers/CMSIS/DSP/Source/MatrixFunctions/arm_mat_init_f32.c.obj
LOAD CMakeFiles/FreeRTOS.elf.dir/Drivers/CMSIS/DSP/Source/MatrixFunctions/arm_mat_init_q15.c.obj
LOAD CMakeFiles/FreeRTOS.elf.dir/Drivers/CMSIS/DSP/Source/MatrixFunctions/arm_mat_init_q31.c.obj
LOAD CMakeFiles/FreeRTOS.elf.dir/Drivers/CMSIS/DSP/Source/MatrixFunctions/arm_mat_inverse_f32.c.obj
LOAD CMakeFiles/FreeRTOS.elf.dir/Drivers/CMSIS/DSP/Source/MatrixFunctions/arm_mat_inverse_f64.c.obj
LOAD CMakeFiles/FreeRTOS.elf.dir/Drivers/CMSIS/DSP/Source/MatrixFunctions/arm_mat_mult_f32.c.obj
LOAD CMakeFiles/FreeRTOS.elf.dir/Drivers/CMSIS/DSP/Source/MatrixFunctions/arm_mat_mult_fast_q15.c.obj
LOAD CMakeFiles/FreeRTOS.elf.dir/Drivers/CMSIS/DSP/Source/MatrixFunctions/arm_mat_mult_fast_q31.c.obj
LOAD CMakeFiles/FreeRTOS.elf.dir/Drivers/CMSIS/DSP/Source/MatrixFunctions/arm_mat_mult_q15.c.obj
LOAD CMakeFiles/FreeRTOS.elf.dir/Drivers/CMSIS/DSP/Source/MatrixFunctions/arm_mat_mult_q31.c.obj
LOAD CMakeFiles/FreeRTOS.elf.dir/Drivers/CMSIS/DSP/Source/MatrixFunctions/arm_mat_scale_f32.c.obj
LOAD CMakeFiles/FreeRTOS.elf.dir/Drivers/CMSIS/DSP/Source/MatrixFunctions/arm_mat_scale_q15.c.obj
LOAD CMakeFiles/FreeRTOS.elf.dir/Drivers/CMSIS/DSP/Source/MatrixFunctions/arm_mat_scale_q31.c.obj
LOAD CMakeFiles/FreeRTOS.elf.dir/Drivers/CMSIS/DSP/Source/MatrixFunctions/arm_mat_sub_f32.c.obj
LOAD CMakeFiles/FreeRTOS.elf.dir/Drivers/CMSIS/DSP/Source/MatrixFunctions/arm_mat_sub_q15.c.obj
LOAD CMakeFiles/FreeRTOS.elf.dir/Drivers/CMSIS/DSP/Source/MatrixFunctions/arm_mat_sub_q31.c.obj
LOAD CMakeFiles/FreeRTOS.elf.dir/Drivers/CMSIS/DSP/Source/MatrixFunctions/arm_mat_trans_f32.c.obj
LOAD CMakeFiles/FreeRTOS.elf.dir/Drivers/CMSIS/DSP/Source/MatrixFunctions/arm_mat_trans_q15.c.obj
LOAD CMakeFiles/FreeRTOS.elf.dir/Drivers/CMSIS/DSP/Source/MatrixFunctions/arm_mat_trans_q31.c.obj
LOAD CMakeFiles/FreeRTOS.elf.dir/Drivers/CMSIS/DSP/Source/StatisticsFunctions/arm_max_f32.c.obj
LOAD CMakeFiles/FreeRTOS.elf.dir/Drivers/CMSIS/DSP/Source/StatisticsFunctions/arm_max_q15.c.obj
LOAD CMakeFiles/FreeRTOS.elf.dir/Drivers/CMSIS/DSP/Source/StatisticsFunctions/arm_max_q31.c.obj
LOAD CMakeFiles/FreeRTOS.elf.dir/Drivers/CMSIS/DSP/Source/StatisticsFunctions/arm_max_q7.c.obj
LOAD CMakeFiles/FreeRTOS.elf.dir/Drivers/CMSIS/DSP/Source/StatisticsFunctions/arm_mean_f32.c.obj
LOAD CMakeFiles/FreeRTOS.elf.dir/Drivers/CMSIS/DSP/Source/StatisticsFunctions/arm_mean_q15.c.obj
LOAD CMakeFiles/FreeRTOS.elf.dir/Drivers/CMSIS/DSP/Source/StatisticsFunctions/arm_mean_q31.c.obj
LOAD CMakeFiles/FreeRTOS.elf.dir/Drivers/CMSIS/DSP/Source/StatisticsFunctions/arm_mean_q7.c.obj
LOAD CMakeFiles/FreeRTOS.elf.dir/Drivers/CMSIS/DSP/Source/StatisticsFunctions/arm_min_f32.c.obj
LOAD CMakeFiles/FreeRTOS.elf.dir/Drivers/CMSIS/DSP/Source/StatisticsFunctions/arm_min_q15.c.obj
LOAD CMakeFiles/FreeRTOS.elf.dir/Drivers/CMSIS/DSP/Source/StatisticsFunctions/arm_min_q31.c.obj
LOAD CMakeFiles/FreeRTOS.elf.dir/Drivers/CMSIS/DSP/Source/StatisticsFunctions/arm_min_q7.c.obj
LOAD CMakeFiles/FreeRTOS.elf.dir/Drivers/CMSIS/DSP/Source/StatisticsFunctions/arm_power_f32.c.obj
LOAD CMakeFiles/FreeRTOS.elf.dir/Drivers/CMSIS/DSP/Source/StatisticsFunctions/arm_power_q15.c.obj
LOAD CMakeFiles/FreeRTOS.elf.dir/Drivers/CMSIS/DSP/Source/StatisticsFunctions/arm_power_q31.c.obj
LOAD CMakeFiles/FreeRTOS.elf.dir/Drivers/CMSIS/DSP/Source/StatisticsFunctions/arm_power_q7.c.obj
LOAD CMakeFiles/FreeRTOS.elf.dir/Drivers/CMSIS/DSP/Source/StatisticsFunctions/arm_rms_f32.c.obj
LOAD CMakeFiles/FreeRTOS.elf.dir/Drivers/CMSIS/DSP/Source/StatisticsFunctions/arm_rms_q15.c.obj
LOAD CMakeFiles/FreeRTOS.elf.dir/Drivers/CMSIS/DSP/Source/StatisticsFunctions/arm_rms_q31.c.obj
LOAD CMakeFiles/FreeRTOS.elf.dir/Drivers/CMSIS/DSP/Source/StatisticsFunctions/arm_std_f32.c.obj
LOAD CMakeFiles/FreeRTOS.elf.dir/Drivers/CMSIS/DSP/Source/StatisticsFunctions/arm_std_q15.c.obj
LOAD CMakeFiles/FreeRTOS.elf.dir/Drivers/CMSIS/DSP/Source/StatisticsFunctions/arm_std_q31.c.obj
LOAD CMakeFiles/FreeRTOS.elf.dir/Drivers/CMSIS/DSP/Source/StatisticsFunctions/arm_var_f32.c.obj
LOAD CMakeFiles/FreeRTOS.elf.dir/Drivers/CMSIS/DSP/Source/StatisticsFunctions/arm_var_q15.c.obj
LOAD CMakeFiles/FreeRTOS.elf.dir/Drivers/CMSIS/DSP/Source/StatisticsFunctions/arm_var_q31.c.obj
LOAD CMakeFiles/FreeRTOS.elf.dir/Drivers/CMSIS/DSP/Source/SupportFunctions/arm_copy_f32.c.obj
LOAD CMakeFiles/FreeRTOS.elf.dir/Drivers/CMSIS/DSP/Source/SupportFunctions/arm_copy_q15.c.obj
LOAD CMakeFiles/FreeRTOS.elf.dir/Drivers/CMSIS/DSP/Source/SupportFunctions/arm_copy_q31.c.obj
LOAD CMakeFiles/FreeRTOS.elf.dir/Drivers/CMSIS/DSP/Source/SupportFunctions/arm_copy_q7.c.obj
LOAD CMakeFiles/FreeRTOS.elf.dir/Drivers/CMSIS/DSP/Source/SupportFunctions/arm_fill_f32.c.obj
LOAD CMakeFiles/FreeRTOS.elf.dir/Drivers/CMSIS/DSP/Source/SupportFunctions/arm_fill_q15.c.obj
LOAD CMakeFiles/FreeRTOS.elf.dir/Drivers/CMSIS/DSP/Source/SupportFunctions/arm_fill_q31.c.obj
LOAD CMakeFiles/FreeRTOS.elf.dir/Drivers/CMSIS/DSP/Source/SupportFunctions/arm_fill_q7.c.obj
LOAD CMakeFiles/FreeRTOS.elf.dir/Drivers/CMSIS/DSP/Source/SupportFunctions/arm_float_to_q15.c.obj
LOAD CMakeFiles/FreeRTOS.elf.dir/Drivers/CMSIS/DSP/Source/SupportFunctions/arm_float_to_q31.c.obj
LOAD CMakeFiles/FreeRTOS.elf.dir/Drivers/CMSIS/DSP/Source/SupportFunctions/arm_float_to_q7.c.obj
LOAD CMakeFiles/FreeRTOS.elf.dir/Drivers/CMSIS/DSP/Source/SupportFunctions/arm_q15_to_float.c.obj
LOAD CMakeFiles/FreeRTOS.elf.dir/Drivers/CMSIS/DSP/Source/SupportFunctions/arm_q15_to_q31.c.obj
LOAD CMakeFiles/FreeRTOS.elf.dir/Drivers/CMSIS/DSP/Source/SupportFunctions/arm_q15_to_q7.c.obj
LOAD CMakeFiles/FreeRTOS.elf.dir/Drivers/CMSIS/DSP/Source/SupportFunctions/arm_q31_to_float.c.obj
LOAD CMakeFiles/FreeRTOS.elf.dir/Drivers/CMSIS/DSP/Source/SupportFunctions/arm_q31_to_q15.c.obj
LOAD CMakeFiles/FreeRTOS.elf.dir/Drivers/CMSIS/DSP/Source/SupportFunctions/arm_q31_to_q7.c.obj
LOAD CMakeFiles/FreeRTOS.elf.dir/Drivers/CMSIS/DSP/Source/SupportFunctions/arm_q7_to_float.c.obj
LOAD CMakeFiles/FreeRTOS.elf.dir/Drivers/CMSIS/DSP/Source/SupportFunctions/arm_q7_to_q15.c.obj
LOAD CMakeFiles/FreeRTOS.elf.dir/Drivers/CMSIS/DSP/Source/SupportFunctions/arm_q7_to_q31.c.obj
LOAD CMakeFiles/FreeRTOS.elf.dir/Drivers/CMSIS/DSP/Source/TransformFunctions/arm_bitreversal.c.obj
LOAD CMakeFiles/FreeRTOS.elf.dir/Drivers/CMSIS/DSP/Source/TransformFunctions/arm_bitreversal2.S.obj
LOAD CMakeFiles/FreeRTOS.elf.dir/Drivers/CMSIS/DSP/Source/TransformFunctions/arm_cfft_f32.c.obj
LOAD CMakeFiles/FreeRTOS.elf.dir/Drivers/CMSIS/DSP/Source/TransformFunctions/arm_cfft_q15.c.obj
LOAD CMakeFiles/FreeRTOS.elf.dir/Drivers/CMSIS/DSP/Source/TransformFunctions/arm_cfft_q31.c.obj
LOAD CMakeFiles/FreeRTOS.elf.dir/Drivers/CMSIS/DSP/Source/TransformFunctions/arm_cfft_radix2_f32.c.obj
LOAD CMakeFiles/FreeRTOS.elf.dir/Drivers/CMSIS/DSP/Source/TransformFunctions/arm_cfft_radix2_init_f32.c.obj
LOAD CMakeFiles/FreeRTOS.elf.dir/Drivers/CMSIS/DSP/Source/TransformFunctions/arm_cfft_radix2_init_q15.c.obj
LOAD CMakeFiles/FreeRTOS.elf.dir/Drivers/CMSIS/DSP/Source/TransformFunctions/arm_cfft_radix2_init_q31.c.obj
LOAD CMakeFiles/FreeRTOS.elf.dir/Drivers/CMSIS/DSP/Source/TransformFunctions/arm_cfft_radix2_q15.c.obj
LOAD CMakeFiles/FreeRTOS.elf.dir/Drivers/CMSIS/DSP/Source/TransformFunctions/arm_cfft_radix2_q31.c.obj
LOAD CMakeFiles/FreeRTOS.elf.dir/Drivers/CMSIS/DSP/Source/TransformFunctions/arm_cfft_radix4_f32.c.obj
LOAD CMakeFiles/FreeRTOS.elf.dir/Drivers/CMSIS/DSP/Source/TransformFunctions/arm_cfft_radix4_init_f32.c.obj
LOAD CMakeFiles/FreeRTOS.elf.dir/Drivers/CMSIS/DSP/Source/TransformFunctions/arm_cfft_radix4_init_q15.c.obj
LOAD CMakeFiles/FreeRTOS.elf.dir/Drivers/CMSIS/DSP/Source/TransformFunctions/arm_cfft_radix4_init_q31.c.obj
LOAD CMakeFiles/FreeRTOS.elf.dir/Drivers/CMSIS/DSP/Source/TransformFunctions/arm_cfft_radix4_q15.c.obj
LOAD CMakeFiles/FreeRTOS.elf.dir/Drivers/CMSIS/DSP/Source/TransformFunctions/arm_cfft_radix4_q31.c.obj
LOAD CMakeFiles/FreeRTOS.elf.dir/Drivers/CMSIS/DSP/Source/TransformFunctions/arm_cfft_radix8_f32.c.obj
LOAD CMakeFiles/FreeRTOS.elf.dir/Drivers/CMSIS/DSP/Source/TransformFunctions/arm_dct4_f32.c.obj
LOAD CMakeFiles/FreeRTOS.elf.dir/Drivers/CMSIS/DSP/Source/TransformFunctions/arm_dct4_init_f32.c.obj
LOAD CMakeFiles/FreeRTOS.elf.dir/Drivers/CMSIS/DSP/Source/TransformFunctions/arm_dct4_init_q15.c.obj
LOAD CMakeFiles/FreeRTOS.elf.dir/Drivers/CMSIS/DSP/Source/TransformFunctions/arm_dct4_init_q31.c.obj
LOAD CMakeFiles/FreeRTOS.elf.dir/Drivers/CMSIS/DSP/Source/TransformFunctions/arm_dct4_q15.c.obj
LOAD CMakeFiles/FreeRTOS.elf.dir/Drivers/CMSIS/DSP/Source/TransformFunctions/arm_dct4_q31.c.obj
LOAD CMakeFiles/FreeRTOS.elf.dir/Drivers/CMSIS/DSP/Source/TransformFunctions/arm_rfft_f32.c.obj
LOAD CMakeFiles/FreeRTOS.elf.dir/Drivers/CMSIS/DSP/Source/TransformFunctions/arm_rfft_fast_f32.c.obj
LOAD CMakeFiles/FreeRTOS.elf.dir/Drivers/CMSIS/DSP/Source/TransformFunctions/arm_rfft_fast_init_f32.c.obj
LOAD CMakeFiles/FreeRTOS.elf.dir/Drivers/CMSIS/DSP/Source/TransformFunctions/arm_rfft_init_f32.c.obj
LOAD CMakeFiles/FreeRTOS.elf.dir/Drivers/CMSIS/DSP/Source/TransformFunctions/arm_rfft_init_q15.c.obj
LOAD CMakeFiles/FreeRTOS.elf.dir/Drivers/CMSIS/DSP/Source/TransformFunctions/arm_rfft_init_q31.c.obj
LOAD CMakeFiles/FreeRTOS.elf.dir/Drivers/CMSIS/DSP/Source/TransformFunctions/arm_rfft_q15.c.obj
LOAD CMakeFiles/FreeRTOS.elf.dir/Drivers/CMSIS/DSP/Source/TransformFunctions/arm_rfft_q31.c.obj
LOAD CMakeFiles/FreeRTOS.elf.dir/Drivers/STM32F4xx_HAL_Driver/Src/stm32f4xx_hal.c.obj
LOAD CMakeFiles/FreeRTOS.elf.dir/Drivers/STM32F4xx_HAL_Driver/Src/stm32f4xx_hal_cortex.c.obj
LOAD CMakeFiles/FreeRTOS.elf.dir/Drivers/STM32F4xx_HAL_Driver/Src/stm32f4xx_hal_dma.c.obj
LOAD CMakeFiles/FreeRTOS.elf.dir/Drivers/STM32F4xx_HAL_Driver/Src/stm32f4xx_hal_dma_ex.c.obj
LOAD CMakeFiles/FreeRTOS.elf.dir/Drivers/STM32F4xx_HAL_Driver/Src/stm32f4xx_hal_exti.c.obj
LOAD CMakeFiles/FreeRTOS.elf.dir/Drivers/STM32F4xx_HAL_Driver/Src/stm32f4xx_hal_flash.c.obj
LOAD CMakeFiles/FreeRTOS.elf.dir/Drivers/STM32F4xx_HAL_Driver/Src/stm32f4xx_hal_flash_ex.c.obj
LOAD CMakeFiles/FreeRTOS.elf.dir/Drivers/STM32F4xx_HAL_Driver/Src/stm32f4xx_hal_flash_ramfunc.c.obj
LOAD CMakeFiles/FreeRTOS.elf.dir/Drivers/STM32F4xx_HAL_Driver/Src/stm32f4xx_hal_gpio.c.obj
LOAD CMakeFiles/FreeRTOS.elf.dir/Drivers/STM32F4xx_HAL_Driver/Src/stm32f4xx_hal_pwr.c.obj
LOAD CMakeFiles/FreeRTOS.elf.dir/Drivers/STM32F4xx_HAL_Driver/Src/stm32f4xx_hal_pwr_ex.c.obj
LOAD CMakeFiles/FreeRTOS.elf.dir/Drivers/STM32F4xx_HAL_Driver/Src/stm32f4xx_hal_rcc.c.obj
LOAD CMakeFiles/FreeRTOS.elf.dir/Drivers/STM32F4xx_HAL_Driver/Src/stm32f4xx_hal_rcc_ex.c.obj
LOAD CMakeFiles/FreeRTOS.elf.dir/Drivers/STM32F4xx_HAL_Driver/Src/stm32f4xx_hal_spi.c.obj
LOAD CMakeFiles/FreeRTOS.elf.dir/Drivers/STM32F4xx_HAL_Driver/Src/stm32f4xx_hal_tim.c.obj
LOAD CMakeFiles/FreeRTOS.elf.dir/Drivers/STM32F4xx_HAL_Driver/Src/stm32f4xx_hal_tim_ex.c.obj
LOAD CMakeFiles/FreeRTOS.elf.dir/Middlewares/Third_Party/FreeRTOS/Source/CMSIS_RTOS_V2/cmsis_os2.c.obj
LOAD CMakeFiles/FreeRTOS.elf.dir/Middlewares/Third_Party/FreeRTOS/Source/croutine.c.obj
LOAD CMakeFiles/FreeRTOS.elf.dir/Middlewares/Third_Party/FreeRTOS/Source/event_groups.c.obj
LOAD CMakeFiles/FreeRTOS.elf.dir/Middlewares/Third_Party/FreeRTOS/Source/list.c.obj
LOAD CMakeFiles/FreeRTOS.elf.dir/Middlewares/Third_Party/FreeRTOS/Source/portable/GCC/ARM_CM4F/port.c.obj
LOAD CMakeFiles/FreeRTOS.elf.dir/Middlewares/Third_Party/FreeRTOS/Source/portable/MemMang/heap_4.c.obj
LOAD CMakeFiles/FreeRTOS.elf.dir/Middlewares/Third_Party/FreeRTOS/Source/queue.c.obj
LOAD CMakeFiles/FreeRTOS.elf.dir/Middlewares/Third_Party/FreeRTOS/Source/stream_buffer.c.obj
LOAD CMakeFiles/FreeRTOS.elf.dir/Middlewares/Third_Party/FreeRTOS/Source/tasks.c.obj
LOAD CMakeFiles/FreeRTOS.elf.dir/Middlewares/Third_Party/FreeRTOS/Source/timers.c.obj
LOAD CMakeFiles/FreeRTOS.elf.dir/Task/Src/LEDg_task.c.obj
LOAD CMakeFiles/FreeRTOS.elf.dir/Task/Src/LEDr_task.c.obj
LOAD CMakeFiles/FreeRTOS.elf.dir/Task/Src/imu_task.c.obj
START GROUP
LOAD E:/gcc-arm-none-eabi-10.3-2021.10/bin/../lib/gcc/arm-none-eabi/13.3.1/thumb/v7e-m+fp/hard\libgcc.a
LOAD E:/gcc-arm-none-eabi-10.3-2021.10/bin/../lib/gcc/arm-none-eabi/13.3.1/thumb/v7e-m+fp/hard\libg.a
LOAD E:/gcc-arm-none-eabi-10.3-2021.10/bin/../lib/gcc/arm-none-eabi/13.3.1/thumb/v7e-m+fp/hard\libc.a
END GROUP
LOAD E:/gcc-arm-none-eabi-10.3-2021.10/bin/../lib/gcc/arm-none-eabi/13.3.1/thumb/v7e-m+fp/hard/crtend.o
LOAD E:/gcc-arm-none-eabi-10.3-2021.10/bin/../lib/gcc/arm-none-eabi/13.3.1/thumb/v7e-m+fp/hard/crtn.o
                0x20020000                        _estack = (ORIGIN (RAM) + LENGTH (RAM))
                0x00000200                        _Min_Heap_Size = 0x200
                0x00000400                        _Min_Stack_Size = 0x400

.isr_vector     0x08000000      0x188
                0x08000000                        . = ALIGN (0x4)
 *(.isr_vector)
 .isr_vector    0x08000000      0x188 CMakeFiles/FreeRTOS.elf.dir/Core/Startup/startup_stm32f407ighx.s.obj
                0x08000000                g_pfnVectors
                0x08000188                        . = ALIGN (0x4)

.text           0x08000190     0x8b18
                0x08000190                        . = ALIGN (0x4)
 *(.text)
 .text          0x08000190       0x30 E:/gcc-arm-none-eabi-10.3-2021.10/bin/../lib/gcc/arm-none-eabi/13.3.1/thumb/v7e-m+fp/hard\libgcc.a(_aeabi_uldivmod.o)
                0x08000190                __aeabi_uldivmod
 .text          0x080001c0        0x4 E:/gcc-arm-none-eabi-10.3-2021.10/bin/../lib/gcc/arm-none-eabi/13.3.1/thumb/v7e-m+fp/hard\libgcc.a(_dvmd_tls.o)
                0x080001c0                __aeabi_idiv0
                0x080001c0                __aeabi_ldiv0
 .text          0x080001c4      0x134 E:/gcc-arm-none-eabi-10.3-2021.10/bin/../lib/gcc/arm-none-eabi/13.3.1/thumb/v7e-m+fp/hard\libg.a(libc_a-memcpy.o)
                0x080001c4                memcpy
 *(.text*)
 .text.deregister_tm_clones
                0x080002f8       0x1c E:/gcc-arm-none-eabi-10.3-2021.10/bin/../lib/gcc/arm-none-eabi/13.3.1/thumb/v7e-m+fp/hard/crtbegin.o
 .text.register_tm_clones
                0x08000314       0x24 E:/gcc-arm-none-eabi-10.3-2021.10/bin/../lib/gcc/arm-none-eabi/13.3.1/thumb/v7e-m+fp/hard/crtbegin.o
 .text.__do_global_dtors_aux
                0x08000338       0x28 E:/gcc-arm-none-eabi-10.3-2021.10/bin/../lib/gcc/arm-none-eabi/13.3.1/thumb/v7e-m+fp/hard/crtbegin.o
 .text.frame_dummy
                0x08000360       0x24 E:/gcc-arm-none-eabi-10.3-2021.10/bin/../lib/gcc/arm-none-eabi/13.3.1/thumb/v7e-m+fp/hard/crtbegin.o
 .text.TIM_Set_PWM
                0x08000384       0x32 CMakeFiles/FreeRTOS.elf.dir/BSP/Src/bsp_PWM.c.obj
                0x08000384                TIM_Set_PWM
 *fill*         0x080003b6        0x2 
 .text.DWT_CNT_Update
                0x080003b8       0x30 CMakeFiles/FreeRTOS.elf.dir/BSP/Src/bsp_dwt.c.obj
 .text.DWT_Init
                0x080003e8       0x68 CMakeFiles/FreeRTOS.elf.dir/BSP/Src/bsp_dwt.c.obj
                0x080003e8                DWT_Init
 .text.DWT_GetDeltaT
                0x08000450       0x48 CMakeFiles/FreeRTOS.elf.dir/BSP/Src/bsp_dwt.c.obj
                0x08000450                DWT_GetDeltaT
 .text.DWT_SysTimeUpdate
                0x08000498       0xd4 CMakeFiles/FreeRTOS.elf.dir/BSP/Src/bsp_dwt.c.obj
                0x08000498                DWT_SysTimeUpdate
 .text.DWT_GetTimeline_s
                0x0800056c       0x4c CMakeFiles/FreeRTOS.elf.dir/BSP/Src/bsp_dwt.c.obj
                0x0800056c                DWT_GetTimeline_s
 .text.DWT_Delay
                0x080005b8       0x34 CMakeFiles/FreeRTOS.elf.dir/BSP/Src/bsp_dwt.c.obj
                0x080005b8                DWT_Delay
 .text.MX_DMA_Init
                0x080005ec       0x44 CMakeFiles/FreeRTOS.elf.dir/Core/Src/dma.c.obj
                0x080005ec                MX_DMA_Init
 .text.StartDefaultTask
                0x08000630        0xa CMakeFiles/FreeRTOS.elf.dir/Core/Src/freertos.c.obj
                0x08000630                StartDefaultTask
 .text.StartLEDrTask
                0x0800063a       0x10 CMakeFiles/FreeRTOS.elf.dir/Core/Src/freertos.c.obj
                0x0800063a                StartLEDrTask
 .text.StartLEDgTask
                0x0800064a       0x10 CMakeFiles/FreeRTOS.elf.dir/Core/Src/freertos.c.obj
                0x0800064a                StartLEDgTask
 .text.StartIMUTask
                0x0800065a       0x12 CMakeFiles/FreeRTOS.elf.dir/Core/Src/freertos.c.obj
                0x0800065a                StartIMUTask
 .text.MX_FREERTOS_Init
                0x0800066c       0x6c CMakeFiles/FreeRTOS.elf.dir/Core/Src/freertos.c.obj
                0x0800066c                MX_FREERTOS_Init
 .text.MX_GPIO_Init
                0x080006d8       0x80 CMakeFiles/FreeRTOS.elf.dir/Core/Src/gpio.c.obj
                0x080006d8                MX_GPIO_Init
 .text.HAL_TIM_PeriodElapsedCallback
                0x08000758       0x18 CMakeFiles/FreeRTOS.elf.dir/Core/Src/main.c.obj
                0x08000758                HAL_TIM_PeriodElapsedCallback
 .text.Error_Handler
                0x08000770        0x4 CMakeFiles/FreeRTOS.elf.dir/Core/Src/main.c.obj
                0x08000770                Error_Handler
 .text.SystemClock_Config
                0x08000774       0xa8 CMakeFiles/FreeRTOS.elf.dir/Core/Src/main.c.obj
                0x08000774                SystemClock_Config
 .text.main     0x0800081c       0x40 CMakeFiles/FreeRTOS.elf.dir/Core/Src/main.c.obj
                0x0800081c                main
 .text.MX_SPI1_Init
                0x0800085c       0x40 CMakeFiles/FreeRTOS.elf.dir/Core/Src/spi.c.obj
                0x0800085c                MX_SPI1_Init
 .text.HAL_SPI_MspInit
                0x0800089c      0x130 CMakeFiles/FreeRTOS.elf.dir/Core/Src/spi.c.obj
                0x0800089c                HAL_SPI_MspInit
 .text.HAL_MspInit
                0x080009cc       0x44 CMakeFiles/FreeRTOS.elf.dir/Core/Src/stm32f4xx_hal_msp.c.obj
                0x080009cc                HAL_MspInit
 .text.HAL_InitTick
                0x08000a10       0xa4 CMakeFiles/FreeRTOS.elf.dir/Core/Src/stm32f4xx_hal_timebase_tim.c.obj
                0x08000a10                HAL_InitTick
 .text.NMI_Handler
                0x08000ab4        0x2 CMakeFiles/FreeRTOS.elf.dir/Core/Src/stm32f4xx_it.c.obj
                0x08000ab4                NMI_Handler
 .text.HardFault_Handler
                0x08000ab6        0x2 CMakeFiles/FreeRTOS.elf.dir/Core/Src/stm32f4xx_it.c.obj
                0x08000ab6                HardFault_Handler
 .text.MemManage_Handler
                0x08000ab8        0x2 CMakeFiles/FreeRTOS.elf.dir/Core/Src/stm32f4xx_it.c.obj
                0x08000ab8                MemManage_Handler
 .text.BusFault_Handler
                0x08000aba        0x2 CMakeFiles/FreeRTOS.elf.dir/Core/Src/stm32f4xx_it.c.obj
                0x08000aba                BusFault_Handler
 .text.UsageFault_Handler
                0x08000abc        0x2 CMakeFiles/FreeRTOS.elf.dir/Core/Src/stm32f4xx_it.c.obj
                0x08000abc                UsageFault_Handler
 .text.DebugMon_Handler
                0x08000abe        0x2 CMakeFiles/FreeRTOS.elf.dir/Core/Src/stm32f4xx_it.c.obj
                0x08000abe                DebugMon_Handler
 .text.TIM7_IRQHandler
                0x08000ac0       0x10 CMakeFiles/FreeRTOS.elf.dir/Core/Src/stm32f4xx_it.c.obj
                0x08000ac0                TIM7_IRQHandler
 .text.DMA2_Stream2_IRQHandler
                0x08000ad0       0x10 CMakeFiles/FreeRTOS.elf.dir/Core/Src/stm32f4xx_it.c.obj
                0x08000ad0                DMA2_Stream2_IRQHandler
 .text.DMA2_Stream3_IRQHandler
                0x08000ae0       0x10 CMakeFiles/FreeRTOS.elf.dir/Core/Src/stm32f4xx_it.c.obj
                0x08000ae0                DMA2_Stream3_IRQHandler
 .text._sbrk    0x08000af0       0x48 CMakeFiles/FreeRTOS.elf.dir/Core/Src/sysmem.c.obj
                0x08000af0                _sbrk
 .text.SystemInit
                0x08000b38       0x14 CMakeFiles/FreeRTOS.elf.dir/Core/Src/system_stm32f4xx.c.obj
                0x08000b38                SystemInit
 .text.HAL_TIM_Base_MspInit
                0x08000b4c       0x30 CMakeFiles/FreeRTOS.elf.dir/Core/Src/tim.c.obj
                0x08000b4c                HAL_TIM_Base_MspInit
 .text.HAL_TIM_MspPostInit
                0x08000b7c       0x60 CMakeFiles/FreeRTOS.elf.dir/Core/Src/tim.c.obj
                0x08000b7c                HAL_TIM_MspPostInit
 .text.MX_TIM10_Init
                0x08000bdc       0x74 CMakeFiles/FreeRTOS.elf.dir/Core/Src/tim.c.obj
                0x08000bdc                MX_TIM10_Init
 .text.Reset_Handler
                0x08000c50       0x50 CMakeFiles/FreeRTOS.elf.dir/Core/Startup/startup_stm32f407ighx.s.obj
                0x08000c50                Reset_Handler
 .text.Default_Handler
                0x08000ca0        0x2 CMakeFiles/FreeRTOS.elf.dir/Core/Startup/startup_stm32f407ighx.s.obj
                0x08000ca0                RTC_Alarm_IRQHandler
                0x08000ca0                HASH_RNG_IRQHandler
                0x08000ca0                EXTI2_IRQHandler
                0x08000ca0                TIM8_CC_IRQHandler
                0x08000ca0                TIM1_CC_IRQHandler
                0x08000ca0                DMA2_Stream5_IRQHandler
                0x08000ca0                DMA1_Stream5_IRQHandler
                0x08000ca0                PVD_IRQHandler
                0x08000ca0                SDIO_IRQHandler
                0x08000ca0                TAMP_STAMP_IRQHandler
                0x08000ca0                CAN2_RX1_IRQHandler
                0x08000ca0                EXTI3_IRQHandler
                0x08000ca0                TIM8_TRG_COM_TIM14_IRQHandler
                0x08000ca0                TIM1_UP_TIM10_IRQHandler
                0x08000ca0                TIM8_UP_TIM13_IRQHandler
                0x08000ca0                I2C3_ER_IRQHandler
                0x08000ca0                EXTI0_IRQHandler
                0x08000ca0                I2C2_EV_IRQHandler
                0x08000ca0                DMA1_Stream2_IRQHandler
                0x08000ca0                CAN1_RX0_IRQHandler
                0x08000ca0                FPU_IRQHandler
                0x08000ca0                OTG_HS_WKUP_IRQHandler
                0x08000ca0                CAN2_SCE_IRQHandler
                0x08000ca0                SPI1_IRQHandler
                0x08000ca0                TIM6_DAC_IRQHandler
                0x08000ca0                TIM1_BRK_TIM9_IRQHandler
                0x08000ca0                DCMI_IRQHandler
                0x08000ca0                CAN2_RX0_IRQHandler
                0x08000ca0                USART6_IRQHandler
                0x08000ca0                USART3_IRQHandler
                0x08000ca0                CAN1_RX1_IRQHandler
                0x08000ca0                UART5_IRQHandler
                0x08000ca0                DMA2_Stream0_IRQHandler
                0x08000ca0                TIM4_IRQHandler
                0x08000ca0                I2C1_EV_IRQHandler
                0x08000ca0                DMA1_Stream6_IRQHandler
                0x08000ca0                DMA1_Stream1_IRQHandler
                0x08000ca0                UART4_IRQHandler
                0x08000ca0                TIM3_IRQHandler
                0x08000ca0                RCC_IRQHandler
                0x08000ca0                TIM8_BRK_TIM12_IRQHandler
                0x08000ca0                Default_Handler
                0x08000ca0                EXTI15_10_IRQHandler
                0x08000ca0                ADC_IRQHandler
                0x08000ca0                DMA1_Stream7_IRQHandler
                0x08000ca0                CAN2_TX_IRQHandler
                0x08000ca0                TIM5_IRQHandler
                0x08000ca0                DMA2_Stream7_IRQHandler
                0x08000ca0                I2C3_EV_IRQHandler
                0x08000ca0                EXTI9_5_IRQHandler
                0x08000ca0                RTC_WKUP_IRQHandler
                0x08000ca0                ETH_WKUP_IRQHandler
                0x08000ca0                SPI2_IRQHandler
                0x08000ca0                OTG_HS_EP1_IN_IRQHandler
                0x08000ca0                DMA1_Stream0_IRQHandler
                0x08000ca0                CAN1_TX_IRQHandler
                0x08000ca0                EXTI4_IRQHandler
                0x08000ca0                FSMC_IRQHandler
                0x08000ca0                ETH_IRQHandler
                0x08000ca0                OTG_HS_EP1_OUT_IRQHandler
                0x08000ca0                WWDG_IRQHandler
                0x08000ca0                TIM2_IRQHandler
                0x08000ca0                OTG_FS_WKUP_IRQHandler
                0x08000ca0                TIM1_TRG_COM_TIM11_IRQHandler
                0x08000ca0                OTG_HS_IRQHandler
                0x08000ca0                EXTI1_IRQHandler
                0x08000ca0                USART2_IRQHandler
                0x08000ca0                I2C2_ER_IRQHandler
                0x08000ca0                DMA2_Stream1_IRQHandler
                0x08000ca0                CAN1_SCE_IRQHandler
                0x08000ca0                FLASH_IRQHandler
                0x08000ca0                DMA2_Stream4_IRQHandler
                0x08000ca0                USART1_IRQHandler
                0x08000ca0                OTG_FS_IRQHandler
                0x08000ca0                SPI3_IRQHandler
                0x08000ca0                DMA1_Stream4_IRQHandler
                0x08000ca0                I2C1_ER_IRQHandler
                0x08000ca0                DMA2_Stream6_IRQHandler
                0x08000ca0                DMA1_Stream3_IRQHandler
 *fill*         0x08000ca2        0x2 
 .text.BMI088_ACCEL_NS_L
                0x08000ca4       0x14 CMakeFiles/FreeRTOS.elf.dir/Driver/BMI088/Src/BMI088Middleware.c.obj
                0x08000ca4                BMI088_ACCEL_NS_L
 .text.BMI088_ACCEL_NS_H
                0x08000cb8       0x14 CMakeFiles/FreeRTOS.elf.dir/Driver/BMI088/Src/BMI088Middleware.c.obj
                0x08000cb8                BMI088_ACCEL_NS_H
 .text.BMI088_GYRO_NS_L
                0x08000ccc       0x14 CMakeFiles/FreeRTOS.elf.dir/Driver/BMI088/Src/BMI088Middleware.c.obj
                0x08000ccc                BMI088_GYRO_NS_L
 .text.BMI088_GYRO_NS_H
                0x08000ce0       0x14 CMakeFiles/FreeRTOS.elf.dir/Driver/BMI088/Src/BMI088Middleware.c.obj
                0x08000ce0                BMI088_GYRO_NS_H
 .text.BMI088_read_write_byte
                0x08000cf4       0x30 CMakeFiles/FreeRTOS.elf.dir/Driver/BMI088/Src/BMI088Middleware.c.obj
                0x08000cf4                BMI088_read_write_byte
 .text.BMI088_read_muli_reg
                0x08000d24       0x24 CMakeFiles/FreeRTOS.elf.dir/Driver/BMI088/Src/BMI088driver.c.obj
 .text.BMI088_write_single_reg
                0x08000d48       0x10 CMakeFiles/FreeRTOS.elf.dir/Driver/BMI088/Src/BMI088driver.c.obj
 .text.BMI088_read_single_reg
                0x08000d58       0x16 CMakeFiles/FreeRTOS.elf.dir/Driver/BMI088/Src/BMI088driver.c.obj
 *fill*         0x08000d6e        0x2 
 .text.Calibrate_MPU_Offset
                0x08000d70      0x480 CMakeFiles/FreeRTOS.elf.dir/Driver/BMI088/Src/BMI088driver.c.obj
 .text.bmi088_accel_init
                0x080011f0      0x144 CMakeFiles/FreeRTOS.elf.dir/Driver/BMI088/Src/BMI088driver.c.obj
                0x080011f0                bmi088_accel_init
 .text.bmi088_gyro_init
                0x08001334      0x118 CMakeFiles/FreeRTOS.elf.dir/Driver/BMI088/Src/BMI088driver.c.obj
                0x08001334                bmi088_gyro_init
 .text.BMI088_init
                0x0800144c       0x6c CMakeFiles/FreeRTOS.elf.dir/Driver/BMI088/Src/BMI088driver.c.obj
                0x0800144c                BMI088_init
 .text.BMI088_Read
                0x080014b8      0x1f0 CMakeFiles/FreeRTOS.elf.dir/Driver/BMI088/Src/BMI088driver.c.obj
                0x080014b8                BMI088_Read
 .text.invSqrt  0x080016a8       0x30 CMakeFiles/FreeRTOS.elf.dir/Driver/BMI088/Src/QuaternionEKF.c.obj
 .text.IMU_QuaternionEKF_F_Linearization_P_Fading
                0x080016d8      0x1a0 CMakeFiles/FreeRTOS.elf.dir/Driver/BMI088/Src/QuaternionEKF.c.obj
 .text.IMU_QuaternionEKF_Observe
                0x08001878       0x38 CMakeFiles/FreeRTOS.elf.dir/Driver/BMI088/Src/QuaternionEKF.c.obj
 .text.IMU_QuaternionEKF_xhatUpdate
                0x080018b0      0x444 CMakeFiles/FreeRTOS.elf.dir/Driver/BMI088/Src/QuaternionEKF.c.obj
 .text.IMU_QuaternionEKF_SetH
                0x08001cf4       0xe4 CMakeFiles/FreeRTOS.elf.dir/Driver/BMI088/Src/QuaternionEKF.c.obj
 .text.IMU_QuaternionEKF_Init
                0x08001dd8       0xe0 CMakeFiles/FreeRTOS.elf.dir/Driver/BMI088/Src/QuaternionEKF.c.obj
                0x08001dd8                IMU_QuaternionEKF_Init
 .text.IMU_QuaternionEKF_Update
                0x08001eb8      0x460 CMakeFiles/FreeRTOS.elf.dir/Driver/BMI088/Src/QuaternionEKF.c.obj
                0x08001eb8                IMU_QuaternionEKF_Update
 .text.f_Trapezoid_Intergral
                0x08002318       0x62 CMakeFiles/FreeRTOS.elf.dir/Driver/BMI088/Src/controller.c.obj
 .text.f_Changing_Integration_Rate
                0x0800237a       0x66 CMakeFiles/FreeRTOS.elf.dir/Driver/BMI088/Src/controller.c.obj
 .text.f_Integral_Limit
                0x080023e0       0x94 CMakeFiles/FreeRTOS.elf.dir/Driver/BMI088/Src/controller.c.obj
 .text.f_Derivative_Filter
                0x08002474       0x2e CMakeFiles/FreeRTOS.elf.dir/Driver/BMI088/Src/controller.c.obj
 .text.f_Output_Filter
                0x080024a2       0x2e CMakeFiles/FreeRTOS.elf.dir/Driver/BMI088/Src/controller.c.obj
 .text.f_Output_Limit
                0x080024d0       0x2e CMakeFiles/FreeRTOS.elf.dir/Driver/BMI088/Src/controller.c.obj
 .text.f_Proportion_Limit
                0x080024fe       0x2e CMakeFiles/FreeRTOS.elf.dir/Driver/BMI088/Src/controller.c.obj
 .text.f_PID_ErrorHandle
                0x0800252c       0x98 CMakeFiles/FreeRTOS.elf.dir/Driver/BMI088/Src/controller.c.obj
 .text.f_Derivative_On_Measurement
                0x080025c4       0xb6 CMakeFiles/FreeRTOS.elf.dir/Driver/BMI088/Src/controller.c.obj
 .text.PID_Init
                0x0800267a       0x58 CMakeFiles/FreeRTOS.elf.dir/Driver/BMI088/Src/controller.c.obj
                0x0800267a                PID_Init
 .text.PID_Calculate
                0x080026d2      0x20c CMakeFiles/FreeRTOS.elf.dir/Driver/BMI088/Src/controller.c.obj
                0x080026d2                PID_Calculate
 *fill*         0x080028de        0x2 
 .text.H_K_R_Adjustment
                0x080028e0      0x114 CMakeFiles/FreeRTOS.elf.dir/Driver/BMI088/Src/kalman_filter.c.obj
 .text.Kalman_Filter_Init
                0x080029f4      0x42c CMakeFiles/FreeRTOS.elf.dir/Driver/BMI088/Src/kalman_filter.c.obj
                0x080029f4                Kalman_Filter_Init
 .text.Kalman_Filter_Measure
                0x08002e20       0x4c CMakeFiles/FreeRTOS.elf.dir/Driver/BMI088/Src/kalman_filter.c.obj
                0x08002e20                Kalman_Filter_Measure
 .text.Kalman_Filter_xhatMinusUpdate
                0x08002e6c       0x76 CMakeFiles/FreeRTOS.elf.dir/Driver/BMI088/Src/kalman_filter.c.obj
                0x08002e6c                Kalman_Filter_xhatMinusUpdate
 .text.Kalman_Filter_PminusUpdate
                0x08002ee2       0x68 CMakeFiles/FreeRTOS.elf.dir/Driver/BMI088/Src/kalman_filter.c.obj
                0x08002ee2                Kalman_Filter_PminusUpdate
 .text.Kalman_Filter_SetK
                0x08002f4a       0xcc CMakeFiles/FreeRTOS.elf.dir/Driver/BMI088/Src/kalman_filter.c.obj
                0x08002f4a                Kalman_Filter_SetK
 .text.Kalman_Filter_xhatUpdate
                0x08003016       0x82 CMakeFiles/FreeRTOS.elf.dir/Driver/BMI088/Src/kalman_filter.c.obj
                0x08003016                Kalman_Filter_xhatUpdate
 .text.Kalman_Filter_P_Update
                0x08003098       0x64 CMakeFiles/FreeRTOS.elf.dir/Driver/BMI088/Src/kalman_filter.c.obj
                0x08003098                Kalman_Filter_P_Update
 .text.Kalman_Filter_Update
                0x080030fc       0xf8 CMakeFiles/FreeRTOS.elf.dir/Driver/BMI088/Src/kalman_filter.c.obj
                0x080030fc                Kalman_Filter_Update
 .text.float_constrain
                0x080031f4       0x20 CMakeFiles/FreeRTOS.elf.dir/Driver/BMI088/Src/user_lib.c.obj
                0x080031f4                float_constrain
 .text.float_rounding
                0x08003214       0x40 CMakeFiles/FreeRTOS.elf.dir/Driver/BMI088/Src/user_lib.c.obj
                0x08003214                float_rounding
 .text.OLS_Init
                0x08003254       0x42 CMakeFiles/FreeRTOS.elf.dir/Driver/BMI088/Src/user_lib.c.obj
                0x08003254                OLS_Init
 *fill*         0x08003296        0x2 
 .text.OLS_Derivative
                0x08003298      0x180 CMakeFiles/FreeRTOS.elf.dir/Driver/BMI088/Src/user_lib.c.obj
                0x08003298                OLS_Derivative
 .text.arm_cos_f32
                0x08003418       0x88 CMakeFiles/FreeRTOS.elf.dir/Drivers/CMSIS/DSP/Source/FastMathFunctions/arm_cos_f32.c.obj
                0x08003418                arm_cos_f32
 .text.arm_sin_f32
                0x080034a0       0xa0 CMakeFiles/FreeRTOS.elf.dir/Drivers/CMSIS/DSP/Source/FastMathFunctions/arm_sin_f32.c.obj
                0x080034a0                arm_sin_f32
 .text.arm_mat_add_f32
                0x08003540       0x50 CMakeFiles/FreeRTOS.elf.dir/Drivers/CMSIS/DSP/Source/MatrixFunctions/arm_mat_add_f32.c.obj
                0x08003540                arm_mat_add_f32
 .text.arm_mat_init_f32
                0x08003590        0x8 CMakeFiles/FreeRTOS.elf.dir/Drivers/CMSIS/DSP/Source/MatrixFunctions/arm_mat_init_f32.c.obj
                0x08003590                arm_mat_init_f32
 .text.arm_mat_inverse_f32
                0x08003598      0x218 CMakeFiles/FreeRTOS.elf.dir/Drivers/CMSIS/DSP/Source/MatrixFunctions/arm_mat_inverse_f32.c.obj
                0x08003598                arm_mat_inverse_f32
 .text.arm_mat_mult_f32
                0x080037b0       0xa0 CMakeFiles/FreeRTOS.elf.dir/Drivers/CMSIS/DSP/Source/MatrixFunctions/arm_mat_mult_f32.c.obj
                0x080037b0                arm_mat_mult_f32
 .text.arm_mat_sub_f32
                0x08003850       0x50 CMakeFiles/FreeRTOS.elf.dir/Drivers/CMSIS/DSP/Source/MatrixFunctions/arm_mat_sub_f32.c.obj
                0x08003850                arm_mat_sub_f32
 .text.arm_mat_trans_f32
                0x080038a0       0x58 CMakeFiles/FreeRTOS.elf.dir/Drivers/CMSIS/DSP/Source/MatrixFunctions/arm_mat_trans_f32.c.obj
                0x080038a0                arm_mat_trans_f32
 .text.HAL_Init
                0x080038f8       0x34 CMakeFiles/FreeRTOS.elf.dir/Drivers/STM32F4xx_HAL_Driver/Src/stm32f4xx_hal.c.obj
                0x080038f8                HAL_Init
 .text.HAL_IncTick
                0x0800392c       0x18 CMakeFiles/FreeRTOS.elf.dir/Drivers/STM32F4xx_HAL_Driver/Src/stm32f4xx_hal.c.obj
                0x0800392c                HAL_IncTick
 .text.HAL_GetTick
                0x08003944        0xc CMakeFiles/FreeRTOS.elf.dir/Drivers/STM32F4xx_HAL_Driver/Src/stm32f4xx_hal.c.obj
                0x08003944                HAL_GetTick
 .text.HAL_Delay
                0x08003950       0x28 CMakeFiles/FreeRTOS.elf.dir/Drivers/STM32F4xx_HAL_Driver/Src/stm32f4xx_hal.c.obj
                0x08003950                HAL_Delay
 .text.__NVIC_SetPriority
                0x08003978       0x28 CMakeFiles/FreeRTOS.elf.dir/Drivers/STM32F4xx_HAL_Driver/Src/stm32f4xx_hal_cortex.c.obj
 .text.NVIC_EncodePriority
                0x080039a0       0x3e CMakeFiles/FreeRTOS.elf.dir/Drivers/STM32F4xx_HAL_Driver/Src/stm32f4xx_hal_cortex.c.obj
 *fill*         0x080039de        0x2 
 .text.HAL_NVIC_SetPriorityGrouping
                0x080039e0       0x24 CMakeFiles/FreeRTOS.elf.dir/Drivers/STM32F4xx_HAL_Driver/Src/stm32f4xx_hal_cortex.c.obj
                0x080039e0                HAL_NVIC_SetPriorityGrouping
 .text.HAL_NVIC_SetPriority
                0x08003a04       0x20 CMakeFiles/FreeRTOS.elf.dir/Drivers/STM32F4xx_HAL_Driver/Src/stm32f4xx_hal_cortex.c.obj
                0x08003a04                HAL_NVIC_SetPriority
 .text.HAL_NVIC_EnableIRQ
                0x08003a24       0x1c CMakeFiles/FreeRTOS.elf.dir/Drivers/STM32F4xx_HAL_Driver/Src/stm32f4xx_hal_cortex.c.obj
                0x08003a24                HAL_NVIC_EnableIRQ
 .text.DMA_CalcBaseAndBitshift
                0x08003a40       0x3c CMakeFiles/FreeRTOS.elf.dir/Drivers/STM32F4xx_HAL_Driver/Src/stm32f4xx_hal_dma.c.obj
 .text.DMA_CheckFifoParam
                0x08003a7c       0x8e CMakeFiles/FreeRTOS.elf.dir/Drivers/STM32F4xx_HAL_Driver/Src/stm32f4xx_hal_dma.c.obj
 *fill*         0x08003b0a        0x2 
 .text.HAL_DMA_Init
                0x08003b0c       0xcc CMakeFiles/FreeRTOS.elf.dir/Drivers/STM32F4xx_HAL_Driver/Src/stm32f4xx_hal_dma.c.obj
                0x08003b0c                HAL_DMA_Init
 .text.HAL_DMA_IRQHandler
                0x08003bd8      0x1dc CMakeFiles/FreeRTOS.elf.dir/Drivers/STM32F4xx_HAL_Driver/Src/stm32f4xx_hal_dma.c.obj
                0x08003bd8                HAL_DMA_IRQHandler
 .text.HAL_GPIO_Init
                0x08003db4      0x1ec CMakeFiles/FreeRTOS.elf.dir/Drivers/STM32F4xx_HAL_Driver/Src/stm32f4xx_hal_gpio.c.obj
                0x08003db4                HAL_GPIO_Init
 .text.HAL_GPIO_WritePin
                0x08003fa0        0xc CMakeFiles/FreeRTOS.elf.dir/Drivers/STM32F4xx_HAL_Driver/Src/stm32f4xx_hal_gpio.c.obj
                0x08003fa0                HAL_GPIO_WritePin
 .text.HAL_GPIO_TogglePin
                0x08003fac       0x12 CMakeFiles/FreeRTOS.elf.dir/Drivers/STM32F4xx_HAL_Driver/Src/stm32f4xx_hal_gpio.c.obj
                0x08003fac                HAL_GPIO_TogglePin
 *fill*         0x08003fbe        0x2 
 .text.HAL_RCC_OscConfig
                0x08003fc0      0x3f8 CMakeFiles/FreeRTOS.elf.dir/Drivers/STM32F4xx_HAL_Driver/Src/stm32f4xx_hal_rcc.c.obj
                0x08003fc0                HAL_RCC_OscConfig
 .text.HAL_RCC_GetSysClockFreq
                0x080043b8       0xa8 CMakeFiles/FreeRTOS.elf.dir/Drivers/STM32F4xx_HAL_Driver/Src/stm32f4xx_hal_rcc.c.obj
                0x080043b8                HAL_RCC_GetSysClockFreq
 .text.HAL_RCC_ClockConfig
                0x08004460      0x160 CMakeFiles/FreeRTOS.elf.dir/Drivers/STM32F4xx_HAL_Driver/Src/stm32f4xx_hal_rcc.c.obj
                0x08004460                HAL_RCC_ClockConfig
 .text.HAL_RCC_GetHCLKFreq
                0x080045c0        0xc CMakeFiles/FreeRTOS.elf.dir/Drivers/STM32F4xx_HAL_Driver/Src/stm32f4xx_hal_rcc.c.obj
                0x080045c0                HAL_RCC_GetHCLKFreq
 .text.HAL_RCC_GetPCLK1Freq
                0x080045cc       0x20 CMakeFiles/FreeRTOS.elf.dir/Drivers/STM32F4xx_HAL_Driver/Src/stm32f4xx_hal_rcc.c.obj
                0x080045cc                HAL_RCC_GetPCLK1Freq
 .text.HAL_RCC_GetClockConfig
                0x080045ec       0x3c CMakeFiles/FreeRTOS.elf.dir/Drivers/STM32F4xx_HAL_Driver/Src/stm32f4xx_hal_rcc.c.obj
                0x080045ec                HAL_RCC_GetClockConfig
 .text.SPI_WaitFlagStateUntilTimeout
                0x08004628       0xc8 CMakeFiles/FreeRTOS.elf.dir/Drivers/STM32F4xx_HAL_Driver/Src/stm32f4xx_hal_spi.c.obj
 .text.SPI_EndRxTxTransaction
                0x080046f0       0x68 CMakeFiles/FreeRTOS.elf.dir/Drivers/STM32F4xx_HAL_Driver/Src/stm32f4xx_hal_spi.c.obj
 .text.HAL_SPI_Init
                0x08004758       0xbe CMakeFiles/FreeRTOS.elf.dir/Drivers/STM32F4xx_HAL_Driver/Src/stm32f4xx_hal_spi.c.obj
                0x08004758                HAL_SPI_Init
 .text.HAL_SPI_TransmitReceive
                0x08004816      0x238 CMakeFiles/FreeRTOS.elf.dir/Drivers/STM32F4xx_HAL_Driver/Src/stm32f4xx_hal_spi.c.obj
                0x08004816                HAL_SPI_TransmitReceive
 *fill*         0x08004a4e        0x2 
 .text.TIM_OC1_SetConfig
                0x08004a50       0x70 CMakeFiles/FreeRTOS.elf.dir/Drivers/STM32F4xx_HAL_Driver/Src/stm32f4xx_hal_tim.c.obj
 .text.TIM_OC3_SetConfig
                0x08004ac0       0x70 CMakeFiles/FreeRTOS.elf.dir/Drivers/STM32F4xx_HAL_Driver/Src/stm32f4xx_hal_tim.c.obj
 .text.TIM_OC4_SetConfig
                0x08004b30       0x50 CMakeFiles/FreeRTOS.elf.dir/Drivers/STM32F4xx_HAL_Driver/Src/stm32f4xx_hal_tim.c.obj
 .text.HAL_TIM_Base_Start_IT
                0x08004b80       0x88 CMakeFiles/FreeRTOS.elf.dir/Drivers/STM32F4xx_HAL_Driver/Src/stm32f4xx_hal_tim.c.obj
                0x08004b80                HAL_TIM_Base_Start_IT
 .text.HAL_TIM_PWM_MspInit
                0x08004c08        0x2 CMakeFiles/FreeRTOS.elf.dir/Drivers/STM32F4xx_HAL_Driver/Src/stm32f4xx_hal_tim.c.obj
                0x08004c08                HAL_TIM_PWM_MspInit
 .text.HAL_TIM_OC_DelayElapsedCallback
                0x08004c0a        0x2 CMakeFiles/FreeRTOS.elf.dir/Drivers/STM32F4xx_HAL_Driver/Src/stm32f4xx_hal_tim.c.obj
                0x08004c0a                HAL_TIM_OC_DelayElapsedCallback
 .text.HAL_TIM_IC_CaptureCallback
                0x08004c0c        0x2 CMakeFiles/FreeRTOS.elf.dir/Drivers/STM32F4xx_HAL_Driver/Src/stm32f4xx_hal_tim.c.obj
                0x08004c0c                HAL_TIM_IC_CaptureCallback
 .text.HAL_TIM_PWM_PulseFinishedCallback
                0x08004c0e        0x2 CMakeFiles/FreeRTOS.elf.dir/Drivers/STM32F4xx_HAL_Driver/Src/stm32f4xx_hal_tim.c.obj
                0x08004c0e                HAL_TIM_PWM_PulseFinishedCallback
 .text.HAL_TIM_TriggerCallback
                0x08004c10        0x2 CMakeFiles/FreeRTOS.elf.dir/Drivers/STM32F4xx_HAL_Driver/Src/stm32f4xx_hal_tim.c.obj
                0x08004c10                HAL_TIM_TriggerCallback
 .text.HAL_TIM_IRQHandler
                0x08004c12      0x17a CMakeFiles/FreeRTOS.elf.dir/Drivers/STM32F4xx_HAL_Driver/Src/stm32f4xx_hal_tim.c.obj
                0x08004c12                HAL_TIM_IRQHandler
 .text.TIM_Base_SetConfig
                0x08004d8c       0xc8 CMakeFiles/FreeRTOS.elf.dir/Drivers/STM32F4xx_HAL_Driver/Src/stm32f4xx_hal_tim.c.obj
                0x08004d8c                TIM_Base_SetConfig
 .text.HAL_TIM_Base_Init
                0x08004e54       0x58 CMakeFiles/FreeRTOS.elf.dir/Drivers/STM32F4xx_HAL_Driver/Src/stm32f4xx_hal_tim.c.obj
                0x08004e54                HAL_TIM_Base_Init
 .text.HAL_TIM_PWM_Init
                0x08004eac       0x58 CMakeFiles/FreeRTOS.elf.dir/Drivers/STM32F4xx_HAL_Driver/Src/stm32f4xx_hal_tim.c.obj
                0x08004eac                HAL_TIM_PWM_Init
 .text.TIM_OC2_SetConfig
                0x08004f04       0x70 CMakeFiles/FreeRTOS.elf.dir/Drivers/STM32F4xx_HAL_Driver/Src/stm32f4xx_hal_tim.c.obj
                0x08004f04                TIM_OC2_SetConfig
 .text.HAL_TIM_PWM_ConfigChannel
                0x08004f74       0xdc CMakeFiles/FreeRTOS.elf.dir/Drivers/STM32F4xx_HAL_Driver/Src/stm32f4xx_hal_tim.c.obj
                0x08004f74                HAL_TIM_PWM_ConfigChannel
 .text.TIM_CCxChannelCmd
                0x08005050       0x1e CMakeFiles/FreeRTOS.elf.dir/Drivers/STM32F4xx_HAL_Driver/Src/stm32f4xx_hal_tim.c.obj
                0x08005050                TIM_CCxChannelCmd
 *fill*         0x0800506e        0x2 
 .text.HAL_TIM_PWM_Start
                0x08005070      0x104 CMakeFiles/FreeRTOS.elf.dir/Drivers/STM32F4xx_HAL_Driver/Src/stm32f4xx_hal_tim.c.obj
                0x08005070                HAL_TIM_PWM_Start
 .text.HAL_TIMEx_CommutCallback
                0x08005174        0x2 CMakeFiles/FreeRTOS.elf.dir/Drivers/STM32F4xx_HAL_Driver/Src/stm32f4xx_hal_tim_ex.c.obj
                0x08005174                HAL_TIMEx_CommutCallback
 .text.HAL_TIMEx_BreakCallback
                0x08005176        0x2 CMakeFiles/FreeRTOS.elf.dir/Drivers/STM32F4xx_HAL_Driver/Src/stm32f4xx_hal_tim_ex.c.obj
                0x08005176                HAL_TIMEx_BreakCallback
 .text.SysTick_Handler
                0x08005178       0x18 CMakeFiles/FreeRTOS.elf.dir/Middlewares/Third_Party/FreeRTOS/Source/CMSIS_RTOS_V2/cmsis_os2.c.obj
                0x08005178                SysTick_Handler
 .text.osKernelInitialize
                0x08005190       0x24 CMakeFiles/FreeRTOS.elf.dir/Middlewares/Third_Party/FreeRTOS/Source/CMSIS_RTOS_V2/cmsis_os2.c.obj
                0x08005190                osKernelInitialize
 .text.osKernelStart
                0x080051b4       0x38 CMakeFiles/FreeRTOS.elf.dir/Middlewares/Third_Party/FreeRTOS/Source/CMSIS_RTOS_V2/cmsis_os2.c.obj
                0x080051b4                osKernelStart
 .text.osThreadNew
                0x080051ec       0xbe CMakeFiles/FreeRTOS.elf.dir/Middlewares/Third_Party/FreeRTOS/Source/CMSIS_RTOS_V2/cmsis_os2.c.obj
                0x080051ec                osThreadNew
 .text.osDelay  0x080052aa       0x1c CMakeFiles/FreeRTOS.elf.dir/Middlewares/Third_Party/FreeRTOS/Source/CMSIS_RTOS_V2/cmsis_os2.c.obj
                0x080052aa                osDelay
 *fill*         0x080052c6        0x2 
 .text.vApplicationGetIdleTaskMemory
                0x080052c8       0x18 CMakeFiles/FreeRTOS.elf.dir/Middlewares/Third_Party/FreeRTOS/Source/CMSIS_RTOS_V2/cmsis_os2.c.obj
                0x080052c8                vApplicationGetIdleTaskMemory
 .text.vApplicationGetTimerTaskMemory
                0x080052e0       0x18 CMakeFiles/FreeRTOS.elf.dir/Middlewares/Third_Party/FreeRTOS/Source/CMSIS_RTOS_V2/cmsis_os2.c.obj
                0x080052e0                vApplicationGetTimerTaskMemory
 .text.vListInitialise
                0x080052f8       0x16 CMakeFiles/FreeRTOS.elf.dir/Middlewares/Third_Party/FreeRTOS/Source/list.c.obj
                0x080052f8                vListInitialise
 .text.vListInitialiseItem
                0x0800530e        0x6 CMakeFiles/FreeRTOS.elf.dir/Middlewares/Third_Party/FreeRTOS/Source/list.c.obj
                0x0800530e                vListInitialiseItem
 .text.vListInsertEnd
                0x08005314       0x16 CMakeFiles/FreeRTOS.elf.dir/Middlewares/Third_Party/FreeRTOS/Source/list.c.obj
                0x08005314                vListInsertEnd
 .text.vListInsert
                0x0800532a       0x32 CMakeFiles/FreeRTOS.elf.dir/Middlewares/Third_Party/FreeRTOS/Source/list.c.obj
                0x0800532a                vListInsert
 .text.uxListRemove
                0x0800535c       0x26 CMakeFiles/FreeRTOS.elf.dir/Middlewares/Third_Party/FreeRTOS/Source/list.c.obj
                0x0800535c                uxListRemove
 *fill*         0x08005382        0x2 
 .text.prvTaskExitError
                0x08005384       0x40 CMakeFiles/FreeRTOS.elf.dir/Middlewares/Third_Party/FreeRTOS/Source/portable/GCC/ARM_CM4F/port.c.obj
 .text.prvPortStartFirstTask
                0x080053c4       0x28 CMakeFiles/FreeRTOS.elf.dir/Middlewares/Third_Party/FreeRTOS/Source/portable/GCC/ARM_CM4F/port.c.obj
 .text.vPortEnableVFP
                0x080053ec       0x14 CMakeFiles/FreeRTOS.elf.dir/Middlewares/Third_Party/FreeRTOS/Source/portable/GCC/ARM_CM4F/port.c.obj
 .text.pxPortInitialiseStack
                0x08005400       0x2c CMakeFiles/FreeRTOS.elf.dir/Middlewares/Third_Party/FreeRTOS/Source/portable/GCC/ARM_CM4F/port.c.obj
                0x08005400                pxPortInitialiseStack
 *fill*         0x0800542c        0x4 
 .text.SVC_Handler
                0x08005430       0x24 CMakeFiles/FreeRTOS.elf.dir/Middlewares/Third_Party/FreeRTOS/Source/portable/GCC/ARM_CM4F/port.c.obj
                0x08005430                SVC_Handler
 .text.vPortEnterCritical
                0x08005454       0x44 CMakeFiles/FreeRTOS.elf.dir/Middlewares/Third_Party/FreeRTOS/Source/portable/GCC/ARM_CM4F/port.c.obj
                0x08005454                vPortEnterCritical
 .text.vPortExitCritical
                0x08005498       0x2c CMakeFiles/FreeRTOS.elf.dir/Middlewares/Third_Party/FreeRTOS/Source/portable/GCC/ARM_CM4F/port.c.obj
                0x08005498                vPortExitCritical
 *fill*         0x080054c4        0xc 
 .text.PendSV_Handler
                0x080054d0       0x64 CMakeFiles/FreeRTOS.elf.dir/Middlewares/Third_Party/FreeRTOS/Source/portable/GCC/ARM_CM4F/port.c.obj
                0x080054d0                PendSV_Handler
 .text.xPortSysTickHandler
                0x08005534       0x2c CMakeFiles/FreeRTOS.elf.dir/Middlewares/Third_Party/FreeRTOS/Source/portable/GCC/ARM_CM4F/port.c.obj
                0x08005534                xPortSysTickHandler
 .text.vPortSetupTimerInterrupt
                0x08005560       0x28 CMakeFiles/FreeRTOS.elf.dir/Middlewares/Third_Party/FreeRTOS/Source/portable/GCC/ARM_CM4F/port.c.obj
                0x08005560                vPortSetupTimerInterrupt
 .text.xPortStartScheduler
                0x08005588      0x118 CMakeFiles/FreeRTOS.elf.dir/Middlewares/Third_Party/FreeRTOS/Source/portable/GCC/ARM_CM4F/port.c.obj
                0x08005588                xPortStartScheduler
 .text.vPortValidateInterruptPriority
                0x080056a0       0x5c CMakeFiles/FreeRTOS.elf.dir/Middlewares/Third_Party/FreeRTOS/Source/portable/GCC/ARM_CM4F/port.c.obj
                0x080056a0                vPortValidateInterruptPriority
 .text.prvHeapInit
                0x080056fc       0x64 CMakeFiles/FreeRTOS.elf.dir/Middlewares/Third_Party/FreeRTOS/Source/portable/MemMang/heap_4.c.obj
 .text.prvInsertBlockIntoFreeList
                0x08005760       0x64 CMakeFiles/FreeRTOS.elf.dir/Middlewares/Third_Party/FreeRTOS/Source/portable/MemMang/heap_4.c.obj
 .text.pvPortMalloc
                0x080057c4      0x104 CMakeFiles/FreeRTOS.elf.dir/Middlewares/Third_Party/FreeRTOS/Source/portable/MemMang/heap_4.c.obj
                0x080057c4                pvPortMalloc
 .text.vPortFree
                0x080058c8       0x7c CMakeFiles/FreeRTOS.elf.dir/Middlewares/Third_Party/FreeRTOS/Source/portable/MemMang/heap_4.c.obj
                0x080058c8                vPortFree
 .text.prvIsQueueFull
                0x08005944       0x1e CMakeFiles/FreeRTOS.elf.dir/Middlewares/Third_Party/FreeRTOS/Source/queue.c.obj
 .text.prvIsQueueEmpty
                0x08005962       0x1a CMakeFiles/FreeRTOS.elf.dir/Middlewares/Third_Party/FreeRTOS/Source/queue.c.obj
 .text.prvCopyDataToQueue
                0x0800597c       0x76 CMakeFiles/FreeRTOS.elf.dir/Middlewares/Third_Party/FreeRTOS/Source/queue.c.obj
 .text.prvCopyDataFromQueue
                0x080059f2       0x24 CMakeFiles/FreeRTOS.elf.dir/Middlewares/Third_Party/FreeRTOS/Source/queue.c.obj
 .text.prvUnlockQueue
                0x08005a16       0x6e CMakeFiles/FreeRTOS.elf.dir/Middlewares/Third_Party/FreeRTOS/Source/queue.c.obj
 .text.xQueueGenericReset
                0x08005a84       0x84 CMakeFiles/FreeRTOS.elf.dir/Middlewares/Third_Party/FreeRTOS/Source/queue.c.obj
                0x08005a84                xQueueGenericReset
 .text.prvInitialiseNewQueue
                0x08005b08       0x22 CMakeFiles/FreeRTOS.elf.dir/Middlewares/Third_Party/FreeRTOS/Source/queue.c.obj
 .text.xQueueGenericCreateStatic
                0x08005b2a       0x94 CMakeFiles/FreeRTOS.elf.dir/Middlewares/Third_Party/FreeRTOS/Source/queue.c.obj
                0x08005b2a                xQueueGenericCreateStatic
 .text.xQueueGenericSend
                0x08005bbe      0x188 CMakeFiles/FreeRTOS.elf.dir/Middlewares/Third_Party/FreeRTOS/Source/queue.c.obj
                0x08005bbe                xQueueGenericSend
 .text.xQueueGenericSendFromISR
                0x08005d46       0xce CMakeFiles/FreeRTOS.elf.dir/Middlewares/Third_Party/FreeRTOS/Source/queue.c.obj
                0x08005d46                xQueueGenericSendFromISR
 .text.xQueueReceive
                0x08005e14      0x15e CMakeFiles/FreeRTOS.elf.dir/Middlewares/Third_Party/FreeRTOS/Source/queue.c.obj
                0x08005e14                xQueueReceive
 *fill*         0x08005f72        0x2 
 .text.vQueueAddToRegistry
                0x08005f74       0x28 CMakeFiles/FreeRTOS.elf.dir/Middlewares/Third_Party/FreeRTOS/Source/queue.c.obj
                0x08005f74                vQueueAddToRegistry
 .text.vQueueWaitForMessageRestricted
                0x08005f9c       0x52 CMakeFiles/FreeRTOS.elf.dir/Middlewares/Third_Party/FreeRTOS/Source/queue.c.obj
                0x08005f9c                vQueueWaitForMessageRestricted
 *fill*         0x08005fee        0x2 
 .text.prvResetNextTaskUnblockTime
                0x08005ff0       0x2c CMakeFiles/FreeRTOS.elf.dir/Middlewares/Third_Party/FreeRTOS/Source/tasks.c.obj
 .text.prvInitialiseNewTask
                0x0800601c      0x104 CMakeFiles/FreeRTOS.elf.dir/Middlewares/Third_Party/FreeRTOS/Source/tasks.c.obj
 .text.prvInitialiseTaskLists
                0x08006120       0x68 CMakeFiles/FreeRTOS.elf.dir/Middlewares/Third_Party/FreeRTOS/Source/tasks.c.obj
 .text.prvAddNewTaskToReadyList
                0x08006188       0xac CMakeFiles/FreeRTOS.elf.dir/Middlewares/Third_Party/FreeRTOS/Source/tasks.c.obj
 .text.prvDeleteTCB
                0x08006234       0x40 CMakeFiles/FreeRTOS.elf.dir/Middlewares/Third_Party/FreeRTOS/Source/tasks.c.obj
 .text.prvCheckTasksWaitingTermination
                0x08006274       0x4c CMakeFiles/FreeRTOS.elf.dir/Middlewares/Third_Party/FreeRTOS/Source/tasks.c.obj
 .text.prvIdleTask
                0x080062c0       0x28 CMakeFiles/FreeRTOS.elf.dir/Middlewares/Third_Party/FreeRTOS/Source/tasks.c.obj
 .text.prvAddCurrentTaskToDelayedList
                0x080062e8       0x7c CMakeFiles/FreeRTOS.elf.dir/Middlewares/Third_Party/FreeRTOS/Source/tasks.c.obj
 .text.xTaskCreateStatic
                0x08006364       0x7a CMakeFiles/FreeRTOS.elf.dir/Middlewares/Third_Party/FreeRTOS/Source/tasks.c.obj
                0x08006364                xTaskCreateStatic
 .text.xTaskCreate
                0x080063de       0x66 CMakeFiles/FreeRTOS.elf.dir/Middlewares/Third_Party/FreeRTOS/Source/tasks.c.obj
                0x080063de                xTaskCreate
 .text.vTaskStartScheduler
                0x08006444       0xac CMakeFiles/FreeRTOS.elf.dir/Middlewares/Third_Party/FreeRTOS/Source/tasks.c.obj
                0x08006444                vTaskStartScheduler
 .text.vTaskSuspendAll
                0x080064f0       0x10 CMakeFiles/FreeRTOS.elf.dir/Middlewares/Third_Party/FreeRTOS/Source/tasks.c.obj
                0x080064f0                vTaskSuspendAll
 .text.xTaskGetTickCount
                0x08006500        0xc CMakeFiles/FreeRTOS.elf.dir/Middlewares/Third_Party/FreeRTOS/Source/tasks.c.obj
                0x08006500                xTaskGetTickCount
 .text.xTaskIncrementTick
                0x0800650c      0x118 CMakeFiles/FreeRTOS.elf.dir/Middlewares/Third_Party/FreeRTOS/Source/tasks.c.obj
                0x0800650c                xTaskIncrementTick
 .text.xTaskResumeAll
                0x08006624       0xf8 CMakeFiles/FreeRTOS.elf.dir/Middlewares/Third_Party/FreeRTOS/Source/tasks.c.obj
                0x08006624                xTaskResumeAll
 .text.vTaskDelay
                0x0800671c       0x4c CMakeFiles/FreeRTOS.elf.dir/Middlewares/Third_Party/FreeRTOS/Source/tasks.c.obj
                0x0800671c                vTaskDelay
 .text.vTaskSwitchContext
                0x08006768       0xa4 CMakeFiles/FreeRTOS.elf.dir/Middlewares/Third_Party/FreeRTOS/Source/tasks.c.obj
                0x08006768                vTaskSwitchContext
 .text.vTaskPlaceOnEventList
                0x0800680c       0x30 CMakeFiles/FreeRTOS.elf.dir/Middlewares/Third_Party/FreeRTOS/Source/tasks.c.obj
                0x0800680c                vTaskPlaceOnEventList
 .text.vTaskPlaceOnEventListRestricted
                0x0800683c       0x38 CMakeFiles/FreeRTOS.elf.dir/Middlewares/Third_Party/FreeRTOS/Source/tasks.c.obj
                0x0800683c                vTaskPlaceOnEventListRestricted
 .text.xTaskRemoveFromEventList
                0x08006874       0x8c CMakeFiles/FreeRTOS.elf.dir/Middlewares/Third_Party/FreeRTOS/Source/tasks.c.obj
                0x08006874                xTaskRemoveFromEventList
 .text.vTaskInternalSetTimeOutState
                0x08006900       0x18 CMakeFiles/FreeRTOS.elf.dir/Middlewares/Third_Party/FreeRTOS/Source/tasks.c.obj
                0x08006900                vTaskInternalSetTimeOutState
 .text.xTaskCheckForTimeOut
                0x08006918       0x84 CMakeFiles/FreeRTOS.elf.dir/Middlewares/Third_Party/FreeRTOS/Source/tasks.c.obj
                0x08006918                xTaskCheckForTimeOut
 .text.vTaskMissedYield
                0x0800699c        0xc CMakeFiles/FreeRTOS.elf.dir/Middlewares/Third_Party/FreeRTOS/Source/tasks.c.obj
                0x0800699c                vTaskMissedYield
 .text.xTaskGetSchedulerState
                0x080069a8       0x20 CMakeFiles/FreeRTOS.elf.dir/Middlewares/Third_Party/FreeRTOS/Source/tasks.c.obj
                0x080069a8                xTaskGetSchedulerState
 .text.xTaskPriorityDisinherit
                0x080069c8       0x90 CMakeFiles/FreeRTOS.elf.dir/Middlewares/Third_Party/FreeRTOS/Source/tasks.c.obj
                0x080069c8                xTaskPriorityDisinherit
 .text.prvGetNextExpireTime
                0x08006a58       0x20 CMakeFiles/FreeRTOS.elf.dir/Middlewares/Third_Party/FreeRTOS/Source/timers.c.obj
 .text.prvInsertTimerInActiveList
                0x08006a78       0x48 CMakeFiles/FreeRTOS.elf.dir/Middlewares/Third_Party/FreeRTOS/Source/timers.c.obj
 .text.prvCheckForValidListAndQueue
                0x08006ac0       0x70 CMakeFiles/FreeRTOS.elf.dir/Middlewares/Third_Party/FreeRTOS/Source/timers.c.obj
 .text.xTimerCreateTimerTask
                0x08006b30       0x64 CMakeFiles/FreeRTOS.elf.dir/Middlewares/Third_Party/FreeRTOS/Source/timers.c.obj
                0x08006b30                xTimerCreateTimerTask
 .text.xTimerGenericCommand
                0x08006b94       0x6c CMakeFiles/FreeRTOS.elf.dir/Middlewares/Third_Party/FreeRTOS/Source/timers.c.obj
                0x08006b94                xTimerGenericCommand
 .text.prvSwitchTimerLists
                0x08006c00       0x7c CMakeFiles/FreeRTOS.elf.dir/Middlewares/Third_Party/FreeRTOS/Source/timers.c.obj
 .text.prvSampleTimeNow
                0x08006c7c       0x2c CMakeFiles/FreeRTOS.elf.dir/Middlewares/Third_Party/FreeRTOS/Source/timers.c.obj
 .text.prvProcessExpiredTimer
                0x08006ca8       0x6c CMakeFiles/FreeRTOS.elf.dir/Middlewares/Third_Party/FreeRTOS/Source/timers.c.obj
 .text.prvProcessTimerOrBlockTask
                0x08006d14       0x74 CMakeFiles/FreeRTOS.elf.dir/Middlewares/Third_Party/FreeRTOS/Source/timers.c.obj
 .text.prvProcessReceivedCommands
                0x08006d88      0x10c CMakeFiles/FreeRTOS.elf.dir/Middlewares/Third_Party/FreeRTOS/Source/timers.c.obj
 .text.prvTimerTask
                0x08006e94       0x16 CMakeFiles/FreeRTOS.elf.dir/Middlewares/Third_Party/FreeRTOS/Source/timers.c.obj
 *fill*         0x08006eaa        0x2 
 .text.LEDg_Task
                0x08006eac       0x14 CMakeFiles/FreeRTOS.elf.dir/Task/Src/LEDg_task.c.obj
                0x08006eac                LEDg_Task
 .text.LEDr_Task
                0x08006ec0       0x14 CMakeFiles/FreeRTOS.elf.dir/Task/Src/LEDr_task.c.obj
                0x08006ec0                LEDr_Task
 .text.IMU_Param_Correction
                0x08006ed4      0x2c8 CMakeFiles/FreeRTOS.elf.dir/Task/Src/imu_task.c.obj
 .text.IMU_Init
                0x0800719c       0xb4 CMakeFiles/FreeRTOS.elf.dir/Task/Src/imu_task.c.obj
                0x0800719c                IMU_Init
 .text.BodyFrameToEarthFrame
                0x08007250      0x126 CMakeFiles/FreeRTOS.elf.dir/Task/Src/imu_task.c.obj
                0x08007250                BodyFrameToEarthFrame
 .text.EarthFrameToBodyFrame
                0x08007376      0x126 CMakeFiles/FreeRTOS.elf.dir/Task/Src/imu_task.c.obj
                0x08007376                EarthFrameToBodyFrame
 .text.IMU_Temperature_Ctrl
                0x0800749c       0x60 CMakeFiles/FreeRTOS.elf.dir/Task/Src/imu_task.c.obj
                0x0800749c                IMU_Temperature_Ctrl
 .text.IMU_Task
                0x080074fc      0x1cc CMakeFiles/FreeRTOS.elf.dir/Task/Src/imu_task.c.obj
                0x080074fc                IMU_Task
 .text.__udivmoddi4
                0x080076c8      0x2bc E:/gcc-arm-none-eabi-10.3-2021.10/bin/../lib/gcc/arm-none-eabi/13.3.1/thumb/v7e-m+fp/hard\libgcc.a(_udivmoddi4.o)
                0x080076c8                __udivmoddi4
 .text.malloc   0x08007984       0x10 E:/gcc-arm-none-eabi-10.3-2021.10/bin/../lib/gcc/arm-none-eabi/13.3.1/thumb/v7e-m+fp/hard\libg.a(libc_a-malloc.o)
                0x08007984                malloc
 .text._malloc_r
                0x08007994      0x564 E:/gcc-arm-none-eabi-10.3-2021.10/bin/../lib/gcc/arm-none-eabi/13.3.1/thumb/v7e-m+fp/hard\libg.a(libc_a-mallocr.o)
                0x08007994                _malloc_r
 .text.__malloc_lock
                0x08007ef8        0xc E:/gcc-arm-none-eabi-10.3-2021.10/bin/../lib/gcc/arm-none-eabi/13.3.1/thumb/v7e-m+fp/hard\libg.a(libc_a-mlock.o)
                0x08007ef8                __malloc_lock
 .text.__malloc_unlock
                0x08007f04        0xc E:/gcc-arm-none-eabi-10.3-2021.10/bin/../lib/gcc/arm-none-eabi/13.3.1/thumb/v7e-m+fp/hard\libg.a(libc_a-mlock.o)
                0x08007f04                __malloc_unlock
 .text.memset   0x08007f10       0xa4 E:/gcc-arm-none-eabi-10.3-2021.10/bin/../lib/gcc/arm-none-eabi/13.3.1/thumb/v7e-m+fp/hard\libg.a(libc_a-memset.o)
                0x08007f10                memset
 .text._reclaim_reent
                0x08007fb4       0x6c E:/gcc-arm-none-eabi-10.3-2021.10/bin/../lib/gcc/arm-none-eabi/13.3.1/thumb/v7e-m+fp/hard\libg.a(libc_a-reent.o)
                0x08007fb4                _reclaim_reent
 .text._sbrk_r  0x08008020       0x24 E:/gcc-arm-none-eabi-10.3-2021.10/bin/../lib/gcc/arm-none-eabi/13.3.1/thumb/v7e-m+fp/hard\libg.a(libc_a-sbrkr.o)
                0x08008020                _sbrk_r
 .text.__errno  0x08008044        0xc E:/gcc-arm-none-eabi-10.3-2021.10/bin/../lib/gcc/arm-none-eabi/13.3.1/thumb/v7e-m+fp/hard\libg.a(libc_a-errno.o)
                0x08008044                __errno
 .text.__libc_init_array
                0x08008050       0x50 E:/gcc-arm-none-eabi-10.3-2021.10/bin/../lib/gcc/arm-none-eabi/13.3.1/thumb/v7e-m+fp/hard\libg.a(libc_a-init.o)
                0x08008050                __libc_init_array
 .text.__retarget_lock_acquire_recursive
                0x080080a0        0x4 E:/gcc-arm-none-eabi-10.3-2021.10/bin/../lib/gcc/arm-none-eabi/13.3.1/thumb/v7e-m+fp/hard\libg.a(libc_a-lock.o)
                0x080080a0                __retarget_lock_acquire_recursive
 .text.__retarget_lock_release_recursive
                0x080080a4        0x4 E:/gcc-arm-none-eabi-10.3-2021.10/bin/../lib/gcc/arm-none-eabi/13.3.1/thumb/v7e-m+fp/hard\libg.a(libc_a-lock.o)
                0x080080a4                __retarget_lock_release_recursive
 .text.sysconf  0x080080a8       0x1c E:/gcc-arm-none-eabi-10.3-2021.10/bin/../lib/gcc/arm-none-eabi/13.3.1/thumb/v7e-m+fp/hard\libg.a(libc_a-sysconf.o)
                0x080080a8                sysconf
 .text.startup.register_fini
                0x080080c4       0x14 E:/gcc-arm-none-eabi-10.3-2021.10/bin/../lib/gcc/arm-none-eabi/13.3.1/thumb/v7e-m+fp/hard\libg.a(libc_a-__call_atexit.o)
 .text.atexit   0x080080d8        0xc E:/gcc-arm-none-eabi-10.3-2021.10/bin/../lib/gcc/arm-none-eabi/13.3.1/thumb/v7e-m+fp/hard\libg.a(libc_a-atexit.o)
                0x080080d8                atexit
 .text._malloc_trim_r
                0x080080e4       0xb8 E:/gcc-arm-none-eabi-10.3-2021.10/bin/../lib/gcc/arm-none-eabi/13.3.1/thumb/v7e-m+fp/hard\libg.a(libc_a-freer.o)
                0x080080e4                _malloc_trim_r
 .text._free_r  0x0800819c      0x1f8 E:/gcc-arm-none-eabi-10.3-2021.10/bin/../lib/gcc/arm-none-eabi/13.3.1/thumb/v7e-m+fp/hard\libg.a(libc_a-freer.o)
                0x0800819c                _free_r
 .text.__libc_fini_array
                0x08008394       0x28 E:/gcc-arm-none-eabi-10.3-2021.10/bin/../lib/gcc/arm-none-eabi/13.3.1/thumb/v7e-m+fp/hard\libg.a(libc_a-fini.o)
                0x08008394                __libc_fini_array
 .text.__register_exitproc
                0x080083bc       0x80 E:/gcc-arm-none-eabi-10.3-2021.10/bin/../lib/gcc/arm-none-eabi/13.3.1/thumb/v7e-m+fp/hard\libg.a(libc_a-__atexit.o)
                0x080083bc                __register_exitproc
 .text.acosf    0x0800843c       0x58 E:/gcc-arm-none-eabi-10.3-2021.10/bin/../lib/gcc/arm-none-eabi/13.3.1/thumb/v7e-m+fp/hard\libm.a(libm_a-wf_acos.o)
                0x0800843c                acosf
 .text.asinf    0x08008494       0x58 E:/gcc-arm-none-eabi-10.3-2021.10/bin/../lib/gcc/arm-none-eabi/13.3.1/thumb/v7e-m+fp/hard\libm.a(libm_a-wf_asin.o)
                0x08008494                asinf
 .text.atan2f   0x080084ec        0x4 E:/gcc-arm-none-eabi-10.3-2021.10/bin/../lib/gcc/arm-none-eabi/13.3.1/thumb/v7e-m+fp/hard\libm.a(libm_a-wf_atan2.o)
                0x080084ec                atan2f
 .text.sqrtf    0x080084f0       0x44 E:/gcc-arm-none-eabi-10.3-2021.10/bin/../lib/gcc/arm-none-eabi/13.3.1/thumb/v7e-m+fp/hard\libm.a(libm_a-wf_sqrt.o)
                0x080084f0                sqrtf
 .text.fabsf    0x08008534       0x10 E:/gcc-arm-none-eabi-10.3-2021.10/bin/../lib/gcc/arm-none-eabi/13.3.1/thumb/v7e-m+fp/hard\libm.a(libm_a-sf_fabs.o)
                0x08008534                fabsf
 .text.nanf     0x08008544        0xc E:/gcc-arm-none-eabi-10.3-2021.10/bin/../lib/gcc/arm-none-eabi/13.3.1/thumb/v7e-m+fp/hard\libm.a(libm_a-sf_nan.o)
                0x08008544                nanf
 .text.__ieee754_sqrtf
                0x08008550        0x8 E:/gcc-arm-none-eabi-10.3-2021.10/bin/../lib/gcc/arm-none-eabi/13.3.1/thumb/v7e-m+fp/hard\libm.a(libm_a-ef_sqrt.o)
                0x08008550                __ieee754_sqrtf
 .text.__ieee754_acosf
                0x08008558      0x244 E:/gcc-arm-none-eabi-10.3-2021.10/bin/../lib/gcc/arm-none-eabi/13.3.1/thumb/v7e-m+fp/hard\libm.a(libm_a-ef_acos.o)
                0x08008558                __ieee754_acosf
 .text.__ieee754_asinf
                0x0800879c      0x1f8 E:/gcc-arm-none-eabi-10.3-2021.10/bin/../lib/gcc/arm-none-eabi/13.3.1/thumb/v7e-m+fp/hard\libm.a(libm_a-ef_asin.o)
                0x0800879c                __ieee754_asinf
 .text.__ieee754_atan2f
                0x08008994      0x150 E:/gcc-arm-none-eabi-10.3-2021.10/bin/../lib/gcc/arm-none-eabi/13.3.1/thumb/v7e-m+fp/hard\libm.a(libm_a-ef_atan2.o)
                0x08008994                __ieee754_atan2f
 .text.atanf    0x08008ae4      0x1ac E:/gcc-arm-none-eabi-10.3-2021.10/bin/../lib/gcc/arm-none-eabi/13.3.1/thumb/v7e-m+fp/hard\libm.a(libm_a-sf_atan.o)
                0x08008ae4                atanf
 *(.glue_7)
 .glue_7        0x08008c90        0x0 linker stubs
 *(.glue_7t)
 .glue_7t       0x08008c90        0x0 linker stubs
 *(.eh_frame)
 .eh_frame      0x08008c90        0x0 E:/gcc-arm-none-eabi-10.3-2021.10/bin/../lib/gcc/arm-none-eabi/13.3.1/thumb/v7e-m+fp/hard/crtbegin.o
 *(.init)
 .init          0x08008c90        0x4 E:/gcc-arm-none-eabi-10.3-2021.10/bin/../lib/gcc/arm-none-eabi/13.3.1/thumb/v7e-m+fp/hard/crti.o
                0x08008c90                _init
 .init          0x08008c94        0x8 E:/gcc-arm-none-eabi-10.3-2021.10/bin/../lib/gcc/arm-none-eabi/13.3.1/thumb/v7e-m+fp/hard/crtn.o
 *(.fini)
 .fini          0x08008c9c        0x4 E:/gcc-arm-none-eabi-10.3-2021.10/bin/../lib/gcc/arm-none-eabi/13.3.1/thumb/v7e-m+fp/hard/crti.o
                0x08008c9c                _fini
 .fini          0x08008ca0        0x8 E:/gcc-arm-none-eabi-10.3-2021.10/bin/../lib/gcc/arm-none-eabi/13.3.1/thumb/v7e-m+fp/hard/crtn.o
                0x08008ca8                        . = ALIGN (0x4)
                0x08008ca8                        _etext = .

.vfp11_veneer   0x08008ca8        0x0
 .vfp11_veneer  0x08008ca8        0x0 linker stubs

.v4_bx          0x08008ca8        0x0
 .v4_bx         0x08008ca8        0x0 linker stubs

.iplt           0x08008ca8        0x0
 .iplt          0x08008ca8        0x0 E:/gcc-arm-none-eabi-10.3-2021.10/bin/../lib/gcc/arm-none-eabi/13.3.1/thumb/v7e-m+fp/hard/crtbegin.o

.rodata         0x08008ca8      0xa1c
                0x08008ca8                        . = ALIGN (0x4)
 *(.rodata)
 *(.rodata*)
 .rodata.str1.4
                0x08008ca8       0x54 CMakeFiles/FreeRTOS.elf.dir/Core/Src/freertos.c.obj
                                 0x3c (size before relaxing)
 .rodata.START_IMU_TASK_attributes
                0x08008cfc       0x24 CMakeFiles/FreeRTOS.elf.dir/Core/Src/freertos.c.obj
                0x08008cfc                START_IMU_TASK_attributes
 .rodata.START_LEDG_TASK_attributes
                0x08008d20       0x24 CMakeFiles/FreeRTOS.elf.dir/Core/Src/freertos.c.obj
                0x08008d20                START_LEDG_TASK_attributes
 .rodata.START_LEDR_TASK_attributes
                0x08008d44       0x24 CMakeFiles/FreeRTOS.elf.dir/Core/Src/freertos.c.obj
                0x08008d44                START_LEDR_TASK_attributes
 .rodata.defaultTask_attributes
                0x08008d68       0x24 CMakeFiles/FreeRTOS.elf.dir/Core/Src/freertos.c.obj
                0x08008d68                defaultTask_attributes
 .rodata.APBPrescTable
                0x08008d8c        0x8 CMakeFiles/FreeRTOS.elf.dir/Core/Src/system_stm32f4xx.c.obj
                0x08008d8c                APBPrescTable
 .rodata.AHBPrescTable
                0x08008d94       0x10 CMakeFiles/FreeRTOS.elf.dir/Core/Src/system_stm32f4xx.c.obj
                0x08008d94                AHBPrescTable
 .rodata.write_BMI088_gyro_reg_data_error
                0x08008da4       0x12 CMakeFiles/FreeRTOS.elf.dir/Driver/BMI088/Src/BMI088driver.c.obj
 *fill*         0x08008db6        0x2 
 .rodata.write_BMI088_accel_reg_data_error
                0x08008db8       0x12 CMakeFiles/FreeRTOS.elf.dir/Driver/BMI088/Src/BMI088driver.c.obj
 *fill*         0x08008dca        0x2 
 .rodata.IMU_QuaternionEKF_F
                0x08008dcc       0x90 CMakeFiles/FreeRTOS.elf.dir/Driver/BMI088/Src/QuaternionEKF.c.obj
                0x08008dcc                IMU_QuaternionEKF_F
 .rodata.sinTable_f32
                0x08008e5c      0x804 CMakeFiles/FreeRTOS.elf.dir/Drivers/CMSIS/DSP/Source/CommonTables/arm_common_tables.c.obj
                0x08008e5c                sinTable_f32
 .rodata.flagBitshiftOffset.0
                0x08009660        0x8 CMakeFiles/FreeRTOS.elf.dir/Drivers/STM32F4xx_HAL_Driver/Src/stm32f4xx_hal_dma.c.obj
 .rodata.vTaskStartScheduler.str1.4
                0x08009668        0x5 CMakeFiles/FreeRTOS.elf.dir/Middlewares/Third_Party/FreeRTOS/Source/tasks.c.obj
 .rodata.prvCheckForValidListAndQueue.str1.4
                0x08009668        0x5 CMakeFiles/FreeRTOS.elf.dir/Middlewares/Third_Party/FreeRTOS/Source/timers.c.obj
 .rodata.xTimerCreateTimerTask.str1.4
                0x08009668        0x8 CMakeFiles/FreeRTOS.elf.dir/Middlewares/Third_Party/FreeRTOS/Source/timers.c.obj
 .rodata.zb     0x08009668        0xc CMakeFiles/FreeRTOS.elf.dir/Task/Src/imu_task.c.obj
                0x08009668                zb
 .rodata.yb     0x08009674        0xc CMakeFiles/FreeRTOS.elf.dir/Task/Src/imu_task.c.obj
                0x08009674                yb
 .rodata.xb     0x08009680        0xc CMakeFiles/FreeRTOS.elf.dir/Task/Src/imu_task.c.obj
                0x08009680                xb
 .rodata.acosf.str1.4
                0x0800968c        0x1 E:/gcc-arm-none-eabi-10.3-2021.10/bin/../lib/gcc/arm-none-eabi/13.3.1/thumb/v7e-m+fp/hard\libm.a(libm_a-wf_acos.o)
 .rodata.asinf.str1.4
                0x0800968c        0x1 E:/gcc-arm-none-eabi-10.3-2021.10/bin/../lib/gcc/arm-none-eabi/13.3.1/thumb/v7e-m+fp/hard\libm.a(libm_a-wf_asin.o)
 .rodata.CSWTCH.9
                0x0800968c        0xc E:/gcc-arm-none-eabi-10.3-2021.10/bin/../lib/gcc/arm-none-eabi/13.3.1/thumb/v7e-m+fp/hard\libm.a(libm_a-ef_atan2.o)
 .rodata.CSWTCH.8
                0x08009698        0xc E:/gcc-arm-none-eabi-10.3-2021.10/bin/../lib/gcc/arm-none-eabi/13.3.1/thumb/v7e-m+fp/hard\libm.a(libm_a-ef_atan2.o)
 .rodata.atanlo
                0x080096a4       0x10 E:/gcc-arm-none-eabi-10.3-2021.10/bin/../lib/gcc/arm-none-eabi/13.3.1/thumb/v7e-m+fp/hard\libm.a(libm_a-sf_atan.o)
 .rodata.atanhi
                0x080096b4       0x10 E:/gcc-arm-none-eabi-10.3-2021.10/bin/../lib/gcc/arm-none-eabi/13.3.1/thumb/v7e-m+fp/hard\libm.a(libm_a-sf_atan.o)
                0x080096c4                        . = ALIGN (0x4)

.ARM.extab      0x080096c4        0x0
                0x080096c4                        . = ALIGN (0x4)
 *(.ARM.extab* .gnu.linkonce.armextab.*)
                0x080096c4                        . = ALIGN (0x4)

.ARM            0x080096c4        0x8
                0x080096c4                        . = ALIGN (0x4)
                0x080096c4                        __exidx_start = .
 *(.ARM.exidx*)
 .ARM.exidx     0x080096c4        0x8 E:/gcc-arm-none-eabi-10.3-2021.10/bin/../lib/gcc/arm-none-eabi/13.3.1/thumb/v7e-m+fp/hard\libg.a(libc_a-memcpy.o)
 .ARM.exidx.text.__udivmoddi4
                0x080096cc        0x0 E:/gcc-arm-none-eabi-10.3-2021.10/bin/../lib/gcc/arm-none-eabi/13.3.1/thumb/v7e-m+fp/hard\libgcc.a(_udivmoddi4.o)
                                  0x8 (size before relaxing)
                0x080096cc                        __exidx_end = .
                0x080096cc                        . = ALIGN (0x4)

.rel.dyn        0x080096cc        0x0
 .rel.iplt      0x080096cc        0x0 E:/gcc-arm-none-eabi-10.3-2021.10/bin/../lib/gcc/arm-none-eabi/13.3.1/thumb/v7e-m+fp/hard/crtbegin.o

.preinit_array  0x080096cc        0x0
                0x080096cc                        . = ALIGN (0x4)
                0x080096cc                        PROVIDE (__preinit_array_start = .)
 *(.preinit_array*)
                0x080096cc                        PROVIDE (__preinit_array_end = .)
                0x080096cc                        . = ALIGN (0x4)

.init_array     0x080096cc        0x8
                0x080096cc                        . = ALIGN (0x4)
                0x080096cc                        PROVIDE (__init_array_start = .)
 *(SORT_BY_NAME(.init_array.*))
 .init_array.00000
                0x080096cc        0x4 E:/gcc-arm-none-eabi-10.3-2021.10/bin/../lib/gcc/arm-none-eabi/13.3.1/thumb/v7e-m+fp/hard\libg.a(libc_a-__call_atexit.o)
 *(.init_array*)
 .init_array    0x080096d0        0x4 E:/gcc-arm-none-eabi-10.3-2021.10/bin/../lib/gcc/arm-none-eabi/13.3.1/thumb/v7e-m+fp/hard/crtbegin.o
                0x080096d4                        PROVIDE (__init_array_end = .)
                0x080096d4                        . = ALIGN (0x4)

.fini_array     0x080096d4        0x4
                0x080096d4                        . = ALIGN (0x4)
                0x080096d4                        PROVIDE (__fini_array_start = .)