Archive member included to satisfy reference by file (symbol)

E:/gcc-arm-none-eabi-10.3-2021.10/bin/../lib/gcc/arm-none-eabi/13.3.1/thumb/v7e-m+fp/hard\libgcc.a(_arm_muldf3.o)
                              CMakeFiles/FreeRTOS.elf.dir/Drivers/CMSIS/DSP/Source/FilteringFunctions/arm_biquad_cascade_df2T_f64.c.obj (__aeabi_dmul)
E:/gcc-arm-none-eabi-10.3-2021.10/bin/../lib/gcc/arm-none-eabi/13.3.1/thumb/v7e-m+fp/hard\libgcc.a(_arm_addsubdf3.o)
                              CMakeFiles/FreeRTOS.elf.dir/Drivers/CMSIS/DSP/Source/MatrixFunctions/arm_mat_inverse_f64.c.obj (__aeabi_dsub)
E:/gcc-arm-none-eabi-10.3-2021.10/bin/../lib/gcc/arm-none-eabi/13.3.1/thumb/v7e-m+fp/hard\libgcc.a(_arm_muldivdf3.o)
                              CMakeFiles/FreeRTOS.elf.dir/BSP/Src/bsp_dwt.c.obj (__aeabi_ddiv)
E:/gcc-arm-none-eabi-10.3-2021.10/bin/../lib/gcc/arm-none-eabi/13.3.1/thumb/v7e-m+fp/hard\libgcc.a(_arm_cmpdf2.o)
                              CMakeFiles/FreeRTOS.elf.dir/Drivers/CMSIS/DSP/Source/MatrixFunctions/arm_mat_inverse_f64.c.obj (__aeabi_dcmpeq)
E:/gcc-arm-none-eabi-10.3-2021.10/bin/../lib/gcc/arm-none-eabi/13.3.1/thumb/v7e-m+fp/hard\libgcc.a(_arm_truncdfsf2.o)
                              CMakeFiles/FreeRTOS.elf.dir/Driver/BMI088/Src/controller.c.obj (__aeabi_d2f)
E:/gcc-arm-none-eabi-10.3-2021.10/bin/../lib/gcc/arm-none-eabi/13.3.1/thumb/v7e-m+fp/hard\libgcc.a(_aeabi_ldivmod.o)
                              CMakeFiles/FreeRTOS.elf.dir/Drivers/CMSIS/DSP/Source/StatisticsFunctions/arm_mean_q31.c.obj (__aeabi_ldivmod)
E:/gcc-arm-none-eabi-10.3-2021.10/bin/../lib/gcc/arm-none-eabi/13.3.1/thumb/v7e-m+fp/hard\libgcc.a(_aeabi_uldivmod.o)
                              CMakeFiles/FreeRTOS.elf.dir/BSP/Src/bsp_dwt.c.obj (__aeabi_uldivmod)
E:/gcc-arm-none-eabi-10.3-2021.10/bin/../lib/gcc/arm-none-eabi/13.3.1/thumb/v7e-m+fp/hard\libgcc.a(_fixsfdi.o)
                              CMakeFiles/FreeRTOS.elf.dir/Drivers/CMSIS/DSP/Source/SupportFunctions/arm_float_to_q31.c.obj (__aeabi_f2lz)
E:/gcc-arm-none-eabi-10.3-2021.10/bin/../lib/gcc/arm-none-eabi/13.3.1/thumb/v7e-m+fp/hard\libgcc.a(_fixunssfdi.o)
                              E:/gcc-arm-none-eabi-10.3-2021.10/bin/../lib/gcc/arm-none-eabi/13.3.1/thumb/v7e-m+fp/hard\libgcc.a(_fixsfdi.o) (__aeabi_f2ulz)
E:/gcc-arm-none-eabi-10.3-2021.10/bin/../lib/gcc/arm-none-eabi/13.3.1/thumb/v7e-m+fp/hard\libgcc.a(_udivmoddi4.o)
                              E:/gcc-arm-none-eabi-10.3-2021.10/bin/../lib/gcc/arm-none-eabi/13.3.1/thumb/v7e-m+fp/hard\libgcc.a(_aeabi_ldivmod.o) (__udivmoddi4)
E:/gcc-arm-none-eabi-10.3-2021.10/bin/../lib/gcc/arm-none-eabi/13.3.1/thumb/v7e-m+fp/hard\libgcc.a(_dvmd_tls.o)
                              E:/gcc-arm-none-eabi-10.3-2021.10/bin/../lib/gcc/arm-none-eabi/13.3.1/thumb/v7e-m+fp/hard\libgcc.a(_aeabi_ldivmod.o) (__aeabi_ldiv0)
E:/gcc-arm-none-eabi-10.3-2021.10/bin/../lib/gcc/arm-none-eabi/13.3.1/thumb/v7e-m+fp/hard\libgcc.a(_arm_fixunsdfsi.o)
                              E:/gcc-arm-none-eabi-10.3-2021.10/bin/../lib/gcc/arm-none-eabi/13.3.1/thumb/v7e-m+fp/hard\libgcc.a(_fixunssfdi.o) (__aeabi_d2uiz)
E:/gcc-arm-none-eabi-10.3-2021.10/bin/../lib/gcc/arm-none-eabi/13.3.1/thumb/v7e-m+fp/hard\libg.a(libc_a-exit.o)
                              E:/gcc-arm-none-eabi-10.3-2021.10/bin/../lib/gcc/arm-none-eabi/13.3.1/thumb/v7e-m+fp/hard/crt0.o (exit)
E:/gcc-arm-none-eabi-10.3-2021.10/bin/../lib/gcc/arm-none-eabi/13.3.1/thumb/v7e-m+fp/hard\libg.a(libc_a-malloc.o)
                              CMakeFiles/FreeRTOS.elf.dir/Driver/BMI088/Src/kalman_filter.c.obj (malloc)
E:/gcc-arm-none-eabi-10.3-2021.10/bin/../lib/gcc/arm-none-eabi/13.3.1/thumb/v7e-m+fp/hard\libg.a(libc_a-mallocr.o)
                              E:/gcc-arm-none-eabi-10.3-2021.10/bin/../lib/gcc/arm-none-eabi/13.3.1/thumb/v7e-m+fp/hard\libg.a(libc_a-malloc.o) (_malloc_r)
E:/gcc-arm-none-eabi-10.3-2021.10/bin/../lib/gcc/arm-none-eabi/13.3.1/thumb/v7e-m+fp/hard\libg.a(libc_a-mlock.o)
                              E:/gcc-arm-none-eabi-10.3-2021.10/bin/../lib/gcc/arm-none-eabi/13.3.1/thumb/v7e-m+fp/hard\libg.a(libc_a-mallocr.o) (__malloc_lock)
E:/gcc-arm-none-eabi-10.3-2021.10/bin/../lib/gcc/arm-none-eabi/13.3.1/thumb/v7e-m+fp/hard\libg.a(libc_a-findfp.o)
                              CMakeFiles/FreeRTOS.elf.dir/Middlewares/Third_Party/FreeRTOS/Source/tasks.c.obj (__sf)
E:/gcc-arm-none-eabi-10.3-2021.10/bin/../lib/gcc/arm-none-eabi/13.3.1/thumb/v7e-m+fp/hard\libg.a(libc_a-fwalk.o)
                              E:/gcc-arm-none-eabi-10.3-2021.10/bin/../lib/gcc/arm-none-eabi/13.3.1/thumb/v7e-m+fp/hard\libg.a(libc_a-findfp.o) (_fwalk_sglue)
E:/gcc-arm-none-eabi-10.3-2021.10/bin/../lib/gcc/arm-none-eabi/13.3.1/thumb/v7e-m+fp/hard\libg.a(libc_a-stdio.o)
                              E:/gcc-arm-none-eabi-10.3-2021.10/bin/../lib/gcc/arm-none-eabi/13.3.1/thumb/v7e-m+fp/hard\libg.a(libc_a-findfp.o) (__sread)
E:/gcc-arm-none-eabi-10.3-2021.10/bin/../lib/gcc/arm-none-eabi/13.3.1/thumb/v7e-m+fp/hard\libg.a(libc_a-memset.o)
[...]
Memory Configuration

Name             Origin             Length             Attributes
CCMRAM           0x10000000         0x00010000         xrw
RAM              0x20000000         0x00020000         xrw
FLASH            0x08000000         0x00100000         xr
*default*        0x00000000         0xffffffff

Linker script and memory map

LOAD E:/gcc-arm-none-eabi-10.3-2021.10/bin/../lib/gcc/arm-none-eabi/13.3.1/thumb/v7e-m+fp/hard/crti.o
LOAD E:/gcc-arm-none-eabi-10.3-2021.10/bin/../lib/gcc/arm-none-eabi/13.3.1/thumb/v7e-m+fp/hard/crtbegin.o
LOAD E:/gcc-arm-none-eabi-10.3-2021.10/bin/../lib/gcc/arm-none-eabi/13.3.1/thumb/v7e-m+fp/hard/crt0.o
LOAD CMakeFiles/FreeRTOS.elf.dir/BSP/Src/bsp_PWM.c.obj
LOAD CMakeFiles/FreeRTOS.elf.dir/BSP/Src/bsp_dwt.c.obj
LOAD CMakeFiles/FreeRTOS.elf.dir/Core/Src/dma.c.obj
LOAD CMakeFiles/FreeRTOS.elf.dir/Core/Src/freertos.c.obj
LOAD CMakeFiles/FreeRTOS.elf.dir/Core/Src/gpio.c.obj
LOAD CMakeFiles/FreeRTOS.elf.dir/Core/Src/main.c.obj
LOAD CMakeFiles/FreeRTOS.elf.dir/Core/Src/spi.c.obj
LOAD CMakeFiles/FreeRTOS.elf.dir/Core/Src/stm32f4xx_hal_msp.c.obj
LOAD CMakeFiles/FreeRTOS.elf.dir/Core/Src/stm32f4xx_hal_timebase_tim.c.obj
LOAD CMakeFiles/FreeRTOS.elf.dir/Core/Src/stm32f4xx_it.c.obj
LOAD CMakeFiles/FreeRTOS.elf.dir/Core/Src/syscalls.c.obj
LOAD CMakeFiles/FreeRTOS.elf.dir/Core/Src/sysmem.c.obj
LOAD CMakeFiles/FreeRTOS.elf.dir/Core/Src/system_stm32f4xx.c.obj
LOAD CMakeFiles/FreeRTOS.elf.dir/Core/Src/tim.c.obj
LOAD CMakeFiles/FreeRTOS.elf.dir/Core/Src/usart.c.obj
LOAD CMakeFiles/FreeRTOS.elf.dir/Core/Startup/startup_stm32f407ighx.s.obj
LOAD CMakeFiles/FreeRTOS.elf.dir/Driver/BMI088/Src/BMI088Middleware.c.obj
LOAD CMakeFiles/FreeRTOS.elf.dir/Driver/BMI088/Src/BMI088driver.c.obj
LOAD CMakeFiles/FreeRTOS.elf.dir/Driver/BMI088/Src/QuaternionEKF.c.obj
LOAD CMakeFiles/FreeRTOS.elf.dir/Driver/BMI088/Src/controller.c.obj
LOAD CMakeFiles/FreeRTOS.elf.dir/Driver/BMI088/Src/kalman_filter.c.obj
LOAD CMakeFiles/FreeRTOS.elf.dir/Driver/BMI088/Src/user_lib.c.obj
LOAD CMakeFiles/FreeRTOS.elf.dir/Drivers/CMSIS/DSP/Source/BasicMathFunctions/arm_abs_f32.c.obj
LOAD CMakeFiles/FreeRTOS.elf.dir/Drivers/CMSIS/DSP/Source/BasicMathFunctions/arm_abs_q15.c.obj
LOAD CMakeFiles/FreeRTOS.elf.dir/Drivers/CMSIS/DSP/Source/BasicMathFunctions/arm_abs_q31.c.obj
LOAD CMakeFiles/FreeRTOS.elf.dir/Drivers/CMSIS/DSP/Source/BasicMathFunctions/arm_abs_q7.c.obj
LOAD CMakeFiles/FreeRTOS.elf.dir/Drivers/CMSIS/DSP/Source/BasicMathFunctions/arm_add_f32.c.obj
LOAD CMakeFiles/FreeRTOS.elf.dir/Drivers/CMSIS/DSP/Source/BasicMathFunctions/arm_add_q15.c.obj
LOAD CMakeFiles/FreeRTOS.elf.dir/Drivers/CMSIS/DSP/Source/BasicMathFunctions/arm_add_q31.c.obj
LOAD CMakeFiles/FreeRTOS.elf.dir/Drivers/CMSIS/DSP/Source/BasicMathFunctions/arm_add_q7.c.obj
LOAD CMakeFiles/FreeRTOS.elf.dir/Drivers/CMSIS/DSP/Source/BasicMathFunctions/arm_dot_prod_f32.c.obj
LOAD CMakeFiles/FreeRTOS.elf.dir/Drivers/CMSIS/DSP/Source/BasicMathFunctions/arm_dot_prod_q15.c.obj
LOAD CMakeFiles/FreeRTOS.elf.dir/Drivers/CMSIS/DSP/Source/BasicMathFunctions/arm_dot_prod_q31.c.obj
LOAD CMakeFiles/FreeRTOS.elf.dir/Drivers/CMSIS/DSP/Source/BasicMathFunctions/arm_dot_prod_q7.c.obj
LOAD CMakeFiles/FreeRTOS.elf.dir/Drivers/CMSIS/DSP/Source/BasicMathFunctions/arm_mult_f32.c.obj
LOAD CMakeFiles/FreeRTOS.elf.dir/Drivers/CMSIS/DSP/Source/BasicMathFunctions/arm_mult_q15.c.obj
LOAD CMakeFiles/FreeRTOS.elf.dir/Drivers/CMSIS/DSP/Source/BasicMathFunctions/arm_mult_q31.c.obj
LOAD CMakeFiles/FreeRTOS.elf.dir/Drivers/CMSIS/DSP/Source/BasicMathFunctions/arm_mult_q7.c.obj
LOAD CMakeFiles/FreeRTOS.elf.dir/Drivers/CMSIS/DSP/Source/BasicMathFunctions/arm_negate_f32.c.obj
LOAD CMakeFiles/FreeRTOS.elf.dir/Drivers/CMSIS/DSP/Source/BasicMathFunctions/arm_negate_q15.c.obj
LOAD CMakeFiles/FreeRTOS.elf.dir/Drivers/CMSIS/DSP/Source/BasicMathFunctions/arm_negate_q31.c.obj
LOAD CMakeFiles/FreeRTOS.elf.dir/Drivers/CMSIS/DSP/Source/BasicMathFunctions/arm_negate_q7.c.obj
LOAD CMakeFiles/FreeRTOS.elf.dir/Drivers/CMSIS/DSP/Source/BasicMathFunctions/arm_offset_f32.c.obj
LOAD CMakeFiles/FreeRTOS.elf.dir/Drivers/CMSIS/DSP/Source/BasicMathFunctions/arm_offset_q15.c.obj
LOAD CMakeFiles/FreeRTOS.elf.dir/Drivers/CMSIS/DSP/Source/BasicMathFunctions/arm_offset_q31.c.obj
LOAD CMakeFiles/FreeRTOS.elf.dir/Drivers/CMSIS/DSP/Source/BasicMathFunctions/arm_offset_q7.c.obj
LOAD CMakeFiles/FreeRTOS.elf.dir/Drivers/CMSIS/DSP/Source/BasicMathFunctions/arm_scale_f32.c.obj
LOAD CMakeFiles/FreeRTOS.elf.dir/Drivers/CMSIS/DSP/Source/BasicMathFunctions/arm_scale_q15.c.obj
LOAD CMakeFiles/FreeRTOS.elf.dir/Drivers/CMSIS/DSP/Source/BasicMathFunctions/arm_scale_q31.c.obj
LOAD CMakeFiles/FreeRTOS.elf.dir/Drivers/CMSIS/DSP/Source/BasicMathFunctions/arm_scale_q7.c.obj
LOAD CMakeFiles/FreeRTOS.elf.dir/Drivers/CMSIS/DSP/Source/BasicMathFunctions/arm_shift_q15.c.obj
LOAD CMakeFiles/FreeRTOS.elf.dir/Drivers/CMSIS/DSP/Source/BasicMathFunctions/arm_shift_q31.c.obj
LOAD CMakeFiles/FreeRTOS.elf.dir/Drivers/CMSIS/DSP/Source/BasicMathFunctions/arm_shift_q7.c.obj
LOAD CMakeFiles/FreeRTOS.elf.dir/Drivers/CMSIS/DSP/Source/BasicMathFunctions/arm_sub_f32.c.obj
LOAD CMakeFiles/FreeRTOS.elf.dir/Drivers/CMSIS/DSP/Source/BasicMathFunctions/arm_sub_q15.c.obj
LOAD CMakeFiles/FreeRTOS.elf.dir/Drivers/CMSIS/DSP/Source/BasicMathFunctions/arm_sub_q31.c.obj
LOAD CMakeFiles/FreeRTOS.elf.dir/Drivers/CMSIS/DSP/Source/BasicMathFunctions/arm_sub_q7.c.obj
LOAD CMakeFiles/FreeRTOS.elf.dir/Drivers/CMSIS/DSP/Source/CommonTables/arm_common_tables.c.obj
LOAD CMakeFiles/FreeRTOS.elf.dir/Drivers/CMSIS/DSP/Source/CommonTables/arm_const_structs.c.obj
LOAD CMakeFiles/FreeRTOS.elf.dir/Drivers/CMSIS/DSP/Source/ComplexMathFunctions/arm_cmplx_conj_f32.c.obj
LOAD CMakeFiles/FreeRTOS.elf.dir/Drivers/CMSIS/DSP/Source/ComplexMathFunctions/arm_cmplx_conj_q15.c.obj
LOAD CMakeFiles/FreeRTOS.elf.dir/Drivers/CMSIS/DSP/Source/ComplexMathFunctions/arm_cmplx_conj_q31.c.obj
LOAD CMakeFiles/FreeRTOS.elf.dir/Drivers/CMSIS/DSP/Source/ComplexMathFunctions/arm_cmplx_dot_prod_f32.c.obj
LOAD CMakeFiles/FreeRTOS.elf.dir/Drivers/CMSIS/DSP/Source/ComplexMathFunctions/arm_cmplx_dot_prod_q15.c.obj
LOAD CMakeFiles/FreeRTOS.elf.dir/Drivers/CMSIS/DSP/Source/ComplexMathFunctions/arm_cmplx_dot_prod_q31.c.obj
LOAD CMakeFiles/FreeRTOS.elf.dir/Drivers/CMSIS/DSP/Source/ComplexMathFunctions/arm_cmplx_mag_f32.c.obj
LOAD CMakeFiles/FreeRTOS.elf.dir/Drivers/CMSIS/DSP/Source/ComplexMathFunctions/arm_cmplx_mag_q15.c.obj
LOAD CMakeFiles/FreeRTOS.elf.dir/Drivers/CMSIS/DSP/Source/ComplexMathFunctions/arm_cmplx_mag_q31.c.obj
LOAD CMakeFiles/FreeRTOS.elf.dir/Drivers/CMSIS/DSP/Source/ComplexMathFunctions/arm_cmplx_mag_squared_f32.c.obj
LOAD CMakeFiles/FreeRTOS.elf.dir/Drivers/CMSIS/DSP/Source/ComplexMathFunctions/arm_cmplx_mag_squared_q15.c.obj
LOAD CMakeFiles/FreeRTOS.elf.dir/Drivers/CMSIS/DSP/Source/ComplexMathFunctions/arm_cmplx_mag_squared_q31.c.obj
LOAD CMakeFiles/FreeRTOS.elf.dir/Drivers/CMSIS/DSP/Source/ComplexMathFunctions/arm_cmplx_mult_cmplx_f32.c.obj
LOAD CMakeFiles/FreeRTOS.elf.dir/Drivers/CMSIS/DSP/Source/ComplexMathFunctions/arm_cmplx_mult_cmplx_q15.c.obj
LOAD CMakeFiles/FreeRTOS.elf.dir/Drivers/CMSIS/DSP/Source/ComplexMathFunctions/arm_cmplx_mult_cmplx_q31.c.obj
LOAD CMakeFiles/FreeRTOS.elf.dir/Drivers/CMSIS/DSP/Source/ComplexMathFunctions/arm_cmplx_mult_real_f32.c.obj
LOAD CMakeFiles/FreeRTOS.elf.dir/Drivers/CMSIS/DSP/Source/ComplexMathFunctions/arm_cmplx_mult_real_q15.c.obj
LOAD CMakeFiles/FreeRTOS.elf.dir/Drivers/CMSIS/DSP/Source/ComplexMathFunctions/arm_cmplx_mult_real_q31.c.obj
LOAD CMakeFiles/FreeRTOS.elf.dir/Drivers/CMSIS/DSP/Source/ControllerFunctions/arm_pid_init_f32.c.obj
LOAD CMakeFiles/FreeRTOS.elf.dir/Drivers/CMSIS/DSP/Source/ControllerFunctions/arm_pid_init_q15.c.obj
LOAD CMakeFiles/FreeRTOS.elf.dir/Drivers/CMSIS/DSP/Source/ControllerFunctions/arm_pid_init_q31.c.obj
LOAD CMakeFiles/FreeRTOS.elf.dir/Drivers/CMSIS/DSP/Source/ControllerFunctions/arm_pid_reset_f32.c.obj
LOAD CMakeFiles/FreeRTOS.elf.dir/Drivers/CMSIS/DSP/Source/ControllerFunctions/arm_pid_reset_q15.c.obj
LOAD CMakeFiles/FreeRTOS.elf.dir/Drivers/CMSIS/DSP/Source/ControllerFunctions/arm_pid_reset_q31.c.obj
LOAD CMakeFiles/FreeRTOS.elf.dir/Drivers/CMSIS/DSP/Source/ControllerFunctions/arm_sin_cos_f32.c.obj
LOAD CMakeFiles/FreeRTOS.elf.dir/Drivers/CMSIS/DSP/Source/ControllerFunctions/arm_sin_cos_q31.c.obj
LOAD CMakeFiles/FreeRTOS.elf.dir/Drivers/CMSIS/DSP/Source/FastMathFunctions/arm_cos_f32.c.obj
LOAD CMakeFiles/FreeRTOS.elf.dir/Drivers/CMSIS/DSP/Source/FastMathFunctions/arm_cos_q15.c.obj
LOAD CMakeFiles/FreeRTOS.elf.dir/Drivers/CMSIS/DSP/Source/FastMathFunctions/arm_cos_q31.c.obj
LOAD CMakeFiles/FreeRTOS.elf.dir/Drivers/CMSIS/DSP/Source/FastMathFunctions/arm_sin_f32.c.obj
LOAD CMakeFiles/FreeRTOS.elf.dir/Drivers/CMSIS/DSP/Source/FastMathFunctions/arm_sin_q15.c.obj
LOAD CMakeFiles/FreeRTOS.elf.dir/Drivers/CMSIS/DSP/Source/FastMathFunctions/arm_sin_q31.c.obj
LOAD CMakeFiles/FreeRTOS.elf.dir/Drivers/CMSIS/DSP/Source/FastMathFunctions/arm_sqrt_q15.c.obj
LOAD CMakeFiles/FreeRTOS.elf.dir/Drivers/CMSIS/DSP/Source/FastMathFunctions/arm_sqrt_q31.c.obj
LOAD CMakeFiles/FreeRTOS.elf.dir/Drivers/CMSIS/DSP/Source/FilteringFunctions/arm_biquad_cascade_df1_32x64_init_q31.c.obj
LOAD CMakeFiles/FreeRTOS.elf.dir/Drivers/CMSIS/DSP/Source/FilteringFunctions/arm_biquad_cascade_df1_32x64_q31.c.obj
LOAD CMakeFiles/FreeRTOS.elf.dir/Drivers/CMSIS/DSP/Source/FilteringFunctions/arm_biquad_cascade_df1_f32.c.obj
LOAD CMakeFiles/FreeRTOS.elf.dir/Drivers/CMSIS/DSP/Source/FilteringFunctions/arm_biquad_cascade_df1_fast_q15.c.obj
LOAD CMakeFiles/FreeRTOS.elf.dir/Drivers/CMSIS/DSP/Source/FilteringFunctions/arm_biquad_cascade_df1_fast_q31.c.obj
LOAD CMakeFiles/FreeRTOS.elf.dir/Drivers/CMSIS/DSP/Source/FilteringFunctions/arm_biquad_cascade_df1_init_f32.c.obj
LOAD CMakeFiles/FreeRTOS.elf.dir/Drivers/CMSIS/DSP/Source/FilteringFunctions/arm_biquad_cascade_df1_init_q15.c.obj
LOAD CMakeFiles/FreeRTOS.elf.dir/Drivers/CMSIS/DSP/Source/FilteringFunctions/arm_biquad_cascade_df1_init_q31.c.obj
LOAD CMakeFiles/FreeRTOS.elf.dir/Drivers/CMSIS/DSP/Source/FilteringFunctions/arm_biquad_cascade_df1_q15.c.obj
LOAD CMakeFiles/FreeRTOS.elf.dir/Drivers/CMSIS/DSP/Source/FilteringFunctions/arm_biquad_cascade_df1_q31.c.obj
LOAD CMakeFiles/FreeRTOS.elf.dir/Drivers/CMSIS/DSP/Source/FilteringFunctions/arm_biquad_cascade_df2T_f32.c.obj
LOAD CMakeFiles/FreeRTOS.elf.dir/Drivers/CMSIS/DSP/Source/FilteringFunctions/arm_biquad_cascade_df2T_f64.c.obj
LOAD CMakeFiles/FreeRTOS.elf.dir/Drivers/CMSIS/DSP/Source/FilteringFunctions/arm_biquad_cascade_df2T_init_f32.c.obj
LOAD CMakeFiles/FreeRTOS.elf.dir/Drivers/CMSIS/DSP/Source/FilteringFunctions/arm_biquad_cascade_df2T_init_f64.c.obj
LOAD CMakeFiles/FreeRTOS.elf.dir/Drivers/CMSIS/DSP/Source/FilteringFunctions/arm_biquad_cascade_stereo_df2T_f32.c.obj
LOAD CMakeFiles/FreeRTOS.elf.dir/Drivers/CMSIS/DSP/Source/FilteringFunctions/arm_biquad_cascade_stereo_df2T_init_f32.c.obj
LOAD CMakeFiles/FreeRTOS.elf.dir/Drivers/CMSIS/DSP/Source/FilteringFunctions/arm_conv_f32.c.obj
LOAD CMakeFiles/FreeRTOS.elf.dir/Drivers/CMSIS/DSP/Source/FilteringFunctions/arm_conv_fast_opt_q15.c.obj
LOAD CMakeFiles/FreeRTOS.elf.dir/Drivers/CMSIS/DSP/Source/FilteringFunctions/arm_conv_fast_q15.c.obj
LOAD CMakeFiles/FreeRTOS.elf.dir/Drivers/CMSIS/DSP/Source/FilteringFunctions/arm_conv_fast_q31.c.obj
LOAD CMakeFiles/FreeRTOS.elf.dir/Drivers/CMSIS/DSP/Source/FilteringFunctions/arm_conv_opt_q15.c.obj
LOAD CMakeFiles/FreeRTOS.elf.dir/Drivers/CMSIS/DSP/Source/FilteringFunctions/arm_conv_opt_q7.c.obj
LOAD CMakeFiles/FreeRTOS.elf.dir/Drivers/CMSIS/DSP/Source/FilteringFunctions/arm_conv_partial_f32.c.obj
LOAD CMakeFiles/FreeRTOS.elf.dir/Drivers/CMSIS/DSP/Source/FilteringFunctions/arm_conv_partial_fast_opt_q15.c.obj
LOAD CMakeFiles/FreeRTOS.elf.dir/Drivers/CMSIS/DSP/Source/FilteringFunctions/arm_conv_partial_fast_q15.c.obj
LOAD CMakeFiles/FreeRTOS.elf.dir/Drivers/CMSIS/DSP/Source/FilteringFunctions/arm_conv_partial_fast_q31.c.obj
LOAD CMakeFiles/FreeRTOS.elf.dir/Drivers/CMSIS/DSP/Source/FilteringFunctions/arm_conv_partial_opt_q15.c.obj
LOAD CMakeFiles/FreeRTOS.elf.dir/Drivers/CMSIS/DSP/Source/FilteringFunctions/arm_conv_partial_opt_q7.c.obj
LOAD CMakeFiles/FreeRTOS.elf.dir/Drivers/CMSIS/DSP/Source/FilteringFunctions/arm_conv_partial_q15.c.obj
LOAD CMakeFiles/FreeRTOS.elf.dir/Drivers/CMSIS/DSP/Source/FilteringFunctions/arm_conv_partial_q31.c.obj
LOAD CMakeFiles/FreeRTOS.elf.dir/Drivers/CMSIS/DSP/Source/FilteringFunctions/arm_conv_partial_q7.c.obj
LOAD CMakeFiles/FreeRTOS.elf.dir/Drivers/CMSIS/DSP/Source/FilteringFunctions/arm_conv_q15.c.obj
LOAD CMakeFiles/FreeRTOS.elf.dir/Drivers/CMSIS/DSP/Source/FilteringFunctions/arm_conv_q31.c.obj
LOAD CMakeFiles/FreeRTOS.elf.dir/Drivers/CMSIS/DSP/Source/FilteringFunctions/arm_conv_q7.c.obj
LOAD CMakeFiles/FreeRTOS.elf.dir/Drivers/CMSIS/DSP/Source/FilteringFunctions/arm_correlate_f32.c.obj
LOAD CMakeFiles/FreeRTOS.elf.dir/Drivers/CMSIS/DSP/Source/FilteringFunctions/arm_correlate_fast_opt_q15.c.obj
LOAD CMakeFiles/FreeRTOS.elf.dir/Drivers/CMSIS/DSP/Source/FilteringFunctions/arm_correlate_fast_q15.c.obj
LOAD CMakeFiles/FreeRTOS.elf.dir/Drivers/CMSIS/DSP/Source/FilteringFunctions/arm_correlate_fast_q31.c.obj
LOAD CMakeFiles/FreeRTOS.elf.dir/Drivers/CMSIS/DSP/Source/FilteringFunctions/arm_correlate_opt_q15.c.obj
LOAD CMakeFiles/FreeRTOS.elf.dir/Drivers/CMSIS/DSP/Source/FilteringFunctions/arm_correlate_opt_q7.c.obj
LOAD CMakeFiles/FreeRTOS.elf.dir/Drivers/CMSIS/DSP/Source/FilteringFunctions/arm_correlate_q15.c.obj
LOAD CMakeFiles/FreeRTOS.elf.dir/Drivers/CMSIS/DSP/Source/FilteringFunctions/arm_correlate_q31.c.obj
LOAD CMakeFiles/FreeRTOS.elf.dir/Drivers/CMSIS/DSP/Source/FilteringFunctions/arm_correlate_q7.c.obj
LOAD CMakeFiles/FreeRTOS.elf.dir/Drivers/CMSIS/DSP/Source/FilteringFunctions/arm_fir_decimate_f32.c.obj
LOAD CMakeFiles/FreeRTOS.elf.dir/Drivers/CMSIS/DSP/Source/FilteringFunctions/arm_fir_decimate_fast_q15.c.obj
LOAD CMakeFiles/FreeRTOS.elf.dir/Drivers/CMSIS/DSP/Source/FilteringFunctions/arm_fir_decimate_fast_q31.c.obj
LOAD CMakeFiles/FreeRTOS.elf.dir/Drivers/CMSIS/DSP/Source/FilteringFunctions/arm_fir_decimate_init_f32.c.obj
LOAD CMakeFiles/FreeRTOS.elf.dir/Drivers/CMSIS/DSP/Source/FilteringFunctions/arm_fir_decimate_init_q15.c.obj
LOAD CMakeFiles/FreeRTOS.elf.dir/Drivers/CMSIS/DSP/Source/FilteringFunctions/arm_fir_decimate_init_q31.c.obj
LOAD CMakeFiles/FreeRTOS.elf.dir/Drivers/CMSIS/DSP/Source/FilteringFunctions/arm_fir_decimate_q15.c.obj
LOAD CMakeFiles/FreeRTOS.elf.dir/Drivers/CMSIS/DSP/Source/FilteringFunctions/arm_fir_decimate_q31.c.obj
LOAD CMakeFiles/FreeRTOS.elf.dir/Drivers/CMSIS/DSP/Source/FilteringFunctions/arm_fir_f32.c.obj
LOAD CMakeFiles/FreeRTOS.elf.dir/Drivers/CMSIS/DSP/Source/FilteringFunctions/arm_fir_fast_q15.c.obj
LOAD CMakeFiles/FreeRTOS.elf.dir/Drivers/CMSIS/DSP/Source/FilteringFunctions/arm_fir_fast_q31.c.obj
LOAD CMakeFiles/FreeRTOS.elf.dir/Drivers/CMSIS/DSP/Source/FilteringFunctions/arm_fir_init_f32.c.obj
LOAD CMakeFiles/FreeRTOS.elf.dir/Drivers/CMSIS/DSP/Source/FilteringFunctions/arm_fir_init_q15.c.obj
LOAD CMakeFiles/FreeRTOS.elf.dir/Drivers/CMSIS/DSP/Source/FilteringFunctions/arm_fir_init_q31.c.obj
LOAD CMakeFiles/FreeRTOS.elf.dir/Drivers/CMSIS/DSP/Source/FilteringFunctions/arm_fir_init_q7.c.obj
LOAD CMakeFiles/FreeRTOS.elf.dir/Drivers/CMSIS/DSP/Source/FilteringFunctions/arm_fir_interpolate_f32.c.obj
LOAD CMakeFiles/FreeRTOS.elf.dir/Drivers/CMSIS/DSP/Source/FilteringFunctions/arm_fir_interpolate_init_f32.c.obj
LOAD CMakeFiles/FreeRTOS.elf.dir/Drivers/CMSIS/DSP/Source/FilteringFunctions/arm_fir_interpolate_init_q15.c.obj
LOAD CMakeFiles/FreeRTOS.elf.dir/Drivers/CMSIS/DSP/Source/FilteringFunctions/arm_fir_interpolate_init_q31.c.obj
LOAD CMakeFiles/FreeRTOS.elf.dir/Drivers/CMSIS/DSP/Source/FilteringFunctions/arm_fir_interpolate_q15.c.obj
LOAD CMakeFiles/FreeRTOS.elf.dir/Drivers/CMSIS/DSP/Source/FilteringFunctions/arm_fir_interpolate_q31.c.obj
LOAD CMakeFiles/FreeRTOS.elf.dir/Drivers/CMSIS/DSP/Source/FilteringFunctions/arm_fir_lattice_f32.c.obj
LOAD CMakeFiles/FreeRTOS.elf.dir/Drivers/CMSIS/DSP/Source/FilteringFunctions/arm_fir_lattice_init_f32.c.obj
LOAD CMakeFiles/FreeRTOS.elf.dir/Drivers/CMSIS/DSP/Source/FilteringFunctions/arm_fir_lattice_init_q15.c.obj
LOAD CMakeFiles/FreeRTOS.elf.dir/Drivers/CMSIS/DSP/Source/FilteringFunctions/arm_fir_lattice_init_q31.c.obj
LOAD CMakeFiles/FreeRTOS.elf.dir/Drivers/CMSIS/DSP/Source/FilteringFunctions/arm_fir_lattice_q15.c.obj
LOAD CMakeFiles/FreeRTOS.elf.dir/Drivers/CMSIS/DSP/Source/FilteringFunctions/arm_fir_lattice_q31.c.obj
LOAD CMakeFiles/FreeRTOS.elf.dir/Drivers/CMSIS/DSP/Source/FilteringFunctions/arm_fir_q15.c.obj
LOAD CMakeFiles/FreeRTOS.elf.dir/Drivers/CMSIS/DSP/Source/FilteringFunctions/arm_fir_q31.c.obj
LOAD CMakeFiles/FreeRTOS.elf.dir/Drivers/CMSIS/DSP/Source/FilteringFunctions/arm_fir_q7.c.obj
LOAD CMakeFiles/FreeRTOS.elf.dir/Drivers/CMSIS/DSP/Source/FilteringFunctions/arm_fir_sparse_f32.c.obj
LOAD CMakeFiles/FreeRTOS.elf.dir/Drivers/CMSIS/DSP/Source/FilteringFunctions/arm_fir_sparse_init_f32.c.obj
LOAD CMakeFiles/FreeRTOS.elf.dir/Drivers/CMSIS/DSP/Source/FilteringFunctions/arm_fir_sparse_init_q15.c.obj
LOAD CMakeFiles/FreeRTOS.elf.dir/Drivers/CMSIS/DSP/Source/FilteringFunctions/arm_fir_sparse_init_q31.c.obj
LOAD CMakeFiles/FreeRTOS.elf.dir/Drivers/CMSIS/DSP/Source/FilteringFunctions/arm_fir_sparse_init_q7.c.obj
LOAD CMakeFiles/FreeRTOS.elf.dir/Drivers/CMSIS/DSP/Source/FilteringFunctions/arm_fir_sparse_q15.c.obj
LOAD CMakeFiles/FreeRTOS.elf.dir/Drivers/CMSIS/DSP/Source/FilteringFunctions/arm_fir_sparse_q31.c.obj
LOAD CMakeFiles/FreeRTOS.elf.dir/Drivers/CMSIS/DSP/Source/FilteringFunctions/arm_fir_sparse_q7.c.obj
LOAD CMakeFiles/FreeRTOS.elf.dir/Drivers/CMSIS/DSP/Source/FilteringFunctions/arm_iir_lattice_f32.c.obj
LOAD CMakeFiles/FreeRTOS.elf.dir/Drivers/CMSIS/DSP/Source/FilteringFunctions/arm_iir_lattice_init_f32.c.obj
LOAD CMakeFiles/FreeRTOS.elf.dir/Drivers/CMSIS/DSP/Source/FilteringFunctions/arm_iir_lattice_init_q15.c.obj
LOAD CMakeFiles/FreeRTOS.elf.dir/Drivers/CMSIS/DSP/Source/FilteringFunctions/arm_iir_lattice_init_q31.c.obj
LOAD CMakeFiles/FreeRTOS.elf.dir/Drivers/CMSIS/DSP/Source/FilteringFunctions/arm_iir_lattice_q15.c.obj
LOAD CMakeFiles/FreeRTOS.elf.dir/Drivers/CMSIS/DSP/Source/FilteringFunctions/arm_iir_lattice_q31.c.obj
LOAD CMakeFiles/FreeRTOS.elf.dir/Drivers/CMSIS/DSP/Source/FilteringFunctions/arm_lms_f32.c.obj
LOAD CMakeFiles/FreeRTOS.elf.dir/Drivers/CMSIS/DSP/Source/FilteringFunctions/arm_lms_init_f32.c.obj
LOAD CMakeFiles/FreeRTOS.elf.dir/Drivers/CMSIS/DSP/Source/FilteringFunctions/arm_lms_init_q15.c.obj
LOAD CMakeFiles/FreeRTOS.elf.dir/Drivers/CMSIS/DSP/Source/FilteringFunctions/arm_lms_init_q31.c.obj
LOAD CMakeFiles/FreeRTOS.elf.dir/Drivers/CMSIS/DSP/Source/FilteringFunctions/arm_lms_norm_f32.c.obj
LOAD CMakeFiles/FreeRTOS.elf.dir/Drivers/CMSIS/DSP/Source/FilteringFunctions/arm_lms_norm_init_f32.c.obj
LOAD CMakeFiles/FreeRTOS.elf.dir/Drivers/CMSIS/DSP/Source/FilteringFunctions/arm_lms_norm_init_q15.c.obj
LOAD CMakeFiles/FreeRTOS.elf.dir/Drivers/CMSIS/DSP/Source/FilteringFunctions/arm_lms_norm_init_q31.c.obj
LOAD CMakeFiles/FreeRTOS.elf.dir/Drivers/CMSIS/DSP/Source/FilteringFunctions/arm_lms_norm_q15.c.obj
LOAD CMakeFiles/FreeRTOS.elf.dir/Drivers/CMSIS/DSP/Source/FilteringFunctions/arm_lms_norm_q31.c.obj
LOAD CMakeFiles/FreeRTOS.elf.dir/Drivers/CMSIS/DSP/Source/FilteringFunctions/arm_lms_q15.c.obj
LOAD CMakeFiles/FreeRTOS.elf.dir/Drivers/CMSIS/DSP/Source/FilteringFunctions/arm_lms_q31.c.obj
LOAD CMakeFiles/FreeRTOS.elf.dir/Drivers/CMSIS/DSP/Source/MatrixFunctions/arm_mat_add_f32.c.obj
LOAD CMakeFiles/FreeRTOS.elf.dir/Drivers/CMSIS/DSP/Source/MatrixFunctions/arm_mat_add_q15.c.obj
LOAD CMakeFiles/FreeRTOS.elf.dir/Drivers/CMSIS/DSP/Source/MatrixFunctions/arm_mat_add_q31.c.obj
LOAD CMakeFiles/FreeRTOS.elf.dir/Drivers/CMSIS/DSP/Source/MatrixFunctions/arm_mat_cmplx_mult_f32.c.obj
LOAD CMakeFiles/FreeRTOS.elf.dir/Drivers/CMSIS/DSP/Source/MatrixFunctions/arm_mat_cmplx_mult_q15.c.obj
LOAD CMakeFiles/FreeRTOS.elf.dir/Drivers/CMSIS/DSP/Source/MatrixFunctions/arm_mat_cmplx_mult_q31.c.obj
LOAD CMakeFiles/FreeRTOS.elf.dir/Drivers/CMSIS/DSP/Source/MatrixFunctions/arm_mat_init_f32.c.obj
LOAD CMakeFiles/FreeRTOS.elf.dir/Drivers/CMSIS/DSP/Source/MatrixFunctions/arm_mat_init_q15.c.obj
LOAD CMakeFiles/FreeRTOS.elf.dir/Drivers/CMSIS/DSP/Source/MatrixFunctions/arm_mat_init_q31.c.obj
LOAD CMakeFiles/FreeRTOS.elf.dir/Drivers/CMSIS/DSP/Source/MatrixFunctions/arm_mat_inverse_f32.c.obj
LOAD CMakeFiles/FreeRTOS.elf.dir/Drivers/CMSIS/DSP/Source/MatrixFunctions/arm_mat_inverse_f64.c.obj
LOAD CMakeFiles/FreeRTOS.elf.dir/Drivers/CMSIS/DSP/Source/MatrixFunctions/arm_mat_mult_f32.c.obj
LOAD CMakeFiles/FreeRTOS.elf.dir/Drivers/CMSIS/DSP/Source/MatrixFunctions/arm_mat_mult_fast_q15.c.obj
LOAD CMakeFiles/FreeRTOS.elf.dir/Drivers/CMSIS/DSP/Source/MatrixFunctions/arm_mat_mult_fast_q31.c.obj
LOAD CMakeFiles/FreeRTOS.elf.dir/Drivers/CMSIS/DSP/Source/MatrixFunctions/arm_mat_mult_q15.c.obj
LOAD CMakeFiles/FreeRTOS.elf.dir/Drivers/CMSIS/DSP/Source/MatrixFunctions/arm_mat_mult_q31.c.obj
LOAD CMakeFiles/FreeRTOS.elf.dir/Drivers/CMSIS/DSP/Source/MatrixFunctions/arm_mat_scale_f32.c.obj
LOAD CMakeFiles/FreeRTOS.elf.dir/Drivers/CMSIS/DSP/Source/MatrixFunctions/arm_mat_scale_q15.c.obj
LOAD CMakeFiles/FreeRTOS.elf.dir/Drivers/CMSIS/DSP/Source/MatrixFunctions/arm_mat_scale_q31.c.obj
LOAD CMakeFiles/FreeRTOS.elf.dir/Drivers/CMSIS/DSP/Source/MatrixFunctions/arm_mat_sub_f32.c.obj
LOAD CMakeFiles/FreeRTOS.elf.dir/Drivers/CMSIS/DSP/Source/MatrixFunctions/arm_mat_sub_q15.c.obj
LOAD CMakeFiles/FreeRTOS.elf.dir/Drivers/CMSIS/DSP/Source/MatrixFunctions/arm_mat_sub_q31.c.obj
LOAD CMakeFiles/FreeRTOS.elf.dir/Drivers/CMSIS/DSP/Source/MatrixFunctions/arm_mat_trans_f32.c.obj
LOAD CMakeFiles/FreeRTOS.elf.dir/Drivers/CMSIS/DSP/Source/MatrixFunctions/arm_mat_trans_q15.c.obj
LOAD CMakeFiles/FreeRTOS.elf.dir/Drivers/CMSIS/DSP/Source/MatrixFunctions/arm_mat_trans_q31.c.obj
LOAD CMakeFiles/FreeRTOS.elf.dir/Drivers/CMSIS/DSP/Source/StatisticsFunctions/arm_max_f32.c.obj
LOAD CMakeFiles/FreeRTOS.elf.dir/Drivers/CMSIS/DSP/Source/StatisticsFunctions/arm_max_q15.c.obj
LOAD CMakeFiles/FreeRTOS.elf.dir/Drivers/CMSIS/DSP/Source/StatisticsFunctions/arm_max_q31.c.obj
LOAD CMakeFiles/FreeRTOS.elf.dir/Drivers/CMSIS/DSP/Source/StatisticsFunctions/arm_max_q7.c.obj
LOAD CMakeFiles/FreeRTOS.elf.dir/Drivers/CMSIS/DSP/Source/StatisticsFunctions/arm_mean_f32.c.obj
LOAD CMakeFiles/FreeRTOS.elf.dir/Drivers/CMSIS/DSP/Source/StatisticsFunctions/arm_mean_q15.c.obj
LOAD CMakeFiles/FreeRTOS.elf.dir/Drivers/CMSIS/DSP/Source/StatisticsFunctions/arm_mean_q31.c.obj
LOAD CMakeFiles/FreeRTOS.elf.dir/Drivers/CMSIS/DSP/Source/StatisticsFunctions/arm_mean_q7.c.obj
LOAD CMakeFiles/FreeRTOS.elf.dir/Drivers/CMSIS/DSP/Source/StatisticsFunctions/arm_min_f32.c.obj
LOAD CMakeFiles/FreeRTOS.elf.dir/Drivers/CMSIS/DSP/Source/StatisticsFunctions/arm_min_q15.c.obj
LOAD CMakeFiles/FreeRTOS.elf.dir/Drivers/CMSIS/DSP/Source/StatisticsFunctions/arm_min_q31.c.obj
LOAD CMakeFiles/FreeRTOS.elf.dir/Drivers/CMSIS/DSP/Source/StatisticsFunctions/arm_min_q7.c.obj
LOAD CMakeFiles/FreeRTOS.elf.dir/Drivers/CMSIS/DSP/Source/StatisticsFunctions/arm_power_f32.c.obj
LOAD CMakeFiles/FreeRTOS.elf.dir/Drivers/CMSIS/DSP/Source/StatisticsFunctions/arm_power_q15.c.obj
LOAD CMakeFiles/FreeRTOS.elf.dir/Drivers/CMSIS/DSP/Source/StatisticsFunctions/arm_power_q31.c.obj
LOAD CMakeFiles/FreeRTOS.elf.dir/Drivers/CMSIS/DSP/Source/StatisticsFunctions/arm_power_q7.c.obj
LOAD CMakeFiles/FreeRTOS.elf.dir/Drivers/CMSIS/DSP/Source/StatisticsFunctions/arm_rms_f32.c.obj
LOAD CMakeFiles/FreeRTOS.elf.dir/Drivers/CMSIS/DSP/Source/StatisticsFunctions/arm_rms_q15.c.obj
LOAD CMakeFiles/FreeRTOS.elf.dir/Drivers/CMSIS/DSP/Source/StatisticsFunctions/arm_rms_q31.c.obj
LOAD CMakeFiles/FreeRTOS.elf.dir/Drivers/CMSIS/DSP/Source/StatisticsFunctions/arm_std_f32.c.obj
LOAD CMakeFiles/FreeRTOS.elf.dir/Drivers/CMSIS/DSP/Source/StatisticsFunctions/arm_std_q15.c.obj
LOAD CMakeFiles/FreeRTOS.elf.dir/Drivers/CMSIS/DSP/Source/StatisticsFunctions/arm_std_q31.c.obj
LOAD CMakeFiles/FreeRTOS.elf.dir/Drivers/CMSIS/DSP/Source/StatisticsFunctions/arm_var_f32.c.obj
LOAD CMakeFiles/FreeRTOS.elf.dir/Drivers/CMSIS/DSP/Source/StatisticsFunctions/arm_var_q15.c.obj
LOAD CMakeFiles/FreeRTOS.elf.dir/Drivers/CMSIS/DSP/Source/StatisticsFunctions/arm_var_q31.c.obj
LOAD CMakeFiles/FreeRTOS.elf.dir/Drivers/CMSIS/DSP/Source/SupportFunctions/arm_copy_f32.c.obj
LOAD CMakeFiles/FreeRTOS.elf.dir/Drivers/CMSIS/DSP/Source/SupportFunctions/arm_copy_q15.c.obj
LOAD CMakeFiles/FreeRTOS.elf.dir/Drivers/CMSIS/DSP/Source/SupportFunctions/arm_copy_q31.c.obj
LOAD CMakeFiles/FreeRTOS.elf.dir/Drivers/CMSIS/DSP/Source/SupportFunctions/arm_copy_q7.c.obj
LOAD CMakeFiles/FreeRTOS.elf.dir/Drivers/CMSIS/DSP/Source/SupportFunctions/arm_fill_f32.c.obj
LOAD CMakeFiles/FreeRTOS.elf.dir/Drivers/CMSIS/DSP/Source/SupportFunctions/arm_fill_q15.c.obj
LOAD CMakeFiles/FreeRTOS.elf.dir/Drivers/CMSIS/DSP/Source/SupportFunctions/arm_fill_q31.c.obj
LOAD CMakeFiles/FreeRTOS.elf.dir/Drivers/CMSIS/DSP/Source/SupportFunctions/arm_fill_q7.c.obj
LOAD CMakeFiles/FreeRTOS.elf.dir/Drivers/CMSIS/DSP/Source/SupportFunctions/arm_float_to_q15.c.obj
LOAD CMakeFiles/FreeRTOS.elf.dir/Drivers/CMSIS/DSP/Source/SupportFunctions/arm_float_to_q31.c.obj
LOAD CMakeFiles/FreeRTOS.elf.dir/Drivers/CMSIS/DSP/Source/SupportFunctions/arm_float_to_q7.c.obj
LOAD CMakeFiles/FreeRTOS.elf.dir/Drivers/CMSIS/DSP/Source/SupportFunctions/arm_q15_to_float.c.obj
LOAD CMakeFiles/FreeRTOS.elf.dir/Drivers/CMSIS/DSP/Source/SupportFunctions/arm_q15_to_q31.c.obj
LOAD CMakeFiles/FreeRTOS.elf.dir/Drivers/CMSIS/DSP/Source/SupportFunctions/arm_q15_to_q7.c.obj
LOAD CMakeFiles/FreeRTOS.elf.dir/Drivers/CMSIS/DSP/Source/SupportFunctions/arm_q31_to_float.c.obj
LOAD CMakeFiles/FreeRTOS.elf.dir/Drivers/CMSIS/DSP/Source/SupportFunctions/arm_q31_to_q15.c.obj
LOAD CMakeFiles/FreeRTOS.elf.dir/Drivers/CMSIS/DSP/Source/SupportFunctions/arm_q31_to_q7.c.obj
LOAD CMakeFiles/FreeRTOS.elf.dir/Drivers/CMSIS/DSP/Source/SupportFunctions/arm_q7_to_float.c.obj
LOAD CMakeFiles/FreeRTOS.elf.dir/Drivers/CMSIS/DSP/Source/SupportFunctions/arm_q7_to_q15.c.obj
LOAD CMakeFiles/FreeRTOS.elf.dir/Drivers/CMSIS/DSP/Source/SupportFunctions/arm_q7_to_q31.c.obj
LOAD CMakeFiles/FreeRTOS.elf.dir/Drivers/CMSIS/DSP/Source/TransformFunctions/arm_bitreversal.c.obj
LOAD CMakeFiles/FreeRTOS.elf.dir/Drivers/CMSIS/DSP/Source/TransformFunctions/arm_bitreversal2.S.obj
LOAD CMakeFiles/FreeRTOS.elf.dir/Drivers/CMSIS/DSP/Source/TransformFunctions/arm_cfft_f32.c.obj
LOAD CMakeFiles/FreeRTOS.elf.dir/Drivers/CMSIS/DSP/Source/TransformFunctions/arm_cfft_q15.c.obj
LOAD CMakeFiles/FreeRTOS.elf.dir/Drivers/CMSIS/DSP/Source/TransformFunctions/arm_cfft_q31.c.obj
LOAD CMakeFiles/FreeRTOS.elf.dir/Drivers/CMSIS/DSP/Source/TransformFunctions/arm_cfft_radix2_f32.c.obj
LOAD CMakeFiles/FreeRTOS.elf.dir/Drivers/CMSIS/DSP/Source/TransformFunctions/arm_cfft_radix2_init_f32.c.obj
LOAD CMakeFiles/FreeRTOS.elf.dir/Drivers/CMSIS/DSP/Source/TransformFunctions/arm_cfft_radix2_init_q15.c.obj
LOAD CMakeFiles/FreeRTOS.elf.dir/Drivers/CMSIS/DSP/Source/TransformFunctions/arm_cfft_radix2_init_q31.c.obj
LOAD CMakeFiles/FreeRTOS.elf.dir/Drivers/CMSIS/DSP/Source/TransformFunctions/arm_cfft_radix2_q15.c.obj
LOAD CMakeFiles/FreeRTOS.elf.dir/Drivers/CMSIS/DSP/Source/TransformFunctions/arm_cfft_radix2_q31.c.obj
LOAD CMakeFiles/FreeRTOS.elf.dir/Drivers/CMSIS/DSP/Source/TransformFunctions/arm_cfft_radix4_f32.c.obj
LOAD CMakeFiles/FreeRTOS.elf.dir/Drivers/CMSIS/DSP/Source/TransformFunctions/arm_cfft_radix4_init_f32.c.obj
LOAD CMakeFiles/FreeRTOS.elf.dir/Drivers/CMSIS/DSP/Source/TransformFunctions/arm_cfft_radix4_init_q15.c.obj
LOAD CMakeFiles/FreeRTOS.elf.dir/Drivers/CMSIS/DSP/Source/TransformFunctions/arm_cfft_radix4_init_q31.c.obj
LOAD CMakeFiles/FreeRTOS.elf.dir/Drivers/CMSIS/DSP/Source/TransformFunctions/arm_cfft_radix4_q15.c.obj
LOAD CMakeFiles/FreeRTOS.elf.dir/Drivers/CMSIS/DSP/Source/TransformFunctions/arm_cfft_radix4_q31.c.obj
LOAD CMakeFiles/FreeRTOS.elf.dir/Drivers/CMSIS/DSP/Source/TransformFunctions/arm_cfft_radix8_f32.c.obj
LOAD CMakeFiles/FreeRTOS.elf.dir/Drivers/CMSIS/DSP/Source/TransformFunctions/arm_dct4_f32.c.obj
LOAD CMakeFiles/FreeRTOS.elf.dir/Drivers/CMSIS/DSP/Source/TransformFunctions/arm_dct4_init_f32.c.obj
LOAD CMakeFiles/FreeRTOS.elf.dir/Drivers/CMSIS/DSP/Source/TransformFunctions/arm_dct4_init_q15.c.obj
LOAD CMakeFiles/FreeRTOS.elf.dir/Drivers/CMSIS/DSP/Source/TransformFunctions/arm_dct4_init_q31.c.obj
LOAD CMakeFiles/FreeRTOS.elf.dir/Drivers/CMSIS/DSP/Source/TransformFunctions/arm_dct4_q15.c.obj
LOAD CMakeFiles/FreeRTOS.elf.dir/Drivers/CMSIS/DSP/Source/TransformFunctions/arm_dct4_q31.c.obj
LOAD CMakeFiles/FreeRTOS.elf.dir/Drivers/CMSIS/DSP/Source/TransformFunctions/arm_rfft_f32.c.obj
LOAD CMakeFiles/FreeRTOS.elf.dir/Drivers/CMSIS/DSP/Source/TransformFunctions/arm_rfft_fast_f32.c.obj
LOAD CMakeFiles/FreeRTOS.elf.dir/Drivers/CMSIS/DSP/Source/TransformFunctions/arm_rfft_fast_init_f32.c.obj
LOAD CMakeFiles/FreeRTOS.elf.dir/Drivers/CMSIS/DSP/Source/TransformFunctions/arm_rfft_init_f32.c.obj
LOAD CMakeFiles/FreeRTOS.elf.dir/Drivers/CMSIS/DSP/Source/TransformFunctions/arm_rfft_init_q15.c.obj
LOAD CMakeFiles/FreeRTOS.elf.dir/Drivers/CMSIS/DSP/Source/TransformFunctions/arm_rfft_init_q31.c.obj
LOAD CMakeFiles/FreeRTOS.elf.dir/Drivers/CMSIS/DSP/Source/TransformFunctions/arm_rfft_q15.c.obj
LOAD CMakeFiles/FreeRTOS.elf.dir/Drivers/CMSIS/DSP/Source/TransformFunctions/arm_rfft_q31.c.obj
LOAD CMakeFiles/FreeRTOS.elf.dir/Drivers/STM32F4xx_HAL_Driver/Src/stm32f4xx_hal.c.obj
LOAD CMakeFiles/FreeRTOS.elf.dir/Drivers/STM32F4xx_HAL_Driver/Src/stm32f4xx_hal_cortex.c.obj
LOAD CMakeFiles/FreeRTOS.elf.dir/Drivers/STM32F4xx_HAL_Driver/Src/stm32f4xx_hal_dma.c.obj
LOAD CMakeFiles/FreeRTOS.elf.dir/Drivers/STM32F4xx_HAL_Driver/Src/stm32f4xx_hal_dma_ex.c.obj
LOAD CMakeFiles/FreeRTOS.elf.dir/Drivers/STM32F4xx_HAL_Driver/Src/stm32f4xx_hal_exti.c.obj
LOAD CMakeFiles/FreeRTOS.elf.dir/Drivers/STM32F4xx_HAL_Driver/Src/stm32f4xx_hal_flash.c.obj
LOAD CMakeFiles/FreeRTOS.elf.dir/Drivers/STM32F4xx_HAL_Driver/Src/stm32f4xx_hal_flash_ex.c.obj
LOAD CMakeFiles/FreeRTOS.elf.dir/Drivers/STM32F4xx_HAL_Driver/Src/stm32f4xx_hal_flash_ramfunc.c.obj
LOAD CMakeFiles/FreeRTOS.elf.dir/Drivers/STM32F4xx_HAL_Driver/Src/stm32f4xx_hal_gpio.c.obj
LOAD CMakeFiles/FreeRTOS.elf.dir/Drivers/STM32F4xx_HAL_Driver/Src/stm32f4xx_hal_pwr.c.obj
LOAD CMakeFiles/FreeRTOS.elf.dir/Drivers/STM32F4xx_HAL_Driver/Src/stm32f4xx_hal_pwr_ex.c.obj
LOAD CMakeFiles/FreeRTOS.elf.dir/Drivers/STM32F4xx_HAL_Driver/Src/stm32f4xx_hal_rcc.c.obj
LOAD CMakeFiles/FreeRTOS.elf.dir/Drivers/STM32F4xx_HAL_Driver/Src/stm32f4xx_hal_rcc_ex.c.obj
LOAD CMakeFiles/FreeRTOS.elf.dir/Drivers/STM32F4xx_HAL_Driver/Src/stm32f4xx_hal_spi.c.obj
LOAD CMakeFiles/FreeRTOS.elf.dir/Drivers/STM32F4xx_HAL_Driver/Src/stm32f4xx_hal_tim.c.obj
LOAD CMakeFiles/FreeRTOS.elf.dir/Drivers/STM32F4xx_HAL_Driver/Src/stm32f4xx_hal_tim_ex.c.obj
LOAD CMakeFiles/FreeRTOS.elf.dir/Drivers/STM32F4xx_HAL_Driver/Src/stm32f4xx_hal_uart.c.obj
LOAD CMakeFiles/FreeRTOS.elf.dir/Middlewares/Third_Party/FreeRTOS/Source/CMSIS_RTOS_V2/cmsis_os2.c.obj
LOAD CMakeFiles/FreeRTOS.elf.dir/Middlewares/Third_Party/FreeRTOS/Source/croutine.c.obj
LOAD CMakeFiles/FreeRTOS.elf.dir/Middlewares/Third_Party/FreeRTOS/Source/event_groups.c.obj
LOAD CMakeFiles/FreeRTOS.elf.dir/Middlewares/Third_Party/FreeRTOS/Source/list.c.obj
LOAD CMakeFiles/FreeRTOS.elf.dir/Middlewares/Third_Party/FreeRTOS/Source/portable/GCC/ARM_CM4F/port.c.obj
LOAD CMakeFiles/FreeRTOS.elf.dir/Middlewares/Third_Party/FreeRTOS/Source/portable/MemMang/heap_4.c.obj
LOAD CMakeFiles/FreeRTOS.elf.dir/Middlewares/Third_Party/FreeRTOS/Source/queue.c.obj
LOAD CMakeFiles/FreeRTOS.elf.dir/Middlewares/Third_Party/FreeRTOS/Source/stream_buffer.c.obj
LOAD CMakeFiles/FreeRTOS.elf.dir/Middlewares/Third_Party/FreeRTOS/Source/tasks.c.obj
LOAD CMakeFiles/FreeRTOS.elf.dir/Middlewares/Third_Party/FreeRTOS/Source/timers.c.obj
LOAD CMakeFiles/FreeRTOS.elf.dir/Task/Src/LEDg_task.c.obj
LOAD CMakeFiles/FreeRTOS.elf.dir/Task/Src/LEDr_task.c.obj
LOAD CMakeFiles/FreeRTOS.elf.dir/Task/Src/imu_task.c.obj
START GROUP
LOAD E:/gcc-arm-none-eabi-10.3-2021.10/bin/../lib/gcc/arm-none-eabi/13.3.1/thumb/v7e-m+fp/hard\libgcc.a
LOAD E:/gcc-arm-none-eabi-10.3-2021.10/bin/../lib/gcc/arm-none-eabi/13.3.1/thumb/v7e-m+fp/hard\libg.a
LOAD E:/gcc-arm-none-eabi-10.3-2021.10/bin/../lib/gcc/arm-none-eabi/13.3.1/thumb/v7e-m+fp/hard\libc.a
END GROUP
LOAD E:/gcc-arm-none-eabi-10.3-2021.10/bin/../lib/gcc/arm-none-eabi/13.3.1/thumb/v7e-m+fp/hard/crtend.o
LOAD E:/gcc-arm-none-eabi-10.3-2021.10/bin/../lib/gcc/arm-none-eabi/13.3.1/thumb/v7e-m+fp/hard/crtn.o
                0x20020000                        _estack = (ORIGIN (RAM) + LENGTH (RAM))
                0x00000200                        _Min_Heap_Size = 0x200
                0x00000400                        _Min_Stack_Size = 0x400

.isr_vector     0x08000000      0x188
                0x08000000                        . = ALIGN (0x4)
 *(.isr_vector)
 .isr_vector    0x08000000      0x188 CMakeFiles/FreeRTOS.elf.dir/Core/Startup/startup_stm32f407ighx.s.obj
                0x08000000                g_pfnVectors
                0x08000188                        . = ALIGN (0x4)

.text           0x08000190     0x9978
                0x08000190                        . = ALIGN (0x4)
 *(.text)
 .text          0x08000190       0x30 E:/gcc-arm-none-eabi-10.3-2021.10/bin/../lib/gcc/arm-none-eabi/13.3.1/thumb/v7e-m+fp/hard\libgcc.a(_aeabi_uldivmod.o)
                0x08000190                __aeabi_uldivmod
 .text          0x080001c0        0x4 E:/gcc-arm-none-eabi-10.3-2021.10/bin/../lib/gcc/arm-none-eabi/13.3.1/thumb/v7e-m+fp/hard\libgcc.a(_dvmd_tls.o)
                0x080001c0                __aeabi_idiv0
                0x080001c0                __aeabi_ldiv0
 .text          0x080001c4      0x134 E:/gcc-arm-none-eabi-10.3-2021.10/bin/../lib/gcc/arm-none-eabi/13.3.1/thumb/v7e-m+fp/hard\libg.a(libc_a-memcpy.o)
                0x080001c4                memcpy
 *(.text*)
 .text.deregister_tm_clones
                0x080002f8       0x1c E:/gcc-arm-none-eabi-10.3-2021.10/bin/../lib/gcc/arm-none-eabi/13.3.1/thumb/v7e-m+fp/hard/crtbegin.o
 .text.register_tm_clones
                0x08000314       0x24 E:/gcc-arm-none-eabi-10.3-2021.10/bin/../lib/gcc/arm-none-eabi/13.3.1/thumb/v7e-m+fp/hard/crtbegin.o
 .text.__do_global_dtors_aux
                0x08000338       0x28 E:/gcc-arm-none-eabi-10.3-2021.10/bin/../lib/gcc/arm-none-eabi/13.3.1/thumb/v7e-m+fp/hard/crtbegin.o
 .text.frame_dummy
                0x08000360       0x24 E:/gcc-arm-none-eabi-10.3-2021.10/bin/../lib/gcc/arm-none-eabi/13.3.1/thumb/v7e-m+fp/hard/crtbegin.o
 .text.TIM_Set_PWM
                0x08000384       0x32 CMakeFiles/FreeRTOS.elf.dir/BSP/Src/bsp_PWM.c.obj
                0x08000384                TIM_Set_PWM
 *fill*         0x080003b6        0x2 
 .text.DWT_CNT_Update
                0x080003b8       0x30 CMakeFiles/FreeRTOS.elf.dir/BSP/Src/bsp_dwt.c.obj
 .text.DWT_Init
                0x080003e8       0x68 CMakeFiles/FreeRTOS.elf.dir/BSP/Src/bsp_dwt.c.obj
                0x080003e8                DWT_Init
 .text.DWT_GetDeltaT
                0x08000450       0x48 CMakeFiles/FreeRTOS.elf.dir/BSP/Src/bsp_dwt.c.obj
                0x08000450                DWT_GetDeltaT
 .text.DWT_SysTimeUpdate
                0x08000498       0xd4 CMakeFiles/FreeRTOS.elf.dir/BSP/Src/bsp_dwt.c.obj
                0x08000498                DWT_SysTimeUpdate
 .text.DWT_GetTimeline_s
                0x0800056c       0x4c CMakeFiles/FreeRTOS.elf.dir/BSP/Src/bsp_dwt.c.obj
                0x0800056c                DWT_GetTimeline_s
 .text.DWT_Delay
                0x080005b8       0x34 CMakeFiles/FreeRTOS.elf.dir/BSP/Src/bsp_dwt.c.obj
                0x080005b8                DWT_Delay
 .text.MX_DMA_Init
                0x080005ec       0xc8 CMakeFiles/FreeRTOS.elf.dir/Core/Src/dma.c.obj
                0x080005ec                MX_DMA_Init
 .text.StartDefaultTask
                0x080006b4        0xa CMakeFiles/FreeRTOS.elf.dir/Core/Src/freertos.c.obj
                0x080006b4                StartDefaultTask
 .text.StartLEDrTask
                0x080006be       0x10 CMakeFiles/FreeRTOS.elf.dir/Core/Src/freertos.c.obj
                0x080006be                StartLEDrTask
 .text.StartLEDgTask
                0x080006ce       0x10 CMakeFiles/FreeRTOS.elf.dir/Core/Src/freertos.c.obj
                0x080006ce                StartLEDgTask
 .text.StartIMUTask
                0x080006de       0x12 CMakeFiles/FreeRTOS.elf.dir/Core/Src/freertos.c.obj
                0x080006de                StartIMUTask
 .text.MX_FREERTOS_Init
                0x080006f0       0x6c CMakeFiles/FreeRTOS.elf.dir/Core/Src/freertos.c.obj
                0x080006f0                MX_FREERTOS_Init
 .text.MX_GPIO_Init
                0x0800075c      0x118 CMakeFiles/FreeRTOS.elf.dir/Core/Src/gpio.c.obj
                0x0800075c                MX_GPIO_Init
 .text.HAL_TIM_PeriodElapsedCallback
                0x08000874       0x18 CMakeFiles/FreeRTOS.elf.dir/Core/Src/main.c.obj
                0x08000874                HAL_TIM_PeriodElapsedCallback
 .text.Error_Handler
                0x0800088c        0x4 CMakeFiles/FreeRTOS.elf.dir/Core/Src/main.c.obj
                0x0800088c                Error_Handler
 .text.SystemClock_Config
                0x08000890       0xa8 CMakeFiles/FreeRTOS.elf.dir/Core/Src/main.c.obj
                0x08000890                SystemClock_Config
 .text.main     0x08000938       0x50 CMakeFiles/FreeRTOS.elf.dir/Core/Src/main.c.obj
                0x08000938                main
 .text.MX_SPI1_Init
                0x08000988       0x48 CMakeFiles/FreeRTOS.elf.dir/Core/Src/spi.c.obj
                0x08000988                MX_SPI1_Init
 .text.HAL_SPI_MspInit
                0x080009d0      0x140 CMakeFiles/FreeRTOS.elf.dir/Core/Src/spi.c.obj
                0x080009d0                HAL_SPI_MspInit
 .text.HAL_MspInit
                0x08000b10       0x44 CMakeFiles/FreeRTOS.elf.dir/Core/Src/stm32f4xx_hal_msp.c.obj
                0x08000b10                HAL_MspInit
 .text.HAL_InitTick
                0x08000b54       0xa4 CMakeFiles/FreeRTOS.elf.dir/Core/Src/stm32f4xx_hal_timebase_tim.c.obj
                0x08000b54                HAL_InitTick
 .text.NMI_Handler
                0x08000bf8        0x2 CMakeFiles/FreeRTOS.elf.dir/Core/Src/stm32f4xx_it.c.obj
                0x08000bf8                NMI_Handler
 .text.HardFault_Handler
                0x08000bfa        0x2 CMakeFiles/FreeRTOS.elf.dir/Core/Src/stm32f4xx_it.c.obj
                0x08000bfa                HardFault_Handler
 .text.MemManage_Handler
                0x08000bfc        0x2 CMakeFiles/FreeRTOS.elf.dir/Core/Src/stm32f4xx_it.c.obj
                0x08000bfc                MemManage_Handler
 .text.BusFault_Handler
                0x08000bfe        0x2 CMakeFiles/FreeRTOS.elf.dir/Core/Src/stm32f4xx_it.c.obj
                0x08000bfe                BusFault_Handler
 .text.UsageFault_Handler
                0x08000c00        0x2 CMakeFiles/FreeRTOS.elf.dir/Core/Src/stm32f4xx_it.c.obj
                0x08000c00                UsageFault_Handler
 .text.DebugMon_Handler
                0x08000c02        0x2 CMakeFiles/FreeRTOS.elf.dir/Core/Src/stm32f4xx_it.c.obj
                0x08000c02                DebugMon_Handler
 .text.DMA1_Stream1_IRQHandler
                0x08000c04       0x10 CMakeFiles/FreeRTOS.elf.dir/Core/Src/stm32f4xx_it.c.obj
                0x08000c04                DMA1_Stream1_IRQHandler
 .text.DMA1_Stream5_IRQHandler
                0x08000c14       0x10 CMakeFiles/FreeRTOS.elf.dir/Core/Src/stm32f4xx_it.c.obj
                0x08000c14                DMA1_Stream5_IRQHandler
 .text.DMA1_Stream6_IRQHandler
                0x08000c24       0x10 CMakeFiles/FreeRTOS.elf.dir/Core/Src/stm32f4xx_it.c.obj
                0x08000c24                DMA1_Stream6_IRQHandler
 .text.SPI1_IRQHandler
                0x08000c34       0x10 CMakeFiles/FreeRTOS.elf.dir/Core/Src/stm32f4xx_it.c.obj
                0x08000c34                SPI1_IRQHandler
 .text.USART1_IRQHandler
                0x08000c44       0x10 CMakeFiles/FreeRTOS.elf.dir/Core/Src/stm32f4xx_it.c.obj
                0x08000c44                USART1_IRQHandler
 .text.USART2_IRQHandler
                0x08000c54       0x10 CMakeFiles/FreeRTOS.elf.dir/Core/Src/stm32f4xx_it.c.obj
                0x08000c54                USART2_IRQHandler
 .text.USART3_IRQHandler
                0x08000c64       0x10 CMakeFiles/FreeRTOS.elf.dir/Core/Src/stm32f4xx_it.c.obj
                0x08000c64                USART3_IRQHandler
 .text.TIM7_IRQHandler
                0x08000c74       0x10 CMakeFiles/FreeRTOS.elf.dir/Core/Src/stm32f4xx_it.c.obj
                0x08000c74                TIM7_IRQHandler
 .text.DMA2_Stream1_IRQHandler
                0x08000c84       0x10 CMakeFiles/FreeRTOS.elf.dir/Core/Src/stm32f4xx_it.c.obj
                0x08000c84                DMA2_Stream1_IRQHandler
 .text.DMA2_Stream2_IRQHandler
                0x08000c94       0x10 CMakeFiles/FreeRTOS.elf.dir/Core/Src/stm32f4xx_it.c.obj
                0x08000c94                DMA2_Stream2_IRQHandler
 .text.DMA2_Stream3_IRQHandler
                0x08000ca4       0x10 CMakeFiles/FreeRTOS.elf.dir/Core/Src/stm32f4xx_it.c.obj
                0x08000ca4                DMA2_Stream3_IRQHandler
 .text.DMA2_Stream5_IRQHandler
                0x08000cb4       0x10 CMakeFiles/FreeRTOS.elf.dir/Core/Src/stm32f4xx_it.c.obj
                0x08000cb4                DMA2_Stream5_IRQHandler
 .text.DMA2_Stream6_IRQHandler
                0x08000cc4       0x10 CMakeFiles/FreeRTOS.elf.dir/Core/Src/stm32f4xx_it.c.obj
                0x08000cc4                DMA2_Stream6_IRQHandler
 .text.DMA2_Stream7_IRQHandler
                0x08000cd4       0x10 CMakeFiles/FreeRTOS.elf.dir/Core/Src/stm32f4xx_it.c.obj
                0x08000cd4                DMA2_Stream7_IRQHandler
 .text.USART6_IRQHandler
                0x08000ce4       0x10 CMakeFiles/FreeRTOS.elf.dir/Core/Src/stm32f4xx_it.c.obj
                0x08000ce4                USART6_IRQHandler
 .text._sbrk    0x08000cf4       0x48 CMakeFiles/FreeRTOS.elf.dir/Core/Src/sysmem.c.obj
                0x08000cf4                _sbrk
 .text.SystemInit
                0x08000d3c       0x14 CMakeFiles/FreeRTOS.elf.dir/Core/Src/system_stm32f4xx.c.obj
                0x08000d3c                SystemInit
 .text.HAL_TIM_Base_MspInit
                0x08000d50       0x30 CMakeFiles/FreeRTOS.elf.dir/Core/Src/tim.c.obj
                0x08000d50                HAL_TIM_Base_MspInit
 .text.HAL_TIM_MspPostInit
                0x08000d80       0x60 CMakeFiles/FreeRTOS.elf.dir/Core/Src/tim.c.obj
                0x08000d80                HAL_TIM_MspPostInit
 .text.MX_TIM10_Init
                0x08000de0       0x74 CMakeFiles/FreeRTOS.elf.dir/Core/Src/tim.c.obj
                0x08000de0                MX_TIM10_Init
 .text.MX_USART1_UART_Init
                0x08000e54       0x38 CMakeFiles/FreeRTOS.elf.dir/Core/Src/usart.c.obj
                0x08000e54                MX_USART1_UART_Init
 .text.MX_USART2_UART_Init
                0x08000e8c       0x40 CMakeFiles/FreeRTOS.elf.dir/Core/Src/usart.c.obj
                0x08000e8c                MX_USART2_UART_Init
 .text.MX_USART3_UART_Init
                0x08000ecc       0x40 CMakeFiles/FreeRTOS.elf.dir/Core/Src/usart.c.obj
                0x08000ecc                MX_USART3_UART_Init
 .text.MX_USART6_UART_Init
                0x08000f0c       0x38 CMakeFiles/FreeRTOS.elf.dir/Core/Src/usart.c.obj
                0x08000f0c                MX_USART6_UART_Init
 .text.HAL_UART_MspInit
                0x08000f44      0x3a0 CMakeFiles/FreeRTOS.elf.dir/Core/Src/usart.c.obj
                0x08000f44                HAL_UART_MspInit
 .text.Reset_Handler
                0x080012e4       0x50 CMakeFiles/FreeRTOS.elf.dir/Core/Startup/startup_stm32f407ighx.s.obj
                0x080012e4                Reset_Handler
 .text.Default_Handler
                0x08001334        0x2 CMakeFiles/FreeRTOS.elf.dir/Core/Startup/startup_stm32f407ighx.s.obj
                0x08001334                RTC_Alarm_IRQHandler
                0x08001334                HASH_RNG_IRQHandler
                0x08001334                EXTI2_IRQHandler
                0x08001334                TIM8_CC_IRQHandler
                0x08001334                TIM1_CC_IRQHandler
                0x08001334                PVD_IRQHandler
                0x08001334                SDIO_IRQHandler
                0x08001334                TAMP_STAMP_IRQHandler
                0x08001334                CAN2_RX1_IRQHandler
                0x08001334                EXTI3_IRQHandler
                0x08001334                TIM8_TRG_COM_TIM14_IRQHandler
                0x08001334                TIM1_UP_TIM10_IRQHandler
                0x08001334                TIM8_UP_TIM13_IRQHandler
                0x08001334                I2C3_ER_IRQHandler
                0x08001334                EXTI0_IRQHandler
                0x08001334                I2C2_EV_IRQHandler
                0x08001334                DMA1_Stream2_IRQHandler
                0x08001334                CAN1_RX0_IRQHandler
                0x08001334                FPU_IRQHandler
                0x08001334                OTG_HS_WKUP_IRQHandler
                0x08001334                CAN2_SCE_IRQHandler
                0x08001334                TIM6_DAC_IRQHandler
                0x08001334                TIM1_BRK_TIM9_IRQHandler
                0x08001334                DCMI_IRQHandler
                0x08001334                CAN2_RX0_IRQHandler
                0x08001334                CAN1_RX1_IRQHandler
                0x08001334                UART5_IRQHandler
                0x08001334                DMA2_Stream0_IRQHandler
                0x08001334                TIM4_IRQHandler
                0x08001334                I2C1_EV_IRQHandler
                0x08001334                UART4_IRQHandler
                0x08001334                TIM3_IRQHandler
                0x08001334                RCC_IRQHandler
                0x08001334                TIM8_BRK_TIM12_IRQHandler
                0x08001334                Default_Handler
                0x08001334                EXTI15_10_IRQHandler
                0x08001334                ADC_IRQHandler
                0x08001334                DMA1_Stream7_IRQHandler
                0x08001334                CAN2_TX_IRQHandler
                0x08001334                TIM5_IRQHandler
                0x08001334                I2C3_EV_IRQHandler
                0x08001334                EXTI9_5_IRQHandler
                0x08001334                RTC_WKUP_IRQHandler
                0x08001334                ETH_WKUP_IRQHandler
                0x08001334                SPI2_IRQHandler
                0x08001334                OTG_HS_EP1_IN_IRQHandler
                0x08001334                DMA1_Stream0_IRQHandler
                0x08001334                CAN1_TX_IRQHandler
                0x08001334                EXTI4_IRQHandler
                0x08001334                FSMC_IRQHandler
                0x08001334                ETH_IRQHandler
                0x08001334                OTG_HS_EP1_OUT_IRQHandler
                0x08001334                WWDG_IRQHandler
                0x08001334                TIM2_IRQHandler
                0x08001334                OTG_FS_WKUP_IRQHandler
                0x08001334                TIM1_TRG_COM_TIM11_IRQHandler
                0x08001334                OTG_HS_IRQHandler
                0x08001334                EXTI1_IRQHandler
                0x08001334                I2C2_ER_IRQHandler
                0x08001334                CAN1_SCE_IRQHandler
                0x08001334                FLASH_IRQHandler
                0x08001334                DMA2_Stream4_IRQHandler
                0x08001334                OTG_FS_IRQHandler
                0x08001334                SPI3_IRQHandler
                0x08001334                DMA1_Stream4_IRQHandler
                0x08001334                I2C1_ER_IRQHandler
                0x08001334                DMA1_Stream3_IRQHandler
 *fill*         0x08001336        0x2 
 .text.BMI088_ACCEL_NS_L
                0x08001338       0x14 CMakeFiles/FreeRTOS.elf.dir/Driver/BMI088/Src/BMI088Middleware.c.obj
                0x08001338                BMI088_ACCEL_NS_L
 .text.BMI088_ACCEL_NS_H
                0x0800134c       0x14 CMakeFiles/FreeRTOS.elf.dir/Driver/BMI088/Src/BMI088Middleware.c.obj
                0x0800134c                BMI088_ACCEL_NS_H
 .text.BMI088_GYRO_NS_L
                0x08001360       0x14 CMakeFiles/FreeRTOS.elf.dir/Driver/BMI088/Src/BMI088Middleware.c.obj
                0x08001360                BMI088_GYRO_NS_L
 .text.BMI088_GYRO_NS_H
                0x08001374       0x14 CMakeFiles/FreeRTOS.elf.dir/Driver/BMI088/Src/BMI088Middleware.c.obj
                0x08001374                BMI088_GYRO_NS_H
 .text.BMI088_read_write_byte
                0x08001388       0x30 CMakeFiles/FreeRTOS.elf.dir/Driver/BMI088/Src/BMI088Middleware.c.obj
                0x08001388                BMI088_read_write_byte
 .text.BMI088_read_muli_reg
                0x080013b8       0x24 CMakeFiles/FreeRTOS.elf.dir/Driver/BMI088/Src/BMI088driver.c.obj
 .text.BMI088_write_single_reg
                0x080013dc       0x10 CMakeFiles/FreeRTOS.elf.dir/Driver/BMI088/Src/BMI088driver.c.obj
 .text.BMI088_read_single_reg
                0x080013ec       0x16 CMakeFiles/FreeRTOS.elf.dir/Driver/BMI088/Src/BMI088driver.c.obj
 *fill*         0x08001402        0x2 
 .text.Calibrate_MPU_Offset
                0x08001404      0x480 CMakeFiles/FreeRTOS.elf.dir/Driver/BMI088/Src/BMI088driver.c.obj
 .text.bmi088_accel_init
                0x08001884      0x144 CMakeFiles/FreeRTOS.elf.dir/Driver/BMI088/Src/BMI088driver.c.obj
                0x08001884                bmi088_accel_init
 .text.bmi088_gyro_init
                0x080019c8      0x118 CMakeFiles/FreeRTOS.elf.dir/Driver/BMI088/Src/BMI088driver.c.obj
                0x080019c8                bmi088_gyro_init
 .text.BMI088_init
                0x08001ae0       0x6c CMakeFiles/FreeRTOS.elf.dir/Driver/BMI088/Src/BMI088driver.c.obj
                0x08001ae0                BMI088_init
 .text.BMI088_Read
                0x08001b4c      0x1f0 CMakeFiles/FreeRTOS.elf.dir/Driver/BMI088/Src/BMI088driver.c.obj
                0x08001b4c                BMI088_Read
 .text.invSqrt  0x08001d3c       0x30 CMakeFiles/FreeRTOS.elf.dir/Driver/BMI088/Src/QuaternionEKF.c.obj
 .text.IMU_QuaternionEKF_F_Linearization_P_Fading
                0x08001d6c      0x1a0 CMakeFiles/FreeRTOS.elf.dir/Driver/BMI088/Src/QuaternionEKF.c.obj
 .text.IMU_QuaternionEKF_Observe
                0x08001f0c       0x38 CMakeFiles/FreeRTOS.elf.dir/Driver/BMI088/Src/QuaternionEKF.c.obj
 .text.IMU_QuaternionEKF_xhatUpdate
                0x08001f44      0x444 CMakeFiles/FreeRTOS.elf.dir/Driver/BMI088/Src/QuaternionEKF.c.obj
 .text.IMU_QuaternionEKF_SetH
                0x08002388       0xe4 CMakeFiles/FreeRTOS.elf.dir/Driver/BMI088/Src/QuaternionEKF.c.obj
 .text.IMU_QuaternionEKF_Init
                0x0800246c       0xe0 CMakeFiles/FreeRTOS.elf.dir/Driver/BMI088/Src/QuaternionEKF.c.obj
                0x0800246c                IMU_QuaternionEKF_Init
 .text.IMU_QuaternionEKF_Update
                0x0800254c      0x460 CMakeFiles/FreeRTOS.elf.dir/Driver/BMI088/Src/QuaternionEKF.c.obj
                0x0800254c                IMU_QuaternionEKF_Update
 .text.f_Trapezoid_Intergral
                0x080029ac       0x62 CMakeFiles/FreeRTOS.elf.dir/Driver/BMI088/Src/controller.c.obj
 .text.f_Changing_Integration_Rate
                0x08002a0e       0x66 CMakeFiles/FreeRTOS.elf.dir/Driver/BMI088/Src/controller.c.obj
 .text.f_Integral_Limit
                0x08002a74       0x94 CMakeFiles/FreeRTOS.elf.dir/Driver/BMI088/Src/controller.c.obj
 .text.f_Derivative_Filter
                0x08002b08       0x2e CMakeFiles/FreeRTOS.elf.dir/Driver/BMI088/Src/controller.c.obj
 .text.f_Output_Filter
                0x08002b36       0x2e CMakeFiles/FreeRTOS.elf.dir/Driver/BMI088/Src/controller.c.obj
 .text.f_Output_Limit
                0x08002b64       0x2e CMakeFiles/FreeRTOS.elf.dir/Driver/BMI088/Src/controller.c.obj
 .text.f_Proportion_Limit
                0x08002b92       0x2e CMakeFiles/FreeRTOS.elf.dir/Driver/BMI088/Src/controller.c.obj
 .text.f_PID_ErrorHandle
                0x08002bc0       0x98 CMakeFiles/FreeRTOS.elf.dir/Driver/BMI088/Src/controller.c.obj
 .text.f_Derivative_On_Measurement
                0x08002c58       0xb6 CMakeFiles/FreeRTOS.elf.dir/Driver/BMI088/Src/controller.c.obj
 .text.PID_Init
                0x08002d0e       0x58 CMakeFiles/FreeRTOS.elf.dir/Driver/BMI088/Src/controller.c.obj
                0x08002d0e                PID_Init
 .text.PID_Calculate
                0x08002d66      0x20c CMakeFiles/FreeRTOS.elf.dir/Driver/BMI088/Src/controller.c.obj
                0x08002d66                PID_Calculate
 *fill*         0x08002f72        0x2 
 .text.H_K_R_Adjustment
                0x08002f74      0x114 CMakeFiles/FreeRTOS.elf.dir/Driver/BMI088/Src/kalman_filter.c.obj
 .text.Kalman_Filter_Init
                0x08003088      0x42c CMakeFiles/FreeRTOS.elf.dir/Driver/BMI088/Src/kalman_filter.c.obj
                0x08003088                Kalman_Filter_Init
 .text.Kalman_Filter_Measure
                0x080034b4       0x4c CMakeFiles/FreeRTOS.elf.dir/Driver/BMI088/Src/kalman_filter.c.obj
                0x080034b4                Kalman_Filter_Measure
 .text.Kalman_Filter_xhatMinusUpdate
                0x08003500       0x76 CMakeFiles/FreeRTOS.elf.dir/Driver/BMI088/Src/kalman_filter.c.obj
                0x08003500                Kalman_Filter_xhatMinusUpdate
 .text.Kalman_Filter_PminusUpdate
                0x08003576       0x68 CMakeFiles/FreeRTOS.elf.dir/Driver/BMI088/Src/kalman_filter.c.obj
                0x08003576                Kalman_Filter_PminusUpdate
 .text.Kalman_Filter_SetK
                0x080035de       0xcc CMakeFiles/FreeRTOS.elf.dir/Driver/BMI088/Src/kalman_filter.c.obj
                0x080035de                Kalman_Filter_SetK
 .text.Kalman_Filter_xhatUpdate
                0x080036aa       0x82 CMakeFiles/FreeRTOS.elf.dir/Driver/BMI088/Src/kalman_filter.c.obj
                0x080036aa                Kalman_Filter_xhatUpdate
 .text.Kalman_Filter_P_Update
                0x0800372c       0x64 CMakeFiles/FreeRTOS.elf.dir/Driver/BMI088/Src/kalman_filter.c.obj
                0x0800372c                Kalman_Filter_P_Update
 .text.Kalman_Filter_Update
                0x08003790       0xf8 CMakeFiles/FreeRTOS.elf.dir/Driver/BMI088/Src/kalman_filter.c.obj
                0x08003790                Kalman_Filter_Update
 .text.float_constrain
                0x08003888       0x20 CMakeFiles/FreeRTOS.elf.dir/Driver/BMI088/Src/user_lib.c.obj
                0x08003888                float_constrain
 .text.float_rounding
                0x080038a8       0x40 CMakeFiles/FreeRTOS.elf.dir/Driver/BMI088/Src/user_lib.c.obj
                0x080038a8                float_rounding
 .text.OLS_Init
                0x080038e8       0x42 CMakeFiles/FreeRTOS.elf.dir/Driver/BMI088/Src/user_lib.c.obj
                0x080038e8                OLS_Init
 *fill*         0x0800392a        0x2 
 .text.OLS_Derivative
                0x0800392c      0x180 CMakeFiles/FreeRTOS.elf.dir/Driver/BMI088/Src/user_lib.c.obj
                0x0800392c                OLS_Derivative
 .text.arm_cos_f32
                0x08003aac       0x88 CMakeFiles/FreeRTOS.elf.dir/Drivers/CMSIS/DSP/Source/FastMathFunctions/arm_cos_f32.c.obj
                0x08003aac                arm_cos_f32
 .text.arm_sin_f32
                0x08003b34       0xa0 CMakeFiles/FreeRTOS.elf.dir/Drivers/CMSIS/DSP/Source/FastMathFunctions/arm_sin_f32.c.obj
                0x08003b34                arm_sin_f32
 .text.arm_mat_add_f32
                0x08003bd4       0x50 CMakeFiles/FreeRTOS.elf.dir/Drivers/CMSIS/DSP/Source/MatrixFunctions/arm_mat_add_f32.c.obj
                0x08003bd4                arm_mat_add_f32
 .text.arm_mat_init_f32
                0x08003c24        0x8 CMakeFiles/FreeRTOS.elf.dir/Drivers/CMSIS/DSP/Source/MatrixFunctions/arm_mat_init_f32.c.obj
                0x08003c24                arm_mat_init_f32
 .text.arm_mat_inverse_f32
                0x08003c2c      0x218 CMakeFiles/FreeRTOS.elf.dir/Drivers/CMSIS/DSP/Source/MatrixFunctions/arm_mat_inverse_f32.c.obj
                0x08003c2c                arm_mat_inverse_f32
 .text.arm_mat_mult_f32
                0x08003e44       0xa0 CMakeFiles/FreeRTOS.elf.dir/Drivers/CMSIS/DSP/Source/MatrixFunctions/arm_mat_mult_f32.c.obj
                0x08003e44                arm_mat_mult_f32
 .text.arm_mat_sub_f32
                0x08003ee4       0x50 CMakeFiles/FreeRTOS.elf.dir/Drivers/CMSIS/DSP/Source/MatrixFunctions/arm_mat_sub_f32.c.obj
                0x08003ee4                arm_mat_sub_f32
 .text.arm_mat_trans_f32
                0x08003f34       0x58 CMakeFiles/FreeRTOS.elf.dir/Drivers/CMSIS/DSP/Source/MatrixFunctions/arm_mat_trans_f32.c.obj
                0x08003f34                arm_mat_trans_f32
 .text.HAL_Init
                0x08003f8c       0x34 CMakeFiles/FreeRTOS.elf.dir/Drivers/STM32F4xx_HAL_Driver/Src/stm32f4xx_hal.c.obj
                0x08003f8c                HAL_Init
 .text.HAL_IncTick
                0x08003fc0       0x18 CMakeFiles/FreeRTOS.elf.dir/Drivers/STM32F4xx_HAL_Driver/Src/stm32f4xx_hal.c.obj
                0x08003fc0                HAL_IncTick
 .text.HAL_GetTick
                0x08003fd8        0xc CMakeFiles/FreeRTOS.elf.dir/Drivers/STM32F4xx_HAL_Driver/Src/stm32f4xx_hal.c.obj
                0x08003fd8                HAL_GetTick
 .text.HAL_Delay
                0x08003fe4       0x28 CMakeFiles/FreeRTOS.elf.dir/Drivers/STM32F4xx_HAL_Driver/Src/stm32f4xx_hal.c.obj
                0x08003fe4                HAL_Delay
 .text.__NVIC_SetPriority
                0x0800400c       0x28 CMakeFiles/FreeRTOS.elf.dir/Drivers/STM32F4xx_HAL_Driver/Src/stm32f4xx_hal_cortex.c.obj
 .text.NVIC_EncodePriority
                0x08004034       0x3e CMakeFiles/FreeRTOS.elf.dir/Drivers/STM32F4xx_HAL_Driver/Src/stm32f4xx_hal_cortex.c.obj
 *fill*         0x08004072        0x2 
 .text.HAL_NVIC_SetPriorityGrouping
                0x08004074       0x24 CMakeFiles/FreeRTOS.elf.dir/Drivers/STM32F4xx_HAL_Driver/Src/stm32f4xx_hal_cortex.c.obj
                0x08004074                HAL_NVIC_SetPriorityGrouping
 .text.HAL_NVIC_SetPriority
                0x08004098       0x20 CMakeFiles/FreeRTOS.elf.dir/Drivers/STM32F4xx_HAL_Driver/Src/stm32f4xx_hal_cortex.c.obj
                0x08004098                HAL_NVIC_SetPriority
 .text.HAL_NVIC_EnableIRQ
                0x080040b8       0x1c CMakeFiles/FreeRTOS.elf.dir/Drivers/STM32F4xx_HAL_Driver/Src/stm32f4xx_hal_cortex.c.obj
                0x080040b8                HAL_NVIC_EnableIRQ
 .text.DMA_CalcBaseAndBitshift
                0x080040d4       0x3c CMakeFiles/FreeRTOS.elf.dir/Drivers/STM32F4xx_HAL_Driver/Src/stm32f4xx_hal_dma.c.obj
 .text.DMA_CheckFifoParam
                0x08004110       0x8e CMakeFiles/FreeRTOS.elf.dir/Drivers/STM32F4xx_HAL_Driver/Src/stm32f4xx_hal_dma.c.obj
 *fill*         0x0800419e        0x2 
 .text.HAL_DMA_Init
                0x080041a0       0xcc CMakeFiles/FreeRTOS.elf.dir/Drivers/STM32F4xx_HAL_Driver/Src/stm32f4xx_hal_dma.c.obj
                0x080041a0                HAL_DMA_Init
 .text.HAL_DMA_Abort
                0x0800426c       0x94 CMakeFiles/FreeRTOS.elf.dir/Drivers/STM32F4xx_HAL_Driver/Src/stm32f4xx_hal_dma.c.obj
                0x0800426c                HAL_DMA_Abort
 .text.HAL_DMA_Abort_IT
                0x08004300       0x26 CMakeFiles/FreeRTOS.elf.dir/Drivers/STM32F4xx_HAL_Driver/Src/stm32f4xx_hal_dma.c.obj
                0x08004300                HAL_DMA_Abort_IT
 *fill*         0x08004326        0x2 
 .text.HAL_DMA_IRQHandler
                0x08004328      0x1dc CMakeFiles/FreeRTOS.elf.dir/Drivers/STM32F4xx_HAL_Driver/Src/stm32f4xx_hal_dma.c.obj
                0x08004328                HAL_DMA_IRQHandler
 .text.HAL_GPIO_Init
                0x08004504      0x1ec CMakeFiles/FreeRTOS.elf.dir/Drivers/STM32F4xx_HAL_Driver/Src/stm32f4xx_hal_gpio.c.obj
                0x08004504                HAL_GPIO_Init
 .text.HAL_GPIO_WritePin
                0x080046f0        0xc CMakeFiles/FreeRTOS.elf.dir/Drivers/STM32F4xx_HAL_Driver/Src/stm32f4xx_hal_gpio.c.obj
                0x080046f0                HAL_GPIO_WritePin
 .text.HAL_GPIO_TogglePin
                0x080046fc       0x12 CMakeFiles/FreeRTOS.elf.dir/Drivers/STM32F4xx_HAL_Driver/Src/stm32f4xx_hal_gpio.c.obj
                0x080046fc                HAL_GPIO_TogglePin
 *fill*         0x0800470e        0x2 
 .text.HAL_RCC_OscConfig
                0x08004710      0x3f8 CMakeFiles/FreeRTOS.elf.dir/Drivers/STM32F4xx_HAL_Driver/Src/stm32f4xx_hal_rcc.c.obj
                0x08004710                HAL_RCC_OscConfig
 .text.HAL_RCC_GetSysClockFreq
                0x08004b08       0xa8 CMakeFiles/FreeRTOS.elf.dir/Drivers/STM32F4xx_HAL_Driver/Src/stm32f4xx_hal_rcc.c.obj
                0x08004b08                HAL_RCC_GetSysClockFreq
 .text.HAL_RCC_ClockConfig
                0x08004bb0      0x160 CMakeFiles/FreeRTOS.elf.dir/Drivers/STM32F4xx_HAL_Driver/Src/stm32f4xx_hal_rcc.c.obj
                0x08004bb0                HAL_RCC_ClockConfig
 .text.HAL_RCC_GetHCLKFreq
                0x08004d10        0xc CMakeFiles/FreeRTOS.elf.dir/Drivers/STM32F4xx_HAL_Driver/Src/stm32f4xx_hal_rcc.c.obj
                0x08004d10                HAL_RCC_GetHCLKFreq
 .text.HAL_RCC_GetPCLK1Freq
                0x08004d1c       0x20 CMakeFiles/FreeRTOS.elf.dir/Drivers/STM32F4xx_HAL_Driver/Src/stm32f4xx_hal_rcc.c.obj
                0x08004d1c                HAL_RCC_GetPCLK1Freq
 .text.HAL_RCC_GetPCLK2Freq
                0x08004d3c       0x20 CMakeFiles/FreeRTOS.elf.dir/Drivers/STM32F4xx_HAL_Driver/Src/stm32f4xx_hal_rcc.c.obj
                0x08004d3c                HAL_RCC_GetPCLK2Freq
 .text.HAL_RCC_GetClockConfig
                0x08004d5c       0x3c CMakeFiles/FreeRTOS.elf.dir/Drivers/STM32F4xx_HAL_Driver/Src/stm32f4xx_hal_rcc.c.obj
                0x08004d5c                HAL_RCC_GetClockConfig
 .text.SPI_WaitFlagStateUntilTimeout
                0x08004d98       0xc8 CMakeFiles/FreeRTOS.elf.dir/Drivers/STM32F4xx_HAL_Driver/Src/stm32f4xx_hal_spi.c.obj
 .text.SPI_EndRxTxTransaction
                0x08004e60       0x68 CMakeFiles/FreeRTOS.elf.dir/Drivers/STM32F4xx_HAL_Driver/Src/stm32f4xx_hal_spi.c.obj
 .text.HAL_SPI_Init
                0x08004ec8       0xbe CMakeFiles/FreeRTOS.elf.dir/Drivers/STM32F4xx_HAL_Driver/Src/stm32f4xx_hal_spi.c.obj
                0x08004ec8                HAL_SPI_Init
 .text.HAL_SPI_TransmitReceive
                0x08004f86      0x238 CMakeFiles/FreeRTOS.elf.dir/Drivers/STM32F4xx_HAL_Driver/Src/stm32f4xx_hal_spi.c.obj
                0x08004f86                HAL_SPI_TransmitReceive
 .text.HAL_SPI_ErrorCallback
                0x080051be        0x2 CMakeFiles/FreeRTOS.elf.dir/Drivers/STM32F4xx_HAL_Driver/Src/stm32f4xx_hal_spi.c.obj
                0x080051be                HAL_SPI_ErrorCallback
 .text.HAL_SPI_IRQHandler
                0x080051c0      0x124 CMakeFiles/FreeRTOS.elf.dir/Drivers/STM32F4xx_HAL_Driver/Src/stm32f4xx_hal_spi.c.obj
                0x080051c0                HAL_SPI_IRQHandler
 .text.SPI_DMAAbortOnError
                0x080052e4       0x10 CMakeFiles/FreeRTOS.elf.dir/Drivers/STM32F4xx_HAL_Driver/Src/stm32f4xx_hal_spi.c.obj
 .text.TIM_OC1_SetConfig
                0x080052f4       0x70 CMakeFiles/FreeRTOS.elf.dir/Drivers/STM32F4xx_HAL_Driver/Src/stm32f4xx_hal_tim.c.obj
 .text.TIM_OC3_SetConfig
                0x08005364       0x70 CMakeFiles/FreeRTOS.elf.dir/Drivers/STM32F4xx_HAL_Driver/Src/stm32f4xx_hal_tim.c.obj
 .text.TIM_OC4_SetConfig
                0x080053d4       0x50 CMakeFiles/FreeRTOS.elf.dir/Drivers/STM32F4xx_HAL_Driver/Src/stm32f4xx_hal_tim.c.obj
 .text.HAL_TIM_Base_Start_IT
                0x08005424       0x88 CMakeFiles/FreeRTOS.elf.dir/Drivers/STM32F4xx_HAL_Driver/Src/stm32f4xx_hal_tim.c.obj
                0x08005424                HAL_TIM_Base_Start_IT
 .text.HAL_TIM_PWM_MspInit
                0x080054ac        0x2 CMakeFiles/FreeRTOS.elf.dir/Drivers/STM32F4xx_HAL_Driver/Src/stm32f4xx_hal_tim.c.obj
                0x080054ac                HAL_TIM_PWM_MspInit
 .text.HAL_TIM_OC_DelayElapsedCallback
                0x080054ae        0x2 CMakeFiles/FreeRTOS.elf.dir/Drivers/STM32F4xx_HAL_Driver/Src/stm32f4xx_hal_tim.c.obj
                0x080054ae                HAL_TIM_OC_DelayElapsedCallback
 .text.HAL_TIM_IC_CaptureCallback
                0x080054b0        0x2 CMakeFiles/FreeRTOS.elf.dir/Drivers/STM32F4xx_HAL_Driver/Src/stm32f4xx_hal_tim.c.obj
                0x080054b0                HAL_TIM_IC_CaptureCallback
 .text.HAL_TIM_PWM_PulseFinishedCallback
                0x080054b2        0x2 CMakeFiles/FreeRTOS.elf.dir/Drivers/STM32F4xx_HAL_Driver/Src/stm32f4xx_hal_tim.c.obj
                0x080054b2                HAL_TIM_PWM_PulseFinishedCallback
 .text.HAL_TIM_TriggerCallback
                0x080054b4        0x2 CMakeFiles/FreeRTOS.elf.dir/Drivers/STM32F4xx_HAL_Driver/Src/stm32f4xx_hal_tim.c.obj
                0x080054b4                HAL_TIM_TriggerCallback
 .text.HAL_TIM_IRQHandler
                0x080054b6      0x17a CMakeFiles/FreeRTOS.elf.dir/Drivers/STM32F4xx_HAL_Driver/Src/stm32f4xx_hal_tim.c.obj
                0x080054b6                HAL_TIM_IRQHandler
 .text.TIM_Base_SetConfig
                0x08005630       0xc8 CMakeFiles/FreeRTOS.elf.dir/Drivers/STM32F4xx_HAL_Driver/Src/stm32f4xx_hal_tim.c.obj
                0x08005630                TIM_Base_SetConfig
 .text.HAL_TIM_Base_Init
                0x080056f8       0x58 CMakeFiles/FreeRTOS.elf.dir/Drivers/STM32F4xx_HAL_Driver/Src/stm32f4xx_hal_tim.c.obj
                0x080056f8                HAL_TIM_Base_Init
 .text.HAL_TIM_PWM_Init
                0x08005750       0x58 CMakeFiles/FreeRTOS.elf.dir/Drivers/STM32F4xx_HAL_Driver/Src/stm32f4xx_hal_tim.c.obj
                0x08005750                HAL_TIM_PWM_Init
 .text.TIM_OC2_SetConfig
                0x080057a8       0x70 CMakeFiles/FreeRTOS.elf.dir/Drivers/STM32F4xx_HAL_Driver/Src/stm32f4xx_hal_tim.c.obj
                0x080057a8                TIM_OC2_SetConfig
 .text.HAL_TIM_PWM_ConfigChannel
                0x08005818       0xdc CMakeFiles/FreeRTOS.elf.dir/Drivers/STM32F4xx_HAL_Driver/Src/stm32f4xx_hal_tim.c.obj
                0x08005818                HAL_TIM_PWM_ConfigChannel
 .text.TIM_CCxChannelCmd
                0x080058f4       0x1e CMakeFiles/FreeRTOS.elf.dir/Drivers/STM32F4xx_HAL_Driver/Src/stm32f4xx_hal_tim.c.obj
                0x080058f4                TIM_CCxChannelCmd
 *fill*         0x08005912        0x2 
 .text.HAL_TIM_PWM_Start
                0x08005914      0x104 CMakeFiles/FreeRTOS.elf.dir/Drivers/STM32F4xx_HAL_Driver/Src/stm32f4xx_hal_tim.c.obj
                0x08005914                HAL_TIM_PWM_Start
 .text.HAL_TIMEx_CommutCallback
                0x08005a18        0x2 CMakeFiles/FreeRTOS.elf.dir/Drivers/STM32F4xx_HAL_Driver/Src/stm32f4xx_hal_tim_ex.c.obj
                0x08005a18                HAL_TIMEx_CommutCallback
 .text.HAL_TIMEx_BreakCallback
                0x08005a1a        0x2 CMakeFiles/FreeRTOS.elf.dir/Drivers/STM32F4xx_HAL_Driver/Src/stm32f4xx_hal_tim_ex.c.obj
                0x08005a1a                HAL_TIMEx_BreakCallback
 .text.UART_EndRxTransfer
                0x08005a1c       0x5c CMakeFiles/FreeRTOS.elf.dir/Drivers/STM32F4xx_HAL_Driver/Src/stm32f4xx_hal_uart.c.obj
 .text.UART_Transmit_IT
                0x08005a78       0x60 CMakeFiles/FreeRTOS.elf.dir/Drivers/STM32F4xx_HAL_Driver/Src/stm32f4xx_hal_uart.c.obj
 .text.UART_SetConfig
                0x08005ad8      0x110 CMakeFiles/FreeRTOS.elf.dir/Drivers/STM32F4xx_HAL_Driver/Src/stm32f4xx_hal_uart.c.obj
 .text.HAL_UART_Init
                0x08005be8       0x5e CMakeFiles/FreeRTOS.elf.dir/Drivers/STM32F4xx_HAL_Driver/Src/stm32f4xx_hal_uart.c.obj
                0x08005be8                HAL_UART_Init
 .text.HAL_UART_TxCpltCallback
                0x08005c46        0x2 CMakeFiles/FreeRTOS.elf.dir/Drivers/STM32F4xx_HAL_Driver/Src/stm32f4xx_hal_uart.c.obj
                0x08005c46                HAL_UART_TxCpltCallback
 .text.UART_EndTransmit_IT
                0x08005c48       0x1a CMakeFiles/FreeRTOS.elf.dir/Drivers/STM32F4xx_HAL_Driver/Src/stm32f4xx_hal_uart.c.obj
 .text.HAL_UART_RxCpltCallback
                0x08005c62        0x2 CMakeFiles/FreeRTOS.elf.dir/Drivers/STM32F4xx_HAL_Driver/Src/stm32f4xx_hal_uart.c.obj
                0x08005c62                HAL_UART_RxCpltCallback
 .text.HAL_UART_ErrorCallback
                0x08005c64        0x2 CMakeFiles/FreeRTOS.elf.dir/Drivers/STM32F4xx_HAL_Driver/Src/stm32f4xx_hal_uart.c.obj
                0x08005c64                HAL_UART_ErrorCallback
 .text.UART_DMAAbortOnError
                0x08005c66       0x10 CMakeFiles/FreeRTOS.elf.dir/Drivers/STM32F4xx_HAL_Driver/Src/stm32f4xx_hal_uart.c.obj
 .text.HAL_UARTEx_RxEventCallback
                0x08005c76        0x2 CMakeFiles/FreeRTOS.elf.dir/Drivers/STM32F4xx_HAL_Driver/Src/stm32f4xx_hal_uart.c.obj
                0x08005c76                HAL_UARTEx_RxEventCallback
 .text.UART_Receive_IT
                0x08005c78       0xe2 CMakeFiles/FreeRTOS.elf.dir/Drivers/STM32F4xx_HAL_Driver/Src/stm32f4xx_hal_uart.c.obj
 *fill*         0x08005d5a        0x2 
 .text.HAL_UART_IRQHandler
                0x08005d5c      0x27c CMakeFiles/FreeRTOS.elf.dir/Drivers/STM32F4xx_HAL_Driver/Src/stm32f4xx_hal_uart.c.obj
                0x08005d5c                HAL_UART_IRQHandler
 .text.SysTick_Handler
                0x08005fd8       0x18 CMakeFiles/FreeRTOS.elf.dir/Middlewares/Third_Party/FreeRTOS/Source/CMSIS_RTOS_V2/cmsis_os2.c.obj
                0x08005fd8                SysTick_Handler
 .text.osKernelInitialize
                0x08005ff0       0x24 CMakeFiles/FreeRTOS.elf.dir/Middlewares/Third_Party/FreeRTOS/Source/CMSIS_RTOS_V2/cmsis_os2.c.obj
                0x08005ff0                osKernelInitialize
 .text.osKernelStart
                0x08006014       0x38 CMakeFiles/FreeRTOS.elf.dir/Middlewares/Third_Party/FreeRTOS/Source/CMSIS_RTOS_V2/cmsis_os2.c.obj
                0x08006014                osKernelStart
 .text.osThreadNew
                0x0800604c       0xbe CMakeFiles/FreeRTOS.elf.dir/Middlewares/Third_Party/FreeRTOS/Source/CMSIS_RTOS_V2/cmsis_os2.c.obj
                0x0800604c                osThreadNew
 .text.osDelay  0x0800610a       0x1c CMakeFiles/FreeRTOS.elf.dir/Middlewares/Third_Party/FreeRTOS/Source/CMSIS_RTOS_V2/cmsis_os2.c.obj
                0x0800610a                osDelay
 *fill*         0x08006126        0x2 
 .text.vApplicationGetIdleTaskMemory
                0x08006128       0x18 CMakeFiles/FreeRTOS.elf.dir/Middlewares/Third_Party/FreeRTOS/Source/CMSIS_RTOS_V2/cmsis_os2.c.obj
                0x08006128                vApplicationGetIdleTaskMemory
 .text.vApplicationGetTimerTaskMemory
                0x08006140       0x18 CMakeFiles/FreeRTOS.elf.dir/Middlewares/Third_Party/FreeRTOS/Source/CMSIS_RTOS_V2/cmsis_os2.c.obj
                0x08006140                vApplicationGetTimerTaskMemory
 .text.vListInitialise
                0x08006158       0x16 CMakeFiles/FreeRTOS.elf.dir/Middlewares/Third_Party/FreeRTOS/Source/list.c.obj
                0x08006158                vListInitialise
 .text.vListInitialiseItem
                0x0800616e        0x6 CMakeFiles/FreeRTOS.elf.dir/Middlewares/Third_Party/FreeRTOS/Source/list.c.obj
                0x0800616e                vListInitialiseItem
 .text.vListInsertEnd
                0x08006174       0x16 CMakeFiles/FreeRTOS.elf.dir/Middlewares/Third_Party/FreeRTOS/Source/list.c.obj
                0x08006174                vListInsertEnd
 .text.vListInsert
                0x0800618a       0x32 CMakeFiles/FreeRTOS.elf.dir/Middlewares/Third_Party/FreeRTOS/Source/list.c.obj
                0x0800618a                vListInsert
 .text.uxListRemove
                0x080061bc       0x26 CMakeFiles/FreeRTOS.elf.dir/Middlewares/Third_Party/FreeRTOS/Source/list.c.obj
                0x080061bc                uxListRemove
 *fill*         0x080061e2        0x2 
 .text.prvTaskExitError
                0x080061e4       0x40 CMakeFiles/FreeRTOS.elf.dir/Middlewares/Third_Party/FreeRTOS/Source/portable/GCC/ARM_CM4F/port.c.obj
 .text.prvPortStartFirstTask
                0x08006224       0x28 CMakeFiles/FreeRTOS.elf.dir/Middlewares/Third_Party/FreeRTOS/Source/portable/GCC/ARM_CM4F/port.c.obj
 .text.vPortEnableVFP
                0x0800624c       0x14 CMakeFiles/FreeRTOS.elf.dir/Middlewares/Third_Party/FreeRTOS/Source/portable/GCC/ARM_CM4F/port.c.obj
 .text.pxPortInitialiseStack
                0x08006260       0x2c CMakeFiles/FreeRTOS.elf.dir/Middlewares/Third_Party/FreeRTOS/Source/portable/GCC/ARM_CM4F/port.c.obj
                0x08006260                pxPortInitialiseStack
 *fill*         0x0800628c        0x4 
 .text.SVC_Handler
                0x08006290       0x24 CMakeFiles/FreeRTOS.elf.dir/Middlewares/Third_Party/FreeRTOS/Source/portable/GCC/ARM_CM4F/port.c.obj
                0x08006290                SVC_Handler
 .text.vPortEnterCritical
                0x080062b4       0x44 CMakeFiles/FreeRTOS.elf.dir/Middlewares/Third_Party/FreeRTOS/Source/portable/GCC/ARM_CM4F/port.c.obj
                0x080062b4                vPortEnterCritical
 .text.vPortExitCritical
                0x080062f8       0x2c CMakeFiles/FreeRTOS.elf.dir/Middlewares/Third_Party/FreeRTOS/Source/portable/GCC/ARM_CM4F/port.c.obj
                0x080062f8                vPortExitCritical
 *fill*         0x08006324        0xc 
 .text.PendSV_Handler
                0x08006330       0x64 CMakeFiles/FreeRTOS.elf.dir/Middlewares/Third_Party/FreeRTOS/Source/portable/GCC/ARM_CM4F/port.c.obj
                0x08006330                PendSV_Handler
 .text.xPortSysTickHandler
                0x08006394       0x2c CMakeFiles/FreeRTOS.elf.dir/Middlewares/Third_Party/FreeRTOS/Source/portable/GCC/ARM_CM4F/port.c.obj
                0x08006394                xPortSysTickHandler
 .text.vPortSetupTimerInterrupt
                0x080063c0       0x28 CMakeFiles/FreeRTOS.elf.dir/Middlewares/Third_Party/FreeRTOS/Source/portable/GCC/ARM_CM4F/port.c.obj
                0x080063c0                vPortSetupTimerInterrupt
 .text.xPortStartScheduler
                0x080063e8      0x118 CMakeFiles/FreeRTOS.elf.dir/Middlewares/Third_Party/FreeRTOS/Source/portable/GCC/ARM_CM4F/port.c.obj
                0x080063e8                xPortStartScheduler
 .text.vPortValidateInterruptPriority
                0x08006500       0x5c CMakeFiles/FreeRTOS.elf.dir/Middlewares/Third_Party/FreeRTOS/Source/portable/GCC/ARM_CM4F/port.c.obj
                0x08006500                vPortValidateInterruptPriority
 .text.prvHeapInit
                0x0800655c       0x64 CMakeFiles/FreeRTOS.elf.dir/Middlewares/Third_Party/FreeRTOS/Source/portable/MemMang/heap_4.c.obj
 .text.prvInsertBlockIntoFreeList
                0x080065c0       0x64 CMakeFiles/FreeRTOS.elf.dir/Middlewares/Third_Party/FreeRTOS/Source/portable/MemMang/heap_4.c.obj
 .text.pvPortMalloc
                0x08006624      0x104 CMakeFiles/FreeRTOS.elf.dir/Middlewares/Third_Party/FreeRTOS/Source/portable/MemMang/heap_4.c.obj
                0x08006624                pvPortMalloc
 .text.vPortFree
                0x08006728       0x7c CMakeFiles/FreeRTOS.elf.dir/Middlewares/Third_Party/FreeRTOS/Source/portable/MemMang/heap_4.c.obj
                0x08006728                vPortFree
 .text.prvIsQueueFull
                0x080067a4       0x1e CMakeFiles/FreeRTOS.elf.dir/Middlewares/Third_Party/FreeRTOS/Source/queue.c.obj
 .text.prvIsQueueEmpty
                0x080067c2       0x1a CMakeFiles/FreeRTOS.elf.dir/Middlewares/Third_Party/FreeRTOS/Source/queue.c.obj
 .text.prvCopyDataToQueue
                0x080067dc       0x76 CMakeFiles/FreeRTOS.elf.dir/Middlewares/Third_Party/FreeRTOS/Source/queue.c.obj
 .text.prvCopyDataFromQueue
                0x08006852       0x24 CMakeFiles/FreeRTOS.elf.dir/Middlewares/Third_Party/FreeRTOS/Source/queue.c.obj
 .text.prvUnlockQueue
                0x08006876       0x6e CMakeFiles/FreeRTOS.elf.dir/Middlewares/Third_Party/FreeRTOS/Source/queue.c.obj
 .text.xQueueGenericReset
                0x080068e4       0x84 CMakeFiles/FreeRTOS.elf.dir/Middlewares/Third_Party/FreeRTOS/Source/queue.c.obj
                0x080068e4                xQueueGenericReset
 .text.prvInitialiseNewQueue
                0x08006968       0x22 CMakeFiles/FreeRTOS.elf.dir/Middlewares/Third_Party/FreeRTOS/Source/queue.c.obj
 .text.xQueueGenericCreateStatic
                0x0800698a       0x94 CMakeFiles/FreeRTOS.elf.dir/Middlewares/Third_Party/FreeRTOS/Source/queue.c.obj
                0x0800698a                xQueueGenericCreateStatic
 .text.xQueueGenericSend
                0x08006a1e      0x188 CMakeFiles/FreeRTOS.elf.dir/Middlewares/Third_Party/FreeRTOS/Source/queue.c.obj
                0x08006a1e                xQueueGenericSend
 .text.xQueueGenericSendFromISR
                0x08006ba6       0xce CMakeFiles/FreeRTOS.elf.dir/Middlewares/Third_Party/FreeRTOS/Source/queue.c.obj
                0x08006ba6                xQueueGenericSendFromISR
 .text.xQueueReceive
                0x08006c74      0x15e CMakeFiles/FreeRTOS.elf.dir/Middlewares/Third_Party/FreeRTOS/Source/queue.c.obj
                0x08006c74                xQueueReceive
 *fill*         0x08006dd2        0x2 
 .text.vQueueAddToRegistry
                0x08006dd4       0x28 CMakeFiles/FreeRTOS.elf.dir/Middlewares/Third_Party/FreeRTOS/Source/queue.c.obj
                0x08006dd4                vQueueAddToRegistry
 .text.vQueueWaitForMessageRestricted
                0x08006dfc       0x52 CMakeFiles/FreeRTOS.elf.dir/Middlewares/Third_Party/FreeRTOS/Source/queue.c.obj
                0x08006dfc                vQueueWaitForMessageRestricted
 *fill*         0x08006e4e        0x2 
 .text.prvResetNextTaskUnblockTime
                0x08006e50       0x2c CMakeFiles/FreeRTOS.elf.dir/Middlewares/Third_Party/FreeRTOS/Source/tasks.c.obj
 .text.prvInitialiseNewTask
                0x08006e7c      0x104 CMakeFiles/FreeRTOS.elf.dir/Middlewares/Third_Party/FreeRTOS/Source/tasks.c.obj
 .text.prvInitialiseTaskLists
                0x08006f80       0x68 CMakeFiles/FreeRTOS.elf.dir/Middlewares/Third_Party/FreeRTOS/Source/tasks.c.obj
 .text.prvAddNewTaskToReadyList
                0x08006fe8       0xac CMakeFiles/FreeRTOS.elf.dir/Middlewares/Third_Party/FreeRTOS/Source/tasks.c.obj
 .text.prvDeleteTCB
                0x08007094       0x40 CMakeFiles/FreeRTOS.elf.dir/Middlewares/Third_Party/FreeRTOS/Source/tasks.c.obj
 .text.prvCheckTasksWaitingTermination
                0x080070d4       0x4c CMakeFiles/FreeRTOS.elf.dir/Middlewares/Third_Party/FreeRTOS/Source/tasks.c.obj
 .text.prvIdleTask
                0x08007120       0x28 CMakeFiles/FreeRTOS.elf.dir/Middlewares/Third_Party/FreeRTOS/Source/tasks.c.obj
 .text.prvAddCurrentTaskToDelayedList
                0x08007148       0x7c CMakeFiles/FreeRTOS.elf.dir/Middlewares/Third_Party/FreeRTOS/Source/tasks.c.obj
 .text.xTaskCreateStatic
                0x080071c4       0x7a CMakeFiles/FreeRTOS.elf.dir/Middlewares/Third_Party/FreeRTOS/Source/tasks.c.obj
                0x080071c4                xTaskCreateStatic
 .text.xTaskCreate
                0x0800723e       0x66 CMakeFiles/FreeRTOS.elf.dir/Middlewares/Third_Party/FreeRTOS/Source/tasks.c.obj
                0x0800723e                xTaskCreate
 .text.vTaskStartScheduler
                0x080072a4       0xac CMakeFiles/FreeRTOS.elf.dir/Middlewares/Third_Party/FreeRTOS/Source/tasks.c.obj
                0x080072a4                vTaskStartScheduler
 .text.vTaskSuspendAll
                0x08007350       0x10 CMakeFiles/FreeRTOS.elf.dir/Middlewares/Third_Party/FreeRTOS/Source/tasks.c.obj
                0x08007350                vTaskSuspendAll
 .text.xTaskGetTickCount
                0x08007360        0xc CMakeFiles/FreeRTOS.elf.dir/Middlewares/Third_Party/FreeRTOS/Source/tasks.c.obj
                0x08007360                xTaskGetTickCount
 .text.xTaskIncrementTick
                0x0800736c      0x118 CMakeFiles/FreeRTOS.elf.dir/Middlewares/Third_Party/FreeRTOS/Source/tasks.c.obj
                0x0800736c                xTaskIncrementTick
 .text.xTaskResumeAll
                0x08007484       0xf8 CMakeFiles/FreeRTOS.elf.dir/Middlewares/Third_Party/FreeRTOS/Source/tasks.c.obj
                0x08007484                xTaskResumeAll
 .text.vTaskDelay
                0x0800757c       0x4c CMakeFiles/FreeRTOS.elf.dir/Middlewares/Third_Party/FreeRTOS/Source/tasks.c.obj
                0x0800757c                vTaskDelay
 .text.vTaskSwitchContext
                0x080075c8       0xa4 CMakeFiles/FreeRTOS.elf.dir/Middlewares/Third_Party/FreeRTOS/Source/tasks.c.obj
                0x080075c8                vTaskSwitchContext
 .text.vTaskPlaceOnEventList
                0x0800766c       0x30 CMakeFiles/FreeRTOS.elf.dir/Middlewares/Third_Party/FreeRTOS/Source/tasks.c.obj
                0x0800766c                vTaskPlaceOnEventList
 .text.vTaskPlaceOnEventListRestricted
                0x0800769c       0x38 CMakeFiles/FreeRTOS.elf.dir/Middlewares/Third_Party/FreeRTOS/Source/tasks.c.obj
                0x0800769c                vTaskPlaceOnEventListRestricted
 .text.xTaskRemoveFromEventList
                0x080076d4       0x8c CMakeFiles/FreeRTOS.elf.dir/Middlewares/Third_Party/FreeRTOS/Source/tasks.c.obj
                0x080076d4                xTaskRemoveFromEventList
 .text.vTaskInternalSetTimeOutState
                0x08007760       0x18 CMakeFiles/FreeRTOS.elf.dir/Middlewares/Third_Party/FreeRTOS/Source/tasks.c.obj
                0x08007760                vTaskInternalSetTimeOutState
 .text.xTaskCheckForTimeOut
                0x08007778       0x84 CMakeFiles/FreeRTOS.elf.dir/Middlewares/Third_Party/FreeRTOS/Source/tasks.c.obj
                0x08007778                xTaskCheckForTimeOut
 .text.vTaskMissedYield
                0x080077fc        0xc CMakeFiles/FreeRTOS.elf.dir/Middlewares/Third_Party/FreeRTOS/Source/tasks.c.obj
                0x080077fc                vTaskMissedYield
 .text.xTaskGetSchedulerState
                0x08007808       0x20 CMakeFiles/FreeRTOS.elf.dir/Middlewares/Third_Party/FreeRTOS/Source/tasks.c.obj
                0x08007808                xTaskGetSchedulerState
 .text.xTaskPriorityDisinherit
                0x08007828       0x90 CMakeFiles/FreeRTOS.elf.dir/Middlewares/Third_Party/FreeRTOS/Source/tasks.c.obj
                0x08007828                xTaskPriorityDisinherit
 .text.prvGetNextExpireTime
                0x080078b8       0x20 CMakeFiles/FreeRTOS.elf.dir/Middlewares/Third_Party/FreeRTOS/Source/timers.c.obj
 .text.prvInsertTimerInActiveList
                0x080078d8       0x48 CMakeFiles/FreeRTOS.elf.dir/Middlewares/Third_Party/FreeRTOS/Source/timers.c.obj
 .text.prvCheckForValidListAndQueue
                0x08007920       0x70 CMakeFiles/FreeRTOS.elf.dir/Middlewares/Third_Party/FreeRTOS/Source/timers.c.obj
 .text.xTimerCreateTimerTask
                0x08007990       0x64 CMakeFiles/FreeRTOS.elf.dir/Middlewares/Third_Party/FreeRTOS/Source/timers.c.obj
                0x08007990                xTimerCreateTimerTask
 .text.xTimerGenericCommand
                0x080079f4       0x6c CMakeFiles/FreeRTOS.elf.dir/Middlewares/Third_Party/FreeRTOS/Source/timers.c.obj
                0x080079f4                xTimerGenericCommand
 .text.prvSwitchTimerLists
                0x08007a60       0x7c CMakeFiles/FreeRTOS.elf.dir/Middlewares/Third_Party/FreeRTOS/Source/timers.c.obj
 .text.prvSampleTimeNow
                0x08007adc       0x2c CMakeFiles/FreeRTOS.elf.dir/Middlewares/Third_Party/FreeRTOS/Source/timers.c.obj
 .text.prvProcessExpiredTimer
                0x08007b08       0x6c CMakeFiles/FreeRTOS.elf.dir/Middlewares/Third_Party/FreeRTOS/Source/timers.c.obj
 .text.prvProcessTimerOrBlockTask
                0x08007b74       0x74 CMakeFiles/FreeRTOS.elf.dir/Middlewares/Third_Party/FreeRTOS/Source/timers.c.obj
 .text.prvProcessReceivedCommands
                0x08007be8      0x10c CMakeFiles/FreeRTOS.elf.dir/Middlewares/Third_Party/FreeRTOS/Source/timers.c.obj
 .text.prvTimerTask
                0x08007cf4       0x16 CMakeFiles/FreeRTOS.elf.dir/Middlewares/Third_Party/FreeRTOS/Source/timers.c.obj
 *fill*         0x08007d0a        0x2 
 .text.LEDg_Task
                0x08007d0c       0x14 CMakeFiles/FreeRTOS.elf.dir/Task/Src/LEDg_task.c.obj
                0x08007d0c                LEDg_Task
 .text.LEDr_Task
                0x08007d20       0x14 CMakeFiles/FreeRTOS.elf.dir/Task/Src/LEDr_task.c.obj
                0x08007d20                LEDr_Task
 .text.IMU_Param_Correction
                0x08007d34      0x2c8 CMakeFiles/FreeRTOS.elf.dir/Task/Src/imu_task.c.obj
 .text.IMU_Init
                0x08007ffc       0xb4 CMakeFiles/FreeRTOS.elf.dir/Task/Src/imu_task.c.obj
                0x08007ffc                IMU_Init
 .text.BodyFrameToEarthFrame
                0x080080b0      0x126 CMakeFiles/FreeRTOS.elf.dir/Task/Src/imu_task.c.obj
                0x080080b0                BodyFrameToEarthFrame
 .text.EarthFrameToBodyFrame
                0x080081d6      0x126 CMakeFiles/FreeRTOS.elf.dir/Task/Src/imu_task.c.obj
                0x080081d6                EarthFrameToBodyFrame
 .text.IMU_Temperature_Ctrl
                0x080082fc       0x60 CMakeFiles/FreeRTOS.elf.dir/Task/Src/imu_task.c.obj
                0x080082fc                IMU_Temperature_Ctrl
 .text.IMU_Task
                0x0800835c      0x1cc CMakeFiles/FreeRTOS.elf.dir/Task/Src/imu_task.c.obj
                0x0800835c                IMU_Task
 .text.__udivmoddi4
                0x08008528      0x2bc E:/gcc-arm-none-eabi-10.3-2021.10/bin/../lib/gcc/arm-none-eabi/13.3.1/thumb/v7e-m+fp/hard\libgcc.a(_udivmoddi4.o)
                0x08008528                __udivmoddi4
 .text.malloc   0x080087e4       0x10 E:/gcc-arm-none-eabi-10.3-2021.10/bin/../lib/gcc/arm-none-eabi/13.3.1/thumb/v7e-m+fp/hard\libg.a(libc_a-malloc.o)
                0x080087e4                malloc
 .text._malloc_r
                0x080087f4      0x564 E:/gcc-arm-none-eabi-10.3-2021.10/bin/../lib/gcc/arm-none-eabi/13.3.1/thumb/v7e-m+fp/hard\libg.a(libc_a-mallocr.o)
                0x080087f4                _malloc_r
 .text.__malloc_lock
                0x08008d58        0xc E:/gcc-arm-none-eabi-10.3-2021.10/bin/../lib/gcc/arm-none-eabi/13.3.1/thumb/v7e-m+fp/hard\libg.a(libc_a-mlock.o)
                0x08008d58                __malloc_lock
 .text.__malloc_unlock
                0x08008d64        0xc E:/gcc-arm-none-eabi-10.3-2021.10/bin/../lib/gcc/arm-none-eabi/13.3.1/thumb/v7e-m+fp/hard\libg.a(libc_a-mlock.o)
                0x08008d64                __malloc_unlock
 .text.memset   0x08008d70       0xa4 E:/gcc-arm-none-eabi-10.3-2021.10/bin/../lib/gcc/arm-none-eabi/13.3.1/thumb/v7e-m+fp/hard\libg.a(libc_a-memset.o)
                0x08008d70                memset
 .text._reclaim_reent
                0x08008e14       0x6c E:/gcc-arm-none-eabi-10.3-2021.10/bin/../lib/gcc/arm-none-eabi/13.3.1/thumb/v7e-m+fp/hard\libg.a(libc_a-reent.o)
                0x08008e14                _reclaim_reent
 .text._sbrk_r  0x08008e80       0x24 E:/gcc-arm-none-eabi-10.3-2021.10/bin/../lib/gcc/arm-none-eabi/13.3.1/thumb/v7e-m+fp/hard\libg.a(libc_a-sbrkr.o)
                0x08008e80                _sbrk_r
 .text.__errno  0x08008ea4        0xc E:/gcc-arm-none-eabi-10.3-2021.10/bin/../lib/gcc/arm-none-eabi/13.3.1/thumb/v7e-m+fp/hard\libg.a(libc_a-errno.o)
                0x08008ea4                __errno
 .text.__libc_init_array
                0x08008eb0       0x50 E:/gcc-arm-none-eabi-10.3-2021.10/bin/../lib/gcc/arm-none-eabi/13.3.1/thumb/v7e-m+fp/hard\libg.a(libc_a-init.o)
                0x08008eb0                __libc_init_array
 .text.__retarget_lock_acquire_recursive
                0x08008f00        0x4 E:/gcc-arm-none-eabi-10.3-2021.10/bin/../lib/gcc/arm-none-eabi/13.3.1/thumb/v7e-m+fp/hard\libg.a(libc_a-lock.o)
                0x08008f00                __retarget_lock_acquire_recursive
 .text.__retarget_lock_release_recursive
                0x08008f04        0x4 E:/gcc-arm-none-eabi-10.3-2021.10/bin/../lib/gcc/arm-none-eabi/13.3.1/thumb/v7e-m+fp/hard\libg.a(libc_a-lock.o)
                0x08008f04                __retarget_lock_release_recursive
 .text.sysconf  0x08008f08       0x1c E:/gcc-arm-none-eabi-10.3-2021.10/bin/../lib/gcc/arm-none-eabi/13.3.1/thumb/v7e-m+fp/hard\libg.a(libc_a-sysconf.o)
                0x08008f08                sysconf
 .text.startup.register_fini
                0x08008f24       0x14 E:/gcc-arm-none-eabi-10.3-2021.10/bin/../lib/gcc/arm-none-eabi/13.3.1/thumb/v7e-m+fp/hard\libg.a(libc_a-__call_atexit.o)
 .text.atexit   0x08008f38        0xc E:/gcc-arm-none-eabi-10.3-2021.10/bin/../lib/gcc/arm-none-eabi/13.3.1/thumb/v7e-m+fp/hard\libg.a(libc_a-atexit.o)
                0x08008f38                atexit
 .text._malloc_trim_r
                0x08008f44       0xb8 E:/gcc-arm-none-eabi-10.3-2021.10/bin/../lib/gcc/arm-none-eabi/13.3.1/thumb/v7e-m+fp/hard\libg.a(libc_a-freer.o)
                0x08008f44                _malloc_trim_r
 .text._free_r  0x08008ffc      0x1f8 E:/gcc-arm-none-eabi-10.3-2021.10/bin/../lib/gcc/arm-none-eabi/13.3.1/thumb/v7e-m+fp/hard\libg.a(libc_a-freer.o)
                0x08008ffc                _free_r
 .text.__libc_fini_array
                0x080091f4       0x28 E:/gcc-arm-none-eabi-10.3-2021.10/bin/../lib/gcc/arm-none-eabi/13.3.1/thumb/v7e-m+fp/hard\libg.a(libc_a-fini.o)
                0x080091f4                __libc_fini_array
 .text.__register_exitproc
                0x0800921c       0x80 E:/gcc-arm-none-eabi-10.3-2021.10/bin/../lib/gcc/arm-none-eabi/13.3.1/thumb/v7e-m+fp/hard\libg.a(libc_a-__atexit.o)
                0x0800921c                __register_exitproc
 .text.acosf    0x0800929c       0x58 E:/gcc-arm-none-eabi-10.3-2021.10/bin/../lib/gcc/arm-none-eabi/13.3.1/thumb/v7e-m+fp/hard\libm.a(libm_a-wf_acos.o)
                0x0800929c                acosf
 .text.asinf    0x080092f4       0x58 E:/gcc-arm-none-eabi-10.3-2021.10/bin/../lib/gcc/arm-none-eabi/13.3.1/thumb/v7e-m+fp/hard\libm.a(libm_a-wf_asin.o)
                0x080092f4                asinf
 .text.atan2f   0x0800934c        0x4 E:/gcc-arm-none-eabi-10.3-2021.10/bin/../lib/gcc/arm-none-eabi/13.3.1/thumb/v7e-m+fp/hard\libm.a(libm_a-wf_atan2.o)
                0x0800934c                atan2f
 .text.sqrtf    0x08009350       0x44 E:/gcc-arm-none-eabi-10.3-2021.10/bin/../lib/gcc/arm-none-eabi/13.3.1/thumb/v7e-m+fp/hard\libm.a(libm_a-wf_sqrt.o)
                0x08009350                sqrtf
 .text.fabsf    0x08009394       0x10 E:/gcc-arm-none-eabi-10.3-2021.10/bin/../lib/gcc/arm-none-eabi/13.3.1/thumb/v7e-m+fp/hard\libm.a(libm_a-sf_fabs.o)
                0x08009394                fabsf
 .text.nanf     0x080093a4        0xc E:/gcc-arm-none-eabi-10.3-2021.10/bin/../lib/gcc/arm-none-eabi/13.3.1/thumb/v7e-m+fp/hard\libm.a(libm_a-sf_nan.o)
                0x080093a4                nanf
 .text.__ieee754_sqrtf
                0x080093b0        0x8 E:/gcc-arm-none-eabi-10.3-2021.10/bin/../lib/gcc/arm-none-eabi/13.3.1/thumb/v7e-m+fp/hard\libm.a(libm_a-ef_sqrt.o)
                0x080093b0                __ieee754_sqrtf
 .text.__ieee754_acosf
                0x080093b8      0x244 E:/gcc-arm-none-eabi-10.3-2021.10/bin/../lib/gcc/arm-none-eabi/13.3.1/thumb/v7e-m+fp/hard\libm.a(libm_a-ef_acos.o)
                0x080093b8                __ieee754_acosf
 .text.__ieee754_asinf
                0x080095fc      0x1f8 E:/gcc-arm-none-eabi-10.3-2021.10/bin/../lib/gcc/arm-none-eabi/13.3.1/thumb/v7e-m+fp/hard\libm.a(libm_a-ef_asin.o)
                0x080095fc                __ieee754_asinf
 .text.__ieee754_atan2f
                0x080097f4      0x150 E:/gcc-arm-none-eabi-10.3-2021.10/bin/../lib/gcc/arm-none-eabi/13.3.1/thumb/v7e-m+fp/hard\libm.a(libm_a-ef_atan2.o)
                0x080097f4                __ieee754_atan2f
 .text.atanf    0x08009944      0x1ac E:/gcc-arm-none-eabi-10.3-2021.10/bin/../lib/gcc/arm-none-eabi/13.3.1/thumb/v7e-m+fp/hard\libm.a(libm_a-sf_atan.o)
                0x08009944                atanf
 *(.glue_7)
 .glue_7        0x08009af0        0x0 linker stubs
 *(.glue_7t)
 .glue_7t       0x08009af0        0x0 linker stubs
 *(.eh_frame)
 .eh_frame      0x08009af0        0x0 E:/gcc-arm-none-eabi-10.3-2021.10/bin/../lib/gcc/arm-none-eabi/13.3.1/thumb/v7e-m+fp/hard/crtbegin.o
 *(.init)
 .init          0x08009af0        0x4 E:/gcc-arm-none-eabi-10.3-2021.10/bin/../lib/gcc/arm-none-eabi/13.3.1/thumb/v7e-m+fp/hard/crti.o
                0x08009af0                _init
 .init          0x08009af4        0x8 E:/gcc-arm-none-eabi-10.3-2021.10/bin/../lib/gcc/arm-none-eabi/13.3.1/thumb/v7e-m+fp/hard/crtn.o
 *(.fini)
 .fini          0x08009afc        0x4 E:/gcc-arm-none-eabi-10.3-2021.10/bin/../lib/gcc/arm-none-eabi/13.3.1/thumb/v7e-m+fp/hard/crti.o
                0x08009afc                _fini
 .fini          0x08009b00        0x8 E:/gcc-arm-none-eabi-10.3-2021.10/bin/../lib/gcc/arm-none-eabi/13.3.1/thumb/v7e-m+fp/hard/crtn.o
                0x08009b08                        . = ALIGN (0x4)
                0x08009b08                        _etext = .

.vfp11_veneer   0x08009b08        0x0
 .vfp11_veneer  0x08009b08        0x0 linker stubs

.v4_bx          0x08009b08        0x0
 .v4_bx         0x08009b08        0x0 linker stubs

.iplt           0x08009b08        0x0
 .iplt          0x08009b08        0x0 E:/gcc-arm-none-eabi-10.3-2021.10/bin/../lib/gcc/arm-none-eabi/13.3.1/thumb/v7e-m+fp/hard/crtbegin.o

.rodata         0x08009b08      0xa1c
                0x08009b08                        . = ALIGN (0x4)
 *(.rodata)
 *(.rodata*)
 .rodata.str1.4
                0x08009b08       0x54 CMakeFiles/FreeRTOS.elf.dir/Core/Src/freertos.c.obj
                                 0x3c (size before relaxing)
 .rodata.START_IMU_TASK_attributes
                0x08009b5c       0x24 CMakeFiles/FreeRTOS.elf.dir/Core/Src/freertos.c.obj
                0x08009b5c                START_IMU_TASK_attributes
 .rodata.START_LEDG_TASK_attributes
                0x08009b80       0x24 CMakeFiles/FreeRTOS.elf.dir/Core/Src/freertos.c.obj
                0x08009b80                START_LEDG_TASK_attributes
 .rodata.START_LEDR_TASK_attributes